Component: ARM Compiler 5.06 update 6 (build 750) Tool: armlink [4d35ed]

==============================================================================

Section Cross References

    leds.o(i.init_RGB_LEDs) refers to leds.o(i.control_RGB_LEDs) for control_RGB_LEDs
    main.o(i.main) refers to leds.o(i.init_RGB_LEDs) for init_RGB_LEDs
    main.o(i.main) refers to leds.o(i.control_RGB_LEDs) for control_RGB_LEDs
    main.o(i.main) refers to tpm_functions.o(i.init_motor_TPM0) for init_motor_TPM0
    main.o(i.main) refers to switches.o(i.init_switch) for init_switch
    tpm_functions.o(i.TPM0_IRQHandler) refers to leds.o(i.control_RGB_LEDs) for control_RGB_LEDs
    motor_functions.o(i.go_Forward) refers to motor_functions.o(i.right_wheel_forward) for right_wheel_forward
    motor_functions.o(i.go_Forward) refers to motor_functions.o(i.left_wheel_forward) for left_wheel_forward
    motor_functions.o(i.left_wheel_forward) refers to leds.o(i.control_RGB_LEDs) for control_RGB_LEDs
    motor_functions.o(i.left_wheel_stop) refers to leds.o(i.toggle_RGB_LEDs) for toggle_RGB_LEDs
    motor_functions.o(i.right_wheel_forward) refers to leds.o(i.control_RGB_LEDs) for control_RGB_LEDs
    motor_functions.o(i.right_wheel_stop) refers to leds.o(i.toggle_RGB_LEDs) for toggle_RGB_LEDs
    motor_functions.o(i.stop) refers to motor_functions.o(i.right_wheel_stop) for right_wheel_stop
    motor_functions.o(i.stop) refers to lcd_lib_4bit_20b.o(i.delayMs) for delayMs
    motor_functions.o(i.stop) refers to motor_functions.o(i.left_wheel_stop) for left_wheel_stop
    motor_functions.o(i.turn_Left) refers to motor_functions.o(i.right_wheel_forward) for right_wheel_forward
    motor_functions.o(i.turn_Left) refers to motor_functions.o(i.left_wheel_stop) for left_wheel_stop
    motor_functions.o(i.turn_Right) refers to motor_functions.o(i.right_wheel_stop) for right_wheel_stop
    motor_functions.o(i.turn_Right) refers to motor_functions.o(i.left_wheel_forward) for left_wheel_forward
    switches.o(i.PORTA_IRQHandler) refers to switches.o(i.__NVIC_ClearPendingIRQ) for __NVIC_ClearPendingIRQ
    switches.o(i.PORTA_IRQHandler) refers to lcd_lib_4bit_20b.o(i.delayMs) for delayMs
    switches.o(i.PORTA_IRQHandler) refers to motor_functions.o(i.go_Forward) for go_Forward
    switches.o(i.PORTA_IRQHandler) refers to motor_functions.o(i.turn_Left) for turn_Left
    switches.o(i.PORTA_IRQHandler) refers to motor_functions.o(i.stop) for stop
    switches.o(i.PORTA_IRQHandler) refers to motor_functions.o(i.turn_Right) for turn_Right
    switches.o(i.init_switch) refers to switches.o(i.__NVIC_SetPriority) for __NVIC_SetPriority
    switches.o(i.init_switch) refers to switches.o(i.__NVIC_ClearPendingIRQ) for __NVIC_ClearPendingIRQ
    lcd_functions.o(i.binToHex) refers to aeabi_sdiv.o(.text) for __aeabi_idivmod
    lcd_functions.o(i.binToHex) refers to lcd_functions.o(i.Exp) for Exp
    lcd_functions.o(i.binToHex) refers to lcd_functions.o(i.bitToHex) for bitToHex
    lcd_functions.o(i.bitToHex) refers to lcd_functions.o(i.ijSwap) for ijSwap
    lcd_functions.o(i.bitToHex) refers to lcd_functions.o(i.Exp) for Exp
    lcd_functions.o(i.displayString) refers to lcd_lib_4bit_20b.o(i.LCD_send_data) for LCD_send_data
    lcd_lib_4bit_20b.o(i.LCD_command) refers to lcd_lib_4bit_20b.o(i.pulse_the_LCD_enable) for pulse_the_LCD_enable
    lcd_lib_4bit_20b.o(i.LCD_command) refers to lcd_lib_4bit_20b.o(i.delayMs) for delayMs
    lcd_lib_4bit_20b.o(i.LCD_init) refers to lcd_lib_4bit_20b.o(i.delayMs) for delayMs
    lcd_lib_4bit_20b.o(i.LCD_init) refers to lcd_lib_4bit_20b.o(i.pulse_the_LCD_enable) for pulse_the_LCD_enable
    lcd_lib_4bit_20b.o(i.LCD_init) refers to lcd_lib_4bit_20b.o(i.LCD_command) for LCD_command
    lcd_lib_4bit_20b.o(i.LCD_send_data) refers to lcd_lib_4bit_20b.o(i.pulse_the_LCD_enable) for pulse_the_LCD_enable
    lcd_lib_4bit_20b.o(i.pulse_the_LCD_enable) refers to lcd_lib_4bit_20b.o(i.delayMs) for delayMs
    startup_mkl25z4.o(STACK) refers (Special) to heapauxi.o(.text) for __use_two_region_memory
    startup_mkl25z4.o(HEAP) refers (Special) to heapauxi.o(.text) for __use_two_region_memory
    startup_mkl25z4.o(RESET) refers (Special) to heapauxi.o(.text) for __use_two_region_memory
    startup_mkl25z4.o(RESET) refers to startup_mkl25z4.o(STACK) for __initial_sp
    startup_mkl25z4.o(RESET) refers to startup_mkl25z4.o(.text) for Reset_Handler
    startup_mkl25z4.o(RESET) refers to tpm_functions.o(i.TPM0_IRQHandler) for TPM0_IRQHandler
    startup_mkl25z4.o(RESET) refers to switches.o(i.PORTA_IRQHandler) for PORTA_IRQHandler
    startup_mkl25z4.o(.ARM.__at_0x400) refers (Special) to heapauxi.o(.text) for __use_two_region_memory
    startup_mkl25z4.o(.text) refers (Special) to heapauxi.o(.text) for __use_two_region_memory
    startup_mkl25z4.o(.text) refers to system_mkl25z4.o(i.SystemInit) for SystemInit
    startup_mkl25z4.o(.text) refers to __main.o(!!!main) for __main
    startup_mkl25z4.o(.text) refers to startup_mkl25z4.o(HEAP) for Heap_Mem
    startup_mkl25z4.o(.text) refers to startup_mkl25z4.o(STACK) for Stack_Mem
    system_mkl25z4.o(i.SystemCoreClockUpdate) refers to aeabi_sdiv.o(.text) for __aeabi_uidivmod
    system_mkl25z4.o(i.SystemCoreClockUpdate) refers to system_mkl25z4.o(i.__ARM_common_switch8) for __ARM_common_switch8
    system_mkl25z4.o(i.SystemCoreClockUpdate) refers to system_mkl25z4.o(.data) for SystemCoreClock
    __main.o(!!!main) refers to __rtentry.o(.ARM.Collect$$rtentry$$00000000) for __rt_entry
    __rtentry.o(.ARM.Collect$$rtentry$$00000000) refers (Special) to __rtentry2.o(.ARM.Collect$$rtentry$$0000000A) for __rt_entry_li
    __rtentry.o(.ARM.Collect$$rtentry$$00000000) refers (Special) to __rtentry2.o(.ARM.Collect$$rtentry$$0000000D) for __rt_entry_main
    __rtentry.o(.ARM.Collect$$rtentry$$00000000) refers (Special) to __rtentry2.o(.ARM.Collect$$rtentry$$0000000C) for __rt_entry_postli_1
    __rtentry.o(.ARM.Collect$$rtentry$$00000000) refers (Special) to __rtentry2.o(.ARM.Collect$$rtentry$$00000009) for __rt_entry_postsh_1
    __rtentry.o(.ARM.Collect$$rtentry$$00000000) refers (Special) to __rtentry2.o(.ARM.Collect$$rtentry$$00000002) for __rt_entry_presh_1
    __rtentry.o(.ARM.Collect$$rtentry$$00000000) refers (Special) to __rtentry4.o(.ARM.Collect$$rtentry$$00000004) for __rt_entry_sh
    aeabi_idiv0_sigfpe.o(.text) refers to rt_div0.o(.text) for __rt_div0
    __rtentry2.o(.ARM.Collect$$rtentry$$00000008) refers to boardinit2.o(.text) for _platform_post_stackheap_init
    __rtentry2.o(.ARM.Collect$$rtentry$$0000000A) refers to libinit.o(.ARM.Collect$$libinit$$00000000) for __rt_lib_init
    __rtentry2.o(.ARM.Collect$$rtentry$$0000000B) refers to boardinit3.o(.text) for _platform_post_lib_init
    __rtentry2.o(.ARM.Collect$$rtentry$$0000000D) refers to main.o(i.main) for main
    __rtentry2.o(.ARM.Collect$$rtentry$$0000000D) refers to exit.o(.text) for exit
    __rtentry2.o(.ARM.exidx) refers to __rtentry2.o(.ARM.Collect$$rtentry$$00000001) for .ARM.Collect$$rtentry$$00000001
    __rtentry2.o(.ARM.exidx) refers to __rtentry2.o(.ARM.Collect$$rtentry$$00000008) for .ARM.Collect$$rtentry$$00000008
    __rtentry2.o(.ARM.exidx) refers to __rtentry2.o(.ARM.Collect$$rtentry$$0000000A) for .ARM.Collect$$rtentry$$0000000A
    __rtentry2.o(.ARM.exidx) refers to __rtentry2.o(.ARM.Collect$$rtentry$$0000000B) for .ARM.Collect$$rtentry$$0000000B
    __rtentry2.o(.ARM.exidx) refers to __rtentry2.o(.ARM.Collect$$rtentry$$0000000D) for .ARM.Collect$$rtentry$$0000000D
    __rtentry4.o(.ARM.Collect$$rtentry$$00000004) refers to sys_stackheap_outer.o(.text) for __user_setup_stackheap
    __rtentry4.o(.ARM.exidx) refers to __rtentry4.o(.ARM.Collect$$rtentry$$00000004) for .ARM.Collect$$rtentry$$00000004
    rt_div0.o(.text) refers to defsig_fpe_outer.o(.text) for __rt_SIGFPE
    sys_stackheap_outer.o(.text) refers to libspace.o(.text) for __user_perproc_libspace
    sys_stackheap_outer.o(.text) refers to startup_mkl25z4.o(.text) for __user_initial_stackheap
    sys_stackheap_outer.o(__vectab_stack_and_reset_area) refers to tempstk.o(.text) for __temporary_stack_top
    sys_stackheap_outer.o(__vectab_stack_and_reset_area) refers to __main.o(!!!main) for __main
    exit.o(.text) refers to rtexit.o(.ARM.Collect$$rtexit$$00000000) for __rt_exit
    defsig_fpe_outer.o(.text) refers to defsig_fpe_inner.o(.text) for __rt_SIGFPE_inner
    defsig_fpe_outer.o(.text) refers to defsig_exit.o(.text) for __sig_exit
    defsig_fpe_formal.o(.text) refers to rt_raise.o(.text) for __rt_raise
    libinit.o(.ARM.Collect$$libinit$$00000000) refers (Special) to libinit2.o(.ARM.Collect$$libinit$$0000002E) for __rt_lib_init_alloca_1
    libinit.o(.ARM.Collect$$libinit$$00000000) refers (Special) to libinit2.o(.ARM.Collect$$libinit$$0000002C) for __rt_lib_init_argv_1
    libinit.o(.ARM.Collect$$libinit$$00000000) refers (Special) to libinit2.o(.ARM.Collect$$libinit$$0000001B) for __rt_lib_init_atexit_1
    libinit.o(.ARM.Collect$$libinit$$00000000) refers (Special) to libinit2.o(.ARM.Collect$$libinit$$00000021) for __rt_lib_init_clock_1
    libinit.o(.ARM.Collect$$libinit$$00000000) refers (Special) to libinit2.o(.ARM.Collect$$libinit$$00000032) for __rt_lib_init_cpp_1
    libinit.o(.ARM.Collect$$libinit$$00000000) refers (Special) to libinit2.o(.ARM.Collect$$libinit$$00000030) for __rt_lib_init_exceptions_1
    libinit.o(.ARM.Collect$$libinit$$00000000) refers (Special) to libinit2.o(.ARM.Collect$$libinit$$00000002) for __rt_lib_init_fp_1
    libinit.o(.ARM.Collect$$libinit$$00000000) refers (Special) to libinit2.o(.ARM.Collect$$libinit$$0000001F) for __rt_lib_init_fp_trap_1
    libinit.o(.ARM.Collect$$libinit$$00000000) refers (Special) to libinit2.o(.ARM.Collect$$libinit$$00000023) for __rt_lib_init_getenv_1
    libinit.o(.ARM.Collect$$libinit$$00000000) refers (Special) to libinit2.o(.ARM.Collect$$libinit$$0000000A) for __rt_lib_init_heap_1
    libinit.o(.ARM.Collect$$libinit$$00000000) refers (Special) to libinit2.o(.ARM.Collect$$libinit$$00000011) for __rt_lib_init_lc_collate_1
    libinit.o(.ARM.Collect$$libinit$$00000000) refers (Special) to libinit2.o(.ARM.Collect$$libinit$$00000013) for __rt_lib_init_lc_ctype_1
    libinit.o(.ARM.Collect$$libinit$$00000000) refers (Special) to libinit2.o(.ARM.Collect$$libinit$$00000015) for __rt_lib_init_lc_monetary_1
    libinit.o(.ARM.Collect$$libinit$$00000000) refers (Special) to libinit2.o(.ARM.Collect$$libinit$$00000017) for __rt_lib_init_lc_numeric_1
    libinit.o(.ARM.Collect$$libinit$$00000000) refers (Special) to libinit2.o(.ARM.Collect$$libinit$$00000019) for __rt_lib_init_lc_time_1
    libinit.o(.ARM.Collect$$libinit$$00000000) refers (Special) to libinit2.o(.ARM.Collect$$libinit$$00000004) for __rt_lib_init_preinit_1
    libinit.o(.ARM.Collect$$libinit$$00000000) refers (Special) to libinit2.o(.ARM.Collect$$libinit$$0000000E) for __rt_lib_init_rand_1
    libinit.o(.ARM.Collect$$libinit$$00000000) refers (Special) to libinit2.o(.ARM.Collect$$libinit$$00000033) for __rt_lib_init_return
    libinit.o(.ARM.Collect$$libinit$$00000000) refers (Special) to libinit2.o(.ARM.Collect$$libinit$$0000001D) for __rt_lib_init_signal_1
    libinit.o(.ARM.Collect$$libinit$$00000000) refers (Special) to libinit2.o(.ARM.Collect$$libinit$$00000025) for __rt_lib_init_stdio_1
    libinit.o(.ARM.Collect$$libinit$$00000000) refers (Special) to libinit2.o(.ARM.Collect$$libinit$$0000000C) for __rt_lib_init_user_alloc_1
    libspace.o(.text) refers to libspace.o(.bss) for __libspace_start
    rtexit.o(.ARM.Collect$$rtexit$$00000000) refers (Special) to rtexit2.o(.ARM.Collect$$rtexit$$00000004) for __rt_exit_exit
    rtexit.o(.ARM.Collect$$rtexit$$00000000) refers (Special) to rtexit2.o(.ARM.Collect$$rtexit$$00000003) for __rt_exit_ls
    rtexit.o(.ARM.Collect$$rtexit$$00000000) refers (Special) to rtexit2.o(.ARM.Collect$$rtexit$$00000002) for __rt_exit_prels_1
    rtexit.o(.ARM.exidx) refers (Special) to rtexit2.o(.ARM.Collect$$rtexit$$00000004) for __rt_exit_exit
    rtexit.o(.ARM.exidx) refers (Special) to rtexit2.o(.ARM.Collect$$rtexit$$00000003) for __rt_exit_ls
    rtexit.o(.ARM.exidx) refers (Special) to rtexit2.o(.ARM.Collect$$rtexit$$00000002) for __rt_exit_prels_1
    rtexit.o(.ARM.exidx) refers to rtexit.o(.ARM.Collect$$rtexit$$00000000) for .ARM.Collect$$rtexit$$00000000
    rt_raise.o(.text) refers to __raise.o(.text) for __raise
    rt_raise.o(.text) refers to sys_exit.o(.text) for _sys_exit
    defsig_exit.o(.text) refers to sys_exit.o(.text) for _sys_exit
    defsig_fpe_inner.o(.text) refers to defsig_general.o(.text) for __default_signal_display
    libinit2.o(.ARM.Collect$$libinit$$00000010) refers to libinit2.o(.ARM.Collect$$libinit$$0000000F) for .ARM.Collect$$libinit$$0000000F
    libinit2.o(.ARM.Collect$$libinit$$00000012) refers to libinit2.o(.ARM.Collect$$libinit$$0000000F) for .ARM.Collect$$libinit$$0000000F
    libinit2.o(.ARM.Collect$$libinit$$00000014) refers to libinit2.o(.ARM.Collect$$libinit$$0000000F) for .ARM.Collect$$libinit$$0000000F
    libinit2.o(.ARM.Collect$$libinit$$00000016) refers to libinit2.o(.ARM.Collect$$libinit$$0000000F) for .ARM.Collect$$libinit$$0000000F
    libinit2.o(.ARM.Collect$$libinit$$00000018) refers to libinit2.o(.ARM.Collect$$libinit$$0000000F) for .ARM.Collect$$libinit$$0000000F
    libinit2.o(.ARM.Collect$$libinit$$00000026) refers to argv_veneer.o(.text) for __ARM_argv_veneer
    libinit2.o(.ARM.Collect$$libinit$$00000027) refers to argv_veneer.o(.text) for __ARM_argv_veneer
    sys_exit.o(.text) refers (Special) to use_no_semi.o(.text) for __I$use$semihosting
    sys_exit.o(.text) refers (Special) to indicate_semi.o(.text) for __semihosting_library_function
    rtexit2.o(.ARM.Collect$$rtexit$$00000003) refers to libshutdown.o(.ARM.Collect$$libshutdown$$00000000) for __rt_lib_shutdown
    rtexit2.o(.ARM.Collect$$rtexit$$00000004) refers to sys_exit.o(.text) for _sys_exit
    rtexit2.o(.ARM.exidx) refers to rtexit2.o(.ARM.Collect$$rtexit$$00000001) for .ARM.Collect$$rtexit$$00000001
    rtexit2.o(.ARM.exidx) refers to rtexit2.o(.ARM.Collect$$rtexit$$00000003) for .ARM.Collect$$rtexit$$00000003
    rtexit2.o(.ARM.exidx) refers to rtexit2.o(.ARM.Collect$$rtexit$$00000004) for .ARM.Collect$$rtexit$$00000004
    __raise.o(.text) refers to defsig.o(CL$$defsig) for __default_signal_handler
    defsig_general.o(.text) refers to sys_wrch.o(.text) for _ttywrch
    sys_wrch.o(.text) refers (Special) to use_no_semi.o(.text) for __I$use$semihosting
    sys_wrch.o(.text) refers (Special) to indicate_semi.o(.text) for __semihosting_library_function
    defsig.o(CL$$defsig) refers to defsig_fpe_inner.o(.text) for __rt_SIGFPE_inner
    defsig.o(CL$$defsig) refers to defsig_rtmem_inner.o(.text) for __rt_SIGRTMEM_inner
    _get_argv_nomalloc.o(.text) refers (Special) to hrguard.o(.text) for __heap_region$guard
    _get_argv_nomalloc.o(.text) refers to defsig_rtmem_outer.o(.text) for __rt_SIGRTMEM
    _get_argv_nomalloc.o(.text) refers to sys_command.o(.text) for _sys_command_string
    libshutdown.o(.ARM.Collect$$libshutdown$$00000000) refers (Special) to libshutdown2.o(.ARM.Collect$$libshutdown$$00000002) for __rt_lib_shutdown_cpp_1
    libshutdown.o(.ARM.Collect$$libshutdown$$00000000) refers (Special) to libshutdown2.o(.ARM.Collect$$libshutdown$$00000007) for __rt_lib_shutdown_fp_trap_1
    libshutdown.o(.ARM.Collect$$libshutdown$$00000000) refers (Special) to libshutdown2.o(.ARM.Collect$$libshutdown$$0000000F) for __rt_lib_shutdown_heap_1
    libshutdown.o(.ARM.Collect$$libshutdown$$00000000) refers (Special) to libshutdown2.o(.ARM.Collect$$libshutdown$$00000010) for __rt_lib_shutdown_return
    libshutdown.o(.ARM.Collect$$libshutdown$$00000000) refers (Special) to libshutdown2.o(.ARM.Collect$$libshutdown$$0000000A) for __rt_lib_shutdown_signal_1
    libshutdown.o(.ARM.Collect$$libshutdown$$00000000) refers (Special) to libshutdown2.o(.ARM.Collect$$libshutdown$$00000004) for __rt_lib_shutdown_stdio_1
    libshutdown.o(.ARM.Collect$$libshutdown$$00000000) refers (Special) to libshutdown2.o(.ARM.Collect$$libshutdown$$0000000C) for __rt_lib_shutdown_user_alloc_1
    sys_command.o(.text) refers (Special) to use_no_semi.o(.text) for __I$use$semihosting
    sys_command.o(.text) refers (Special) to indicate_semi.o(.text) for __semihosting_library_function
    defsig_abrt_inner.o(.text) refers to defsig_general.o(.text) for __default_signal_display
    defsig_rtred_inner.o(.text) refers to defsig_general.o(.text) for __default_signal_display
    defsig_rtmem_inner.o(.text) refers to defsig_general.o(.text) for __default_signal_display
    defsig_rtmem_outer.o(.text) refers to defsig_rtmem_inner.o(.text) for __rt_SIGRTMEM_inner
    defsig_rtmem_outer.o(.text) refers to defsig_exit.o(.text) for __sig_exit
    defsig_rtmem_formal.o(.text) refers to rt_raise.o(.text) for __rt_raise
    defsig_stak_inner.o(.text) refers to defsig_general.o(.text) for __default_signal_display
    defsig_pvfn_inner.o(.text) refers to defsig_general.o(.text) for __default_signal_display
    defsig_cppl_inner.o(.text) refers to defsig_general.o(.text) for __default_signal_display
    defsig_segv_inner.o(.text) refers to defsig_general.o(.text) for __default_signal_display
    defsig_other.o(.text) refers to defsig_general.o(.text) for __default_signal_display


==============================================================================

Removing Unused input sections from the image.

    Removing leds.o(.rev16_text), (4 bytes).
    Removing leds.o(.revsh_text), (4 bytes).
    Removing main.o(.rev16_text), (4 bytes).
    Removing main.o(.revsh_text), (4 bytes).
    Removing tpm_functions.o(.rev16_text), (4 bytes).
    Removing tpm_functions.o(.revsh_text), (4 bytes).
    Removing tpm_functions.o(i.Init_TPM), (184 bytes).
    Removing tpm_functions.o(i.init_dist_TPM0), (180 bytes).
    Removing motor_functions.o(.rev16_text), (4 bytes).
    Removing motor_functions.o(.revsh_text), (4 bytes).
    Removing motor_functions.o(.constdata), (12 bytes).
    Removing switches.o(.rev16_text), (4 bytes).
    Removing switches.o(.revsh_text), (4 bytes).
    Removing switches.o(.data), (4 bytes).
    Removing lcd_functions.o(.rev16_text), (4 bytes).
    Removing lcd_functions.o(.revsh_text), (4 bytes).
    Removing lcd_functions.o(i.Exp), (24 bytes).
    Removing lcd_functions.o(i.binToHex), (84 bytes).
    Removing lcd_functions.o(i.bitParcer), (34 bytes).
    Removing lcd_functions.o(i.bitToHex), (46 bytes).
    Removing lcd_functions.o(i.displayString), (26 bytes).
    Removing lcd_functions.o(i.ijSwap), (34 bytes).
    Removing lcd_lib_4bit_20b.o(.rev16_text), (4 bytes).
    Removing lcd_lib_4bit_20b.o(.revsh_text), (4 bytes).
    Removing lcd_lib_4bit_20b.o(i.LCD_command), (72 bytes).
    Removing lcd_lib_4bit_20b.o(i.LCD_init), (240 bytes).
    Removing lcd_lib_4bit_20b.o(i.LCD_send_data), (56 bytes).
    Removing lcd_lib_4bit_20b.o(i.pulse_the_LCD_enable), (28 bytes).
    Removing system_mkl25z4.o(.rev16_text), (4 bytes).
    Removing system_mkl25z4.o(.revsh_text), (4 bytes).
    Removing system_mkl25z4.o(i.SystemCoreClockUpdate), (400 bytes).
    Removing system_mkl25z4.o(.data), (4 bytes).
    Removing system_mkl25z4.o(i.__ARM_common_switch8), (28 bytes).

33 unused section(s) (total 1520 bytes) removed from the image.

==============================================================================

Image Symbol Table

    Local Symbols

    Symbol Name                              Value     Ov Type        Size  Object(Section)

    RESET                                    0x00000000   Section      192  startup_mkl25z4.o(RESET)
    ../clib/angel/boardlib.s                 0x00000000   Number         0  boardinit3.o ABSOLUTE
    ../clib/angel/boardlib.s                 0x00000000   Number         0  boardshut.o ABSOLUTE
    ../clib/angel/boardlib.s                 0x00000000   Number         0  boardinit2.o ABSOLUTE
    ../clib/angel/boardlib.s                 0x00000000   Number         0  boardinit1.o ABSOLUTE
    ../clib/angel/handlers.s                 0x00000000   Number         0  __scatter_zi.o ABSOLUTE
    ../clib/angel/kernel.s                   0x00000000   Number         0  __rtentry2.o ABSOLUTE
    ../clib/angel/kernel.s                   0x00000000   Number         0  rtexit2.o ABSOLUTE
    ../clib/angel/kernel.s                   0x00000000   Number         0  __rtentry.o ABSOLUTE
    ../clib/angel/kernel.s                   0x00000000   Number         0  rtexit.o ABSOLUTE
    ../clib/angel/kernel.s                   0x00000000   Number         0  __rtentry4.o ABSOLUTE
    ../clib/angel/rt.s                       0x00000000   Number         0  aeabi_idiv0.o ABSOLUTE
    ../clib/angel/rt.s                       0x00000000   Number         0  aeabi_idiv0_sigfpe.o ABSOLUTE
    ../clib/angel/rt.s                       0x00000000   Number         0  rt_div0.o ABSOLUTE
    ../clib/angel/rt.s                       0x00000000   Number         0  rt_raise.o ABSOLUTE
    ../clib/angel/scatterp.s                 0x00000000   Number         0  __scatter.o ABSOLUTE
    ../clib/angel/startup.s                  0x00000000   Number         0  __main.o ABSOLUTE
    ../clib/angel/sys.s                      0x00000000   Number         0  indicate_semi.o ABSOLUTE
    ../clib/angel/sys.s                      0x00000000   Number         0  use_no_semi.o ABSOLUTE
    ../clib/angel/sys.s                      0x00000000   Number         0  libspace.o ABSOLUTE
    ../clib/angel/sys.s                      0x00000000   Number         0  tempstk.o ABSOLUTE
    ../clib/angel/sys.s                      0x00000000   Number         0  sys_stackheap_outer.o ABSOLUTE
    ../clib/angel/sysapp.c                   0x00000000   Number         0  sys_command.o ABSOLUTE
    ../clib/angel/sysapp.c                   0x00000000   Number         0  sys_wrch.o ABSOLUTE
    ../clib/angel/sysapp.c                   0x00000000   Number         0  sys_exit.o ABSOLUTE
    ../clib/armsys.c                         0x00000000   Number         0  _get_argv_nomalloc.o ABSOLUTE
    ../clib/armsys.c                         0x00000000   Number         0  no_argv.o ABSOLUTE
    ../clib/armsys.c                         0x00000000   Number         0  argv_veneer.o ABSOLUTE
    ../clib/division.s                       0x00000000   Number         0  aeabi_sdiv.o ABSOLUTE
    ../clib/division.s                       0x00000000   Number         0  aeabi_sdiv_div0.o ABSOLUTE
    ../clib/heapalloc.c                      0x00000000   Number         0  hrguard.o ABSOLUTE
    ../clib/heapaux.c                        0x00000000   Number         0  heapauxi.o ABSOLUTE
    ../clib/libinit.s                        0x00000000   Number         0  libinit.o ABSOLUTE
    ../clib/libinit.s                        0x00000000   Number         0  libshutdown2.o ABSOLUTE
    ../clib/libinit.s                        0x00000000   Number         0  libinit2.o ABSOLUTE
    ../clib/libinit.s                        0x00000000   Number         0  libshutdown.o ABSOLUTE
    ../clib/signal.c                         0x00000000   Number         0  defsig_stak_inner.o ABSOLUTE
    ../clib/signal.c                         0x00000000   Number         0  defsig_pvfn_inner.o ABSOLUTE
    ../clib/signal.c                         0x00000000   Number         0  defsig_fpe_formal.o ABSOLUTE
    ../clib/signal.c                         0x00000000   Number         0  defsig_fpe_outer.o ABSOLUTE
    ../clib/signal.c                         0x00000000   Number         0  defsig_rtmem_inner.o ABSOLUTE
    ../clib/signal.c                         0x00000000   Number         0  defsig_abrt_inner.o ABSOLUTE
    ../clib/signal.c                         0x00000000   Number         0  defsig_rtmem_formal.o ABSOLUTE
    ../clib/signal.c                         0x00000000   Number         0  defsig_rtmem_outer.o ABSOLUTE
    ../clib/signal.c                         0x00000000   Number         0  defsig_segv_inner.o ABSOLUTE
    ../clib/signal.c                         0x00000000   Number         0  defsig_other.o ABSOLUTE
    ../clib/signal.c                         0x00000000   Number         0  defsig_exit.o ABSOLUTE
    ../clib/signal.c                         0x00000000   Number         0  defsig_fpe_inner.o ABSOLUTE
    ../clib/signal.c                         0x00000000   Number         0  defsig_rtred_inner.o ABSOLUTE
    ../clib/signal.c                         0x00000000   Number         0  defsig_general.o ABSOLUTE
    ../clib/signal.c                         0x00000000   Number         0  __raise.o ABSOLUTE
    ../clib/signal.c                         0x00000000   Number         0  defsig_cppl_inner.o ABSOLUTE
    ../clib/signal.s                         0x00000000   Number         0  defsig.o ABSOLUTE
    ../clib/stdlib.c                         0x00000000   Number         0  exit.o ABSOLUTE
    ../fplib/cfplib/fpinit.c                 0x00000000   Number         0  fpinit.o ABSOLUTE
    LCD_Functions.c                          0x00000000   Number         0  lcd_functions.o ABSOLUTE
    LCD_Functions.c                          0x00000000   Number         0  lcd_functions.o ABSOLUTE
    LEDs.c                                   0x00000000   Number         0  leds.o ABSOLUTE
    LEDs.c                                   0x00000000   Number         0  leds.o ABSOLUTE
    Motor_Functions.c                        0x00000000   Number         0  motor_functions.o ABSOLUTE
    Motor_Functions.c                        0x00000000   Number         0  motor_functions.o ABSOLUTE
    RTE\Device\MKL25Z128xxx4\startup_MKL25Z4.s 0x00000000   Number         0  startup_mkl25z4.o ABSOLUTE
    RTE\Device\MKL25Z128xxx4\system_MKL25Z4.c 0x00000000   Number         0  system_mkl25z4.o ABSOLUTE
    RTE\\Device\\MKL25Z128xxx4\\system_MKL25Z4.c 0x00000000   Number         0  system_mkl25z4.o ABSOLUTE
    TPM_Functions.c                          0x00000000   Number         0  tpm_functions.o ABSOLUTE
    TPM_Functions.c                          0x00000000   Number         0  tpm_functions.o ABSOLUTE
    dc.s                                     0x00000000   Number         0  dc.o ABSOLUTE
    lcd_lib_4bit_20b.c                       0x00000000   Number         0  lcd_lib_4bit_20b.o ABSOLUTE
    lcd_lib_4bit_20b.c                       0x00000000   Number         0  lcd_lib_4bit_20b.o ABSOLUTE
    main.c                                   0x00000000   Number         0  main.o ABSOLUTE
    main.c                                   0x00000000   Number         0  main.o ABSOLUTE
    switches.c                               0x00000000   Number         0  switches.o ABSOLUTE
    switches.c                               0x00000000   Number         0  switches.o ABSOLUTE
    !!!main                                  0x000000c0   Section        8  __main.o(!!!main)
    !!!scatter                               0x000000c8   Section       60  __scatter.o(!!!scatter)
    !!handler_zi                             0x00000104   Section       28  __scatter_zi.o(!!handler_zi)
    .ARM.Collect$$libinit$$00000000          0x00000120   Section        2  libinit.o(.ARM.Collect$$libinit$$00000000)
    .ARM.Collect$$libinit$$00000002          0x00000122   Section        0  libinit2.o(.ARM.Collect$$libinit$$00000002)
    .ARM.Collect$$libinit$$00000004          0x00000122   Section        0  libinit2.o(.ARM.Collect$$libinit$$00000004)
    .ARM.Collect$$libinit$$0000000A          0x00000122   Section        0  libinit2.o(.ARM.Collect$$libinit$$0000000A)
    .ARM.Collect$$libinit$$0000000C          0x00000122   Section        0  libinit2.o(.ARM.Collect$$libinit$$0000000C)
    .ARM.Collect$$libinit$$0000000E          0x00000122   Section        0  libinit2.o(.ARM.Collect$$libinit$$0000000E)
    .ARM.Collect$$libinit$$00000011          0x00000122   Section        0  libinit2.o(.ARM.Collect$$libinit$$00000011)
    .ARM.Collect$$libinit$$00000013          0x00000122   Section        0  libinit2.o(.ARM.Collect$$libinit$$00000013)
    .ARM.Collect$$libinit$$00000015          0x00000122   Section        0  libinit2.o(.ARM.Collect$$libinit$$00000015)
    .ARM.Collect$$libinit$$00000017          0x00000122   Section        0  libinit2.o(.ARM.Collect$$libinit$$00000017)
    .ARM.Collect$$libinit$$00000019          0x00000122   Section        0  libinit2.o(.ARM.Collect$$libinit$$00000019)
    .ARM.Collect$$libinit$$0000001B          0x00000122   Section        0  libinit2.o(.ARM.Collect$$libinit$$0000001B)
    .ARM.Collect$$libinit$$0000001D          0x00000122   Section        0  libinit2.o(.ARM.Collect$$libinit$$0000001D)
    .ARM.Collect$$libinit$$0000001F          0x00000122   Section        0  libinit2.o(.ARM.Collect$$libinit$$0000001F)
    .ARM.Collect$$libinit$$00000021          0x00000122   Section        0  libinit2.o(.ARM.Collect$$libinit$$00000021)
    .ARM.Collect$$libinit$$00000023          0x00000122   Section        0  libinit2.o(.ARM.Collect$$libinit$$00000023)
    .ARM.Collect$$libinit$$00000025          0x00000122   Section        0  libinit2.o(.ARM.Collect$$libinit$$00000025)
    .ARM.Collect$$libinit$$0000002C          0x00000122   Section        0  libinit2.o(.ARM.Collect$$libinit$$0000002C)
    .ARM.Collect$$libinit$$0000002E          0x00000122   Section        0  libinit2.o(.ARM.Collect$$libinit$$0000002E)
    .ARM.Collect$$libinit$$00000030          0x00000122   Section        0  libinit2.o(.ARM.Collect$$libinit$$00000030)
    .ARM.Collect$$libinit$$00000032          0x00000122   Section        0  libinit2.o(.ARM.Collect$$libinit$$00000032)
    .ARM.Collect$$libinit$$00000033          0x00000122   Section        2  libinit2.o(.ARM.Collect$$libinit$$00000033)
    .ARM.Collect$$libshutdown$$00000000      0x00000124   Section        2  libshutdown.o(.ARM.Collect$$libshutdown$$00000000)
    .ARM.Collect$$libshutdown$$00000002      0x00000126   Section        0  libshutdown2.o(.ARM.Collect$$libshutdown$$00000002)
    .ARM.Collect$$libshutdown$$00000004      0x00000126   Section        0  libshutdown2.o(.ARM.Collect$$libshutdown$$00000004)
    .ARM.Collect$$libshutdown$$00000007      0x00000126   Section        0  libshutdown2.o(.ARM.Collect$$libshutdown$$00000007)
    .ARM.Collect$$libshutdown$$0000000A      0x00000126   Section        0  libshutdown2.o(.ARM.Collect$$libshutdown$$0000000A)
    .ARM.Collect$$libshutdown$$0000000C      0x00000126   Section        0  libshutdown2.o(.ARM.Collect$$libshutdown$$0000000C)
    .ARM.Collect$$libshutdown$$0000000F      0x00000126   Section        0  libshutdown2.o(.ARM.Collect$$libshutdown$$0000000F)
    .ARM.Collect$$libshutdown$$00000010      0x00000126   Section        2  libshutdown2.o(.ARM.Collect$$libshutdown$$00000010)
    .ARM.Collect$$rtentry$$00000000          0x00000128   Section        0  __rtentry.o(.ARM.Collect$$rtentry$$00000000)
    .ARM.Collect$$rtentry$$00000002          0x00000128   Section        0  __rtentry2.o(.ARM.Collect$$rtentry$$00000002)
    .ARM.Collect$$rtentry$$00000004          0x00000128   Section        6  __rtentry4.o(.ARM.Collect$$rtentry$$00000004)
    .ARM.Collect$$rtentry$$00000009          0x0000012e   Section        0  __rtentry2.o(.ARM.Collect$$rtentry$$00000009)
    .ARM.Collect$$rtentry$$0000000A          0x0000012e   Section        4  __rtentry2.o(.ARM.Collect$$rtentry$$0000000A)
    .ARM.Collect$$rtentry$$0000000C          0x00000132   Section        0  __rtentry2.o(.ARM.Collect$$rtentry$$0000000C)
    .ARM.Collect$$rtentry$$0000000D          0x00000132   Section        8  __rtentry2.o(.ARM.Collect$$rtentry$$0000000D)
    .ARM.Collect$$rtexit$$00000000           0x0000013a   Section        2  rtexit.o(.ARM.Collect$$rtexit$$00000000)
    .ARM.Collect$$rtexit$$00000002           0x0000013c   Section        0  rtexit2.o(.ARM.Collect$$rtexit$$00000002)
    .ARM.Collect$$rtexit$$00000003           0x0000013c   Section        4  rtexit2.o(.ARM.Collect$$rtexit$$00000003)
    .ARM.Collect$$rtexit$$00000004           0x00000140   Section        6  rtexit2.o(.ARM.Collect$$rtexit$$00000004)
    .text                                    0x00000148   Section       64  startup_mkl25z4.o(.text)
    .text                                    0x00000188   Section        0  heapauxi.o(.text)
    .text                                    0x0000018e   Section       62  sys_stackheap_outer.o(.text)
    .text                                    0x000001cc   Section        0  exit.o(.text)
    .text                                    0x000001dc   Section        8  libspace.o(.text)
    .text                                    0x000001e4   Section        0  sys_exit.o(.text)
    .text                                    0x000001f0   Section        2  use_no_semi.o(.text)
    .text                                    0x000001f2   Section        0  indicate_semi.o(.text)
    i.PORTA_IRQHandler                       0x000001f4   Section        0  switches.o(i.PORTA_IRQHandler)
    i.SystemInit                             0x00000264   Section        0  system_mkl25z4.o(i.SystemInit)
    i.TPM0_IRQHandler                        0x0000039c   Section        0  tpm_functions.o(i.TPM0_IRQHandler)
    i.__NVIC_ClearPendingIRQ                 0x000003ac   Section        0  switches.o(i.__NVIC_ClearPendingIRQ)
    __NVIC_ClearPendingIRQ                   0x000003ad   Thumb Code    18  switches.o(i.__NVIC_ClearPendingIRQ)
    i.delayMs                                0x000003c4   Section        0  lcd_lib_4bit_20b.o(i.delayMs)
    i.go_Forward                             0x000003e0   Section        0  motor_functions.o(i.go_Forward)
    i.stop                                   0x000003ec   Section        0  motor_functions.o(i.stop)
    .ARM.__at_0x400                          0x00000400   Section       16  startup_mkl25z4.o(.ARM.__at_0x400)
    i.__NVIC_SetPriority                     0x00000410   Section        0  switches.o(i.__NVIC_SetPriority)
    __NVIC_SetPriority                       0x00000411   Thumb Code   110  switches.o(i.__NVIC_SetPriority)
    i.control_RGB_LEDs                       0x00000488   Section        0  leds.o(i.control_RGB_LEDs)
    i.init_RGB_LEDs                          0x000004d4   Section        0  leds.o(i.init_RGB_LEDs)
    i.init_motor_TPM0                        0x00000578   Section        0  tpm_functions.o(i.init_motor_TPM0)
    i.init_switch                            0x0000062c   Section        0  switches.o(i.init_switch)
    i.left_wheel_forward                     0x000006fc   Section        0  motor_functions.o(i.left_wheel_forward)
    i.left_wheel_stop                        0x00000718   Section        0  motor_functions.o(i.left_wheel_stop)
    i.main                                   0x00000734   Section        0  main.o(i.main)
    i.right_wheel_forward                    0x00000760   Section        0  motor_functions.o(i.right_wheel_forward)
    i.right_wheel_stop                       0x0000077c   Section        0  motor_functions.o(i.right_wheel_stop)
    i.toggle_RGB_LEDs                        0x00000798   Section        0  leds.o(i.toggle_RGB_LEDs)
    i.turn_Left                              0x000007c4   Section        0  motor_functions.o(i.turn_Left)
    i.turn_Right                             0x000007d0   Section        0  motor_functions.o(i.turn_Right)
    .bss                                     0x1ffff000   Section       96  libspace.o(.bss)
    HEAP                                     0x1ffff060   Section        0  startup_mkl25z4.o(HEAP)
    STACK                                    0x1ffff060   Section      256  startup_mkl25z4.o(STACK)
    Heap_Mem                                 0x1ffff060   Data           0  startup_mkl25z4.o(HEAP)
    Stack_Mem                                0x1ffff060   Data         256  startup_mkl25z4.o(STACK)
    __initial_sp                             0x1ffff160   Data           0  startup_mkl25z4.o(STACK)

    Global Symbols

    Symbol Name                              Value     Ov Type        Size  Object(Section)

    BuildAttributes$$THM_ISAv3M$S$PE$A:L22$X:L11$S22$IEEE1$IW$USESV6$~STKCKD$USESV7$~SHL$OSPACE$ROPI$EBA8$UX$STANDARDLIB$REQ8$PRES8$EABIv2 0x00000000   Number         0  anon$$obj.o ABSOLUTE
    __ARM_use_no_argv                        0x00000000   Number         0  main.o ABSOLUTE
    __Vectors                                0x00000000   Data           4  startup_mkl25z4.o(RESET)
    __ARM_exceptions_init                     - Undefined Weak Reference
    __alloca_initialize                       - Undefined Weak Reference
    __arm_preinit_                            - Undefined Weak Reference
    __cpp_initialize__aeabi_                  - Undefined Weak Reference
    __cxa_finalize                            - Undefined Weak Reference
    __rt_locale                               - Undefined Weak Reference
    __sigvec_lookup                           - Undefined Weak Reference
    _atexit_init                              - Undefined Weak Reference
    _call_atexit_fns                          - Undefined Weak Reference
    _clock_init                               - Undefined Weak Reference
    _fp_trap_init                             - Undefined Weak Reference
    _fp_trap_shutdown                         - Undefined Weak Reference
    _get_lc_collate                           - Undefined Weak Reference
    _get_lc_ctype                             - Undefined Weak Reference
    _get_lc_monetary                          - Undefined Weak Reference
    _get_lc_numeric                           - Undefined Weak Reference
    _get_lc_time                              - Undefined Weak Reference
    _getenv_init                              - Undefined Weak Reference
    _handle_redirection                       - Undefined Weak Reference
    _init_alloc                               - Undefined Weak Reference
    _init_user_alloc                          - Undefined Weak Reference
    _initio                                   - Undefined Weak Reference
    _rand_init                                - Undefined Weak Reference
    _signal_finish                            - Undefined Weak Reference
    _signal_init                              - Undefined Weak Reference
    _terminate_alloc                          - Undefined Weak Reference
    _terminate_user_alloc                     - Undefined Weak Reference
    _terminateio                              - Undefined Weak Reference
    __Vectors_End                            0x000000c0   Data           0  startup_mkl25z4.o(RESET)
    __Vectors_Size                           0x000000c0   Number         0  startup_mkl25z4.o ABSOLUTE
    __main                                   0x000000c1   Thumb Code     8  __main.o(!!!main)
    __scatterload                            0x000000c9   Thumb Code     0  __scatter.o(!!!scatter)
    __scatterload_rt2                        0x000000c9   Thumb Code    52  __scatter.o(!!!scatter)
    __scatterload_rt2_thumb_only             0x000000c9   Thumb Code     0  __scatter.o(!!!scatter)
    __scatterload_null                       0x000000d9   Thumb Code     0  __scatter.o(!!!scatter)
    __scatterload_zeroinit                   0x00000105   Thumb Code    28  __scatter_zi.o(!!handler_zi)
    __rt_lib_init                            0x00000121   Thumb Code     0  libinit.o(.ARM.Collect$$libinit$$00000000)
    __rt_lib_init_alloca_1                   0x00000123   Thumb Code     0  libinit2.o(.ARM.Collect$$libinit$$0000002E)
    __rt_lib_init_argv_1                     0x00000123   Thumb Code     0  libinit2.o(.ARM.Collect$$libinit$$0000002C)
    __rt_lib_init_atexit_1                   0x00000123   Thumb Code     0  libinit2.o(.ARM.Collect$$libinit$$0000001B)
    __rt_lib_init_clock_1                    0x00000123   Thumb Code     0  libinit2.o(.ARM.Collect$$libinit$$00000021)
    __rt_lib_init_cpp_1                      0x00000123   Thumb Code     0  libinit2.o(.ARM.Collect$$libinit$$00000032)
    __rt_lib_init_exceptions_1               0x00000123   Thumb Code     0  libinit2.o(.ARM.Collect$$libinit$$00000030)
    __rt_lib_init_fp_1                       0x00000123   Thumb Code     0  libinit2.o(.ARM.Collect$$libinit$$00000002)
    __rt_lib_init_fp_trap_1                  0x00000123   Thumb Code     0  libinit2.o(.ARM.Collect$$libinit$$0000001F)
    __rt_lib_init_getenv_1                   0x00000123   Thumb Code     0  libinit2.o(.ARM.Collect$$libinit$$00000023)
    __rt_lib_init_heap_1                     0x00000123   Thumb Code     0  libinit2.o(.ARM.Collect$$libinit$$0000000A)
    __rt_lib_init_lc_collate_1               0x00000123   Thumb Code     0  libinit2.o(.ARM.Collect$$libinit$$00000011)
    __rt_lib_init_lc_ctype_1                 0x00000123   Thumb Code     0  libinit2.o(.ARM.Collect$$libinit$$00000013)
    __rt_lib_init_lc_monetary_1              0x00000123   Thumb Code     0  libinit2.o(.ARM.Collect$$libinit$$00000015)
    __rt_lib_init_lc_numeric_1               0x00000123   Thumb Code     0  libinit2.o(.ARM.Collect$$libinit$$00000017)
    __rt_lib_init_lc_time_1                  0x00000123   Thumb Code     0  libinit2.o(.ARM.Collect$$libinit$$00000019)
    __rt_lib_init_preinit_1                  0x00000123   Thumb Code     0  libinit2.o(.ARM.Collect$$libinit$$00000004)
    __rt_lib_init_rand_1                     0x00000123   Thumb Code     0  libinit2.o(.ARM.Collect$$libinit$$0000000E)
    __rt_lib_init_return                     0x00000123   Thumb Code     0  libinit2.o(.ARM.Collect$$libinit$$00000033)
    __rt_lib_init_signal_1                   0x00000123   Thumb Code     0  libinit2.o(.ARM.Collect$$libinit$$0000001D)
    __rt_lib_init_stdio_1                    0x00000123   Thumb Code     0  libinit2.o(.ARM.Collect$$libinit$$00000025)
    __rt_lib_init_user_alloc_1               0x00000123   Thumb Code     0  libinit2.o(.ARM.Collect$$libinit$$0000000C)
    __rt_lib_shutdown                        0x00000125   Thumb Code     0  libshutdown.o(.ARM.Collect$$libshutdown$$00000000)
    __rt_lib_shutdown_cpp_1                  0x00000127   Thumb Code     0  libshutdown2.o(.ARM.Collect$$libshutdown$$00000002)
    __rt_lib_shutdown_fp_trap_1              0x00000127   Thumb Code     0  libshutdown2.o(.ARM.Collect$$libshutdown$$00000007)
    __rt_lib_shutdown_heap_1                 0x00000127   Thumb Code     0  libshutdown2.o(.ARM.Collect$$libshutdown$$0000000F)
    __rt_lib_shutdown_return                 0x00000127   Thumb Code     0  libshutdown2.o(.ARM.Collect$$libshutdown$$00000010)
    __rt_lib_shutdown_signal_1               0x00000127   Thumb Code     0  libshutdown2.o(.ARM.Collect$$libshutdown$$0000000A)
    __rt_lib_shutdown_stdio_1                0x00000127   Thumb Code     0  libshutdown2.o(.ARM.Collect$$libshutdown$$00000004)
    __rt_lib_shutdown_user_alloc_1           0x00000127   Thumb Code     0  libshutdown2.o(.ARM.Collect$$libshutdown$$0000000C)
    __rt_entry                               0x00000129   Thumb Code     0  __rtentry.o(.ARM.Collect$$rtentry$$00000000)
    __rt_entry_presh_1                       0x00000129   Thumb Code     0  __rtentry2.o(.ARM.Collect$$rtentry$$00000002)
    __rt_entry_sh                            0x00000129   Thumb Code     0  __rtentry4.o(.ARM.Collect$$rtentry$$00000004)
    __rt_entry_li                            0x0000012f   Thumb Code     0  __rtentry2.o(.ARM.Collect$$rtentry$$0000000A)
    __rt_entry_postsh_1                      0x0000012f   Thumb Code     0  __rtentry2.o(.ARM.Collect$$rtentry$$00000009)
    __rt_entry_main                          0x00000133   Thumb Code     0  __rtentry2.o(.ARM.Collect$$rtentry$$0000000D)
    __rt_entry_postli_1                      0x00000133   Thumb Code     0  __rtentry2.o(.ARM.Collect$$rtentry$$0000000C)
    __rt_exit                                0x0000013b   Thumb Code     0  rtexit.o(.ARM.Collect$$rtexit$$00000000)
    __rt_exit_ls                             0x0000013d   Thumb Code     0  rtexit2.o(.ARM.Collect$$rtexit$$00000003)
    __rt_exit_prels_1                        0x0000013d   Thumb Code     0  rtexit2.o(.ARM.Collect$$rtexit$$00000002)
    __rt_exit_exit                           0x00000141   Thumb Code     0  rtexit2.o(.ARM.Collect$$rtexit$$00000004)
    Reset_Handler                            0x00000149   Thumb Code    12  startup_mkl25z4.o(.text)
    NMI_Handler                              0x00000155   Thumb Code     2  startup_mkl25z4.o(.text)
    HardFault_Handler                        0x00000157   Thumb Code     2  startup_mkl25z4.o(.text)
    SVC_Handler                              0x00000159   Thumb Code     2  startup_mkl25z4.o(.text)
    PendSV_Handler                           0x0000015b   Thumb Code     2  startup_mkl25z4.o(.text)
    SysTick_Handler                          0x0000015d   Thumb Code     2  startup_mkl25z4.o(.text)
    ADC0_IRQHandler                          0x0000015f   Thumb Code     0  startup_mkl25z4.o(.text)
    CMP0_IRQHandler                          0x0000015f   Thumb Code     0  startup_mkl25z4.o(.text)
    DAC0_IRQHandler                          0x0000015f   Thumb Code     0  startup_mkl25z4.o(.text)
    DMA0_IRQHandler                          0x0000015f   Thumb Code     0  startup_mkl25z4.o(.text)
    DMA1_IRQHandler                          0x0000015f   Thumb Code     0  startup_mkl25z4.o(.text)
    DMA2_IRQHandler                          0x0000015f   Thumb Code     0  startup_mkl25z4.o(.text)
    DMA3_IRQHandler                          0x0000015f   Thumb Code     0  startup_mkl25z4.o(.text)
    DefaultISR                               0x0000015f   Thumb Code     0  startup_mkl25z4.o(.text)
    FTFA_IRQHandler                          0x0000015f   Thumb Code     0  startup_mkl25z4.o(.text)
    I2C0_IRQHandler                          0x0000015f   Thumb Code     0  startup_mkl25z4.o(.text)
    I2C1_IRQHandler                          0x0000015f   Thumb Code     0  startup_mkl25z4.o(.text)
    LLWU_IRQHandler                          0x0000015f   Thumb Code     0  startup_mkl25z4.o(.text)
    LPTMR0_IRQHandler                        0x0000015f   Thumb Code     0  startup_mkl25z4.o(.text)
    LVD_LVW_IRQHandler                       0x0000015f   Thumb Code     0  startup_mkl25z4.o(.text)
    MCG_IRQHandler                           0x0000015f   Thumb Code     0  startup_mkl25z4.o(.text)
    PIT_IRQHandler                           0x0000015f   Thumb Code     0  startup_mkl25z4.o(.text)
    PORTD_IRQHandler                         0x0000015f   Thumb Code     0  startup_mkl25z4.o(.text)
    RTC_IRQHandler                           0x0000015f   Thumb Code     0  startup_mkl25z4.o(.text)
    RTC_Seconds_IRQHandler                   0x0000015f   Thumb Code     0  startup_mkl25z4.o(.text)
    Reserved20_IRQHandler                    0x0000015f   Thumb Code     0  startup_mkl25z4.o(.text)
    Reserved39_IRQHandler                    0x0000015f   Thumb Code     0  startup_mkl25z4.o(.text)
    Reserved45_IRQHandler                    0x0000015f   Thumb Code     0  startup_mkl25z4.o(.text)
    SPI0_IRQHandler                          0x0000015f   Thumb Code     0  startup_mkl25z4.o(.text)
    SPI1_IRQHandler                          0x0000015f   Thumb Code     0  startup_mkl25z4.o(.text)
    TPM1_IRQHandler                          0x0000015f   Thumb Code     0  startup_mkl25z4.o(.text)
    TPM2_IRQHandler                          0x0000015f   Thumb Code     0  startup_mkl25z4.o(.text)
    TSI0_IRQHandler                          0x0000015f   Thumb Code     0  startup_mkl25z4.o(.text)
    UART0_IRQHandler                         0x0000015f   Thumb Code     0  startup_mkl25z4.o(.text)
    UART1_IRQHandler                         0x0000015f   Thumb Code     0  startup_mkl25z4.o(.text)
    UART2_IRQHandler                         0x0000015f   Thumb Code     0  startup_mkl25z4.o(.text)
    USB0_IRQHandler                          0x0000015f   Thumb Code     0  startup_mkl25z4.o(.text)
    __user_initial_stackheap                 0x00000165   Thumb Code     0  startup_mkl25z4.o(.text)
    __use_two_region_memory                  0x00000189   Thumb Code     2  heapauxi.o(.text)
    __rt_heap_escrow$2region                 0x0000018b   Thumb Code     2  heapauxi.o(.text)
    __rt_heap_expand$2region                 0x0000018d   Thumb Code     2  heapauxi.o(.text)
    __user_setup_stackheap                   0x0000018f   Thumb Code    62  sys_stackheap_outer.o(.text)
    exit                                     0x000001cd   Thumb Code    16  exit.o(.text)
    __user_libspace                          0x000001dd   Thumb Code     8  libspace.o(.text)
    __user_perproc_libspace                  0x000001dd   Thumb Code     0  libspace.o(.text)
    __user_perthread_libspace                0x000001dd   Thumb Code     0  libspace.o(.text)
    _sys_exit                                0x000001e5   Thumb Code     8  sys_exit.o(.text)
    __I$use$semihosting                      0x000001f1   Thumb Code     0  use_no_semi.o(.text)
    __use_no_semihosting_swi                 0x000001f1   Thumb Code     2  use_no_semi.o(.text)
    __semihosting_library_function           0x000001f3   Thumb Code     0  indicate_semi.o(.text)
    PORTA_IRQHandler                         0x000001f5   Thumb Code   108  switches.o(i.PORTA_IRQHandler)
    SystemInit                               0x00000265   Thumb Code   266  system_mkl25z4.o(i.SystemInit)
    TPM0_IRQHandler                          0x0000039d   Thumb Code    14  tpm_functions.o(i.TPM0_IRQHandler)
    delayMs                                  0x000003c5   Thumb Code    24  lcd_lib_4bit_20b.o(i.delayMs)
    go_Forward                               0x000003e1   Thumb Code    12  motor_functions.o(i.go_Forward)
    stop                                     0x000003ed   Thumb Code    18  motor_functions.o(i.stop)
    control_RGB_LEDs                         0x00000489   Thumb Code    70  leds.o(i.control_RGB_LEDs)
    init_RGB_LEDs                            0x000004d5   Thumb Code   146  leds.o(i.init_RGB_LEDs)
    init_motor_TPM0                          0x00000579   Thumb Code   160  tpm_functions.o(i.init_motor_TPM0)
    init_switch                              0x0000062d   Thumb Code   186  switches.o(i.init_switch)
    left_wheel_forward                       0x000006fd   Thumb Code    20  motor_functions.o(i.left_wheel_forward)
    left_wheel_stop                          0x00000719   Thumb Code    20  motor_functions.o(i.left_wheel_stop)
    main                                     0x00000735   Thumb Code    38  main.o(i.main)
    right_wheel_forward                      0x00000761   Thumb Code    20  motor_functions.o(i.right_wheel_forward)
    right_wheel_stop                         0x0000077d   Thumb Code    20  motor_functions.o(i.right_wheel_stop)
    toggle_RGB_LEDs                          0x00000799   Thumb Code    40  leds.o(i.toggle_RGB_LEDs)
    turn_Left                                0x000007c5   Thumb Code    12  motor_functions.o(i.turn_Left)
    turn_Right                               0x000007d1   Thumb Code    12  motor_functions.o(i.turn_Right)
    Region$$Table$$Base                      0x000007dc   Number         0  anon$$obj.o(Region$$Table)
    Region$$Table$$Limit                     0x000007ec   Number         0  anon$$obj.o(Region$$Table)
    __libspace_start                         0x1ffff000   Data          96  libspace.o(.bss)
    __temporary_stack_top$libspace           0x1ffff060   Data           0  libspace.o(.bss)



==============================================================================

Memory Map of the image

  Image Entry point : 0x00000149

  Load Region LR_1 (Base: 0x00000000, Size: 0x000007ec, Max: 0xffffffff, ABSOLUTE)

    Execution Region ER_RO (Exec base: 0x00000000, Load base: 0x00000000, Size: 0x000007ec, Max: 0xffffffff, ABSOLUTE)

    Exec Addr    Load Addr    Size         Type   Attr      Idx    E Section Name        Object

    0x00000000   0x00000000   0x000000c0   Data   RO          369    RESET               startup_mkl25z4.o
    0x000000c0   0x000000c0   0x00000008   Code   RO          419  * !!!main             c_p.l(__main.o)
    0x000000c8   0x000000c8   0x0000003c   Code   RO          588    !!!scatter          c_p.l(__scatter.o)
    0x00000104   0x00000104   0x0000001c   Code   RO          590    !!handler_zi        c_p.l(__scatter_zi.o)
    0x00000120   0x00000120   0x00000002   Code   RO          457    .ARM.Collect$$libinit$$00000000  c_p.l(libinit.o)
    0x00000122   0x00000122   0x00000000   Code   RO          471    .ARM.Collect$$libinit$$00000002  c_p.l(libinit2.o)
    0x00000122   0x00000122   0x00000000   Code   RO          473    .ARM.Collect$$libinit$$00000004  c_p.l(libinit2.o)
    0x00000122   0x00000122   0x00000000   Code   RO          476    .ARM.Collect$$libinit$$0000000A  c_p.l(libinit2.o)
    0x00000122   0x00000122   0x00000000   Code   RO          478    .ARM.Collect$$libinit$$0000000C  c_p.l(libinit2.o)
    0x00000122   0x00000122   0x00000000   Code   RO          480    .ARM.Collect$$libinit$$0000000E  c_p.l(libinit2.o)
    0x00000122   0x00000122   0x00000000   Code   RO          483    .ARM.Collect$$libinit$$00000011  c_p.l(libinit2.o)
    0x00000122   0x00000122   0x00000000   Code   RO          485    .ARM.Collect$$libinit$$00000013  c_p.l(libinit2.o)
    0x00000122   0x00000122   0x00000000   Code   RO          487    .ARM.Collect$$libinit$$00000015  c_p.l(libinit2.o)
    0x00000122   0x00000122   0x00000000   Code   RO          489    .ARM.Collect$$libinit$$00000017  c_p.l(libinit2.o)
    0x00000122   0x00000122   0x00000000   Code   RO          491    .ARM.Collect$$libinit$$00000019  c_p.l(libinit2.o)
    0x00000122   0x00000122   0x00000000   Code   RO          493    .ARM.Collect$$libinit$$0000001B  c_p.l(libinit2.o)
    0x00000122   0x00000122   0x00000000   Code   RO          495    .ARM.Collect$$libinit$$0000001D  c_p.l(libinit2.o)
    0x00000122   0x00000122   0x00000000   Code   RO          497    .ARM.Collect$$libinit$$0000001F  c_p.l(libinit2.o)
    0x00000122   0x00000122   0x00000000   Code   RO          499    .ARM.Collect$$libinit$$00000021  c_p.l(libinit2.o)
    0x00000122   0x00000122   0x00000000   Code   RO          501    .ARM.Collect$$libinit$$00000023  c_p.l(libinit2.o)
    0x00000122   0x00000122   0x00000000   Code   RO          503    .ARM.Collect$$libinit$$00000025  c_p.l(libinit2.o)
    0x00000122   0x00000122   0x00000000   Code   RO          507    .ARM.Collect$$libinit$$0000002C  c_p.l(libinit2.o)
    0x00000122   0x00000122   0x00000000   Code   RO          509    .ARM.Collect$$libinit$$0000002E  c_p.l(libinit2.o)
    0x00000122   0x00000122   0x00000000   Code   RO          511    .ARM.Collect$$libinit$$00000030  c_p.l(libinit2.o)
    0x00000122   0x00000122   0x00000000   Code   RO          513    .ARM.Collect$$libinit$$00000032  c_p.l(libinit2.o)
    0x00000122   0x00000122   0x00000002   Code   RO          514    .ARM.Collect$$libinit$$00000033  c_p.l(libinit2.o)
    0x00000124   0x00000124   0x00000002   Code   RO          545    .ARM.Collect$$libshutdown$$00000000  c_p.l(libshutdown.o)
    0x00000126   0x00000126   0x00000000   Code   RO          571    .ARM.Collect$$libshutdown$$00000002  c_p.l(libshutdown2.o)
    0x00000126   0x00000126   0x00000000   Code   RO          573    .ARM.Collect$$libshutdown$$00000004  c_p.l(libshutdown2.o)
    0x00000126   0x00000126   0x00000000   Code   RO          576    .ARM.Collect$$libshutdown$$00000007  c_p.l(libshutdown2.o)
    0x00000126   0x00000126   0x00000000   Code   RO          579    .ARM.Collect$$libshutdown$$0000000A  c_p.l(libshutdown2.o)
    0x00000126   0x00000126   0x00000000   Code   RO          581    .ARM.Collect$$libshutdown$$0000000C  c_p.l(libshutdown2.o)
    0x00000126   0x00000126   0x00000000   Code   RO          584    .ARM.Collect$$libshutdown$$0000000F  c_p.l(libshutdown2.o)
    0x00000126   0x00000126   0x00000002   Code   RO          585    .ARM.Collect$$libshutdown$$00000010  c_p.l(libshutdown2.o)
    0x00000128   0x00000128   0x00000000   Code   RO          421    .ARM.Collect$$rtentry$$00000000  c_p.l(__rtentry.o)
    0x00000128   0x00000128   0x00000000   Code   RO          427    .ARM.Collect$$rtentry$$00000002  c_p.l(__rtentry2.o)
    0x00000128   0x00000128   0x00000006   Code   RO          439    .ARM.Collect$$rtentry$$00000004  c_p.l(__rtentry4.o)
    0x0000012e   0x0000012e   0x00000000   Code   RO          429    .ARM.Collect$$rtentry$$00000009  c_p.l(__rtentry2.o)
    0x0000012e   0x0000012e   0x00000004   Code   RO          430    .ARM.Collect$$rtentry$$0000000A  c_p.l(__rtentry2.o)
    0x00000132   0x00000132   0x00000000   Code   RO          432    .ARM.Collect$$rtentry$$0000000C  c_p.l(__rtentry2.o)
    0x00000132   0x00000132   0x00000008   Code   RO          433    .ARM.Collect$$rtentry$$0000000D  c_p.l(__rtentry2.o)
    0x0000013a   0x0000013a   0x00000002   Code   RO          462    .ARM.Collect$$rtexit$$00000000  c_p.l(rtexit.o)
    0x0000013c   0x0000013c   0x00000000   Code   RO          518    .ARM.Collect$$rtexit$$00000002  c_p.l(rtexit2.o)
    0x0000013c   0x0000013c   0x00000004   Code   RO          519    .ARM.Collect$$rtexit$$00000003  c_p.l(rtexit2.o)
    0x00000140   0x00000140   0x00000006   Code   RO          520    .ARM.Collect$$rtexit$$00000004  c_p.l(rtexit2.o)
    0x00000146   0x00000146   0x00000002   PAD
    0x00000148   0x00000148   0x00000040   Code   RO          371  * .text               startup_mkl25z4.o
    0x00000188   0x00000188   0x00000006   Code   RO          417    .text               c_p.l(heapauxi.o)
    0x0000018e   0x0000018e   0x0000003e   Code   RO          443    .text               c_p.l(sys_stackheap_outer.o)
    0x000001cc   0x000001cc   0x00000010   Code   RO          446    .text               c_p.l(exit.o)
    0x000001dc   0x000001dc   0x00000008   Code   RO          458    .text               c_p.l(libspace.o)
    0x000001e4   0x000001e4   0x0000000c   Code   RO          515    .text               c_p.l(sys_exit.o)
    0x000001f0   0x000001f0   0x00000002   Code   RO          534    .text               c_p.l(use_no_semi.o)
    0x000001f2   0x000001f2   0x00000000   Code   RO          536    .text               c_p.l(indicate_semi.o)
    0x000001f2   0x000001f2   0x00000002   PAD
    0x000001f4   0x000001f4   0x00000070   Code   RO          219    i.PORTA_IRQHandler  switches.o
    0x00000264   0x00000264   0x00000138   Code   RO          380    i.SystemInit        system_mkl25z4.o
    0x0000039c   0x0000039c   0x0000000e   Code   RO          107    i.TPM0_IRQHandler   tpm_functions.o
    0x000003aa   0x000003aa   0x00000002   PAD
    0x000003ac   0x000003ac   0x00000018   Code   RO          220    i.__NVIC_ClearPendingIRQ  switches.o
    0x000003c4   0x000003c4   0x0000001c   Code   RO          328    i.delayMs           lcd_lib_4bit_20b.o
    0x000003e0   0x000003e0   0x0000000c   Code   RO          144    i.go_Forward        motor_functions.o
    0x000003ec   0x000003ec   0x00000012   Code   RO          149    i.stop              motor_functions.o
    0x000003fe   0x000003fe   0x00000002   PAD
    0x00000400   0x00000400   0x00000010   Code   RO          370    .ARM.__at_0x400     startup_mkl25z4.o
    0x00000410   0x00000410   0x00000078   Code   RO          221    i.__NVIC_SetPriority  switches.o
    0x00000488   0x00000488   0x0000004c   Code   RO            3    i.control_RGB_LEDs  leds.o
    0x000004d4   0x000004d4   0x000000a4   Code   RO            4    i.init_RGB_LEDs     leds.o
    0x00000578   0x00000578   0x000000b4   Code   RO          109    i.init_motor_TPM0   tpm_functions.o
    0x0000062c   0x0000062c   0x000000d0   Code   RO          222    i.init_switch       switches.o
    0x000006fc   0x000006fc   0x0000001c   Code   RO          145    i.left_wheel_forward  motor_functions.o
    0x00000718   0x00000718   0x0000001c   Code   RO          146    i.left_wheel_stop   motor_functions.o
    0x00000734   0x00000734   0x0000002c   Code   RO           66    i.main              main.o
    0x00000760   0x00000760   0x0000001c   Code   RO          147    i.right_wheel_forward  motor_functions.o
    0x0000077c   0x0000077c   0x0000001c   Code   RO          148    i.right_wheel_stop  motor_functions.o
    0x00000798   0x00000798   0x0000002c   Code   RO            5    i.toggle_RGB_LEDs   leds.o
    0x000007c4   0x000007c4   0x0000000c   Code   RO          150    i.turn_Left         motor_functions.o
    0x000007d0   0x000007d0   0x0000000c   Code   RO          151    i.turn_Right        motor_functions.o
    0x000007dc   0x000007dc   0x00000010   Data   RO          586    Region$$Table       anon$$obj.o


    Execution Region ER_RW (Exec base: 0x1ffff000, Load base: 0x000007ec, Size: 0x00000000, Max: 0xffffffff, ABSOLUTE)

    **** No section assigned to this execution region ****


    Execution Region ER_ZI (Exec base: 0x1ffff000, Load base: 0x000007ec, Size: 0x00000160, Max: 0xffffffff, ABSOLUTE)

    Exec Addr    Load Addr    Size         Type   Attr      Idx    E Section Name        Object

    0x1ffff000        -       0x00000060   Zero   RW          459    .bss                c_p.l(libspace.o)
    0x1ffff060        -       0x00000000   Zero   RW          368    HEAP                startup_mkl25z4.o
    0x1ffff060        -       0x00000100   Zero   RW          367    STACK               startup_mkl25z4.o


==============================================================================

Image component sizes


      Code (inc. data)   RO Data    RW Data    ZI Data      Debug   Object Name

        28          4          0          0          0        562   lcd_lib_4bit_20b.o
       284         28          0          0          0     217873   leds.o
        44          6          0          0          0        499   main.o
       166         32          0          0          0       4161   motor_functions.o
        80         44        192          0        256       1076   startup_mkl25z4.o
       464         42          0          0          0      10341   switches.o
       312         46          0          0          0        673   system_mkl25z4.o
       194         20          0          0          0       1060   tpm_functions.o

    ----------------------------------------------------------------------
      1576        222        208          0        256     236245   Object Totals
         0          0         16          0          0          0   (incl. Generated)
         4          0          0          0          0          0   (incl. Padding)

    ----------------------------------------------------------------------

      Code (inc. data)   RO Data    RW Data    ZI Data      Debug   Library Member Name

         8          0          0          0          0         68   __main.o
         0          0          0          0          0          0   __rtentry.o
        12          0          0          0          0          0   __rtentry2.o
         6          0          0          0          0          0   __rtentry4.o
        60          8          0          0          0          0   __scatter.o
        28          0          0          0          0          0   __scatter_zi.o
        16          0          0          0          0         68   exit.o
         6          0          0          0          0        136   heapauxi.o
         0          0          0          0          0          0   indicate_semi.o
         2          0          0          0          0          0   libinit.o
         2          0          0          0          0          0   libinit2.o
         2          0          0          0          0          0   libshutdown.o
         2          0          0          0          0          0   libshutdown2.o
         8          4          0          0         96         68   libspace.o
         2          0          0          0          0          0   rtexit.o
        10          0          0          0          0          0   rtexit2.o
        12          4          0          0          0         60   sys_exit.o
        62          0          0          0          0         80   sys_stackheap_outer.o
         2          0          0          0          0         68   use_no_semi.o

    ----------------------------------------------------------------------
       244         16          0          0         96        548   Library Totals
         4          0          0          0          0          0   (incl. Padding)

    ----------------------------------------------------------------------

      Code (inc. data)   RO Data    RW Data    ZI Data      Debug   Library Name

       240         16          0          0         96        548   c_p.l

    ----------------------------------------------------------------------
       244         16          0          0         96        548   Library Totals

    ----------------------------------------------------------------------

==============================================================================


      Code (inc. data)   RO Data    RW Data    ZI Data      Debug   

      1820        238        208          0        352     235797   Grand Totals
      1820        238        208          0        352     235797   ELF Image Totals
      1820        238        208          0          0          0   ROM Totals

==============================================================================

    Total RO  Size (Code + RO Data)                 2028 (   1.98kB)
    Total RW  Size (RW Data + ZI Data)               352 (   0.34kB)
    Total ROM Size (Code + RO Data + RW Data)       2028 (   1.98kB)

==============================================================================

