Component: ARM Compiler 5.06 update 6 (build 750) Tool: armlink [4d35ed]

==============================================================================

Section Cross References

    lcd_functions.o(i.binToHex) refers to aeabi_sdiv.o(.text) for __aeabi_idivmod
    lcd_functions.o(i.binToHex) refers to lcd_functions.o(i.Exp) for Exp
    lcd_functions.o(i.binToHex) refers to lcd_functions.o(i.bitToHex) for bitToHex
    lcd_functions.o(i.bitToHex) refers to lcd_functions.o(i.ijSwap) for ijSwap
    lcd_functions.o(i.bitToHex) refers to lcd_functions.o(i.Exp) for Exp
    lcd_functions.o(i.displayString) refers to lcd_lib_4bit_20b.o(i.LCD_send_data) for LCD_send_data
    lcd_lib_4bit_20b.o(i.LCD_command) refers to lcd_lib_4bit_20b.o(i.pulse_the_LCD_enable) for pulse_the_LCD_enable
    lcd_lib_4bit_20b.o(i.LCD_command) refers to lcd_lib_4bit_20b.o(i.delayMs) for delayMs
    lcd_lib_4bit_20b.o(i.LCD_init) refers to lcd_lib_4bit_20b.o(i.delayMs) for delayMs
    lcd_lib_4bit_20b.o(i.LCD_init) refers to lcd_lib_4bit_20b.o(i.pulse_the_LCD_enable) for pulse_the_LCD_enable
    lcd_lib_4bit_20b.o(i.LCD_init) refers to lcd_lib_4bit_20b.o(i.LCD_command) for LCD_command
    lcd_lib_4bit_20b.o(i.LCD_send_data) refers to lcd_lib_4bit_20b.o(i.pulse_the_LCD_enable) for pulse_the_LCD_enable
    lcd_lib_4bit_20b.o(i.pulse_the_LCD_enable) refers to lcd_lib_4bit_20b.o(i.delayMs) for delayMs
    leds.o(i.init_RGB_LEDs) refers to leds.o(i.control_RGB_LEDs) for control_RGB_LEDs
    main.o(i.main) refers to lcd_lib_4bit_20b.o(i.LCD_init) for LCD_init
    main.o(i.main) refers to lcd_lib_4bit_20b.o(i.LCD_command) for LCD_command
    main.o(i.main) refers to leds.o(i.init_RGB_LEDs) for init_RGB_LEDs
    main.o(i.main) refers to switches.o(i.init_switch) for init_switch
    main.o(i.main) refers to pit_functions.o(i.Init_PIT) for Init_PIT
    main.o(i.main) refers to leds.o(i.control_RGB_LEDs) for control_RGB_LEDs
    main.o(i.main) refers to main_functions.o(i.countToClock) for countToClock
    main.o(i.main) refers to main_functions.o(i.get_Count) for get_Count
    main.o(i.main) refers to main.o(i.__ARM_common_switch8) for __ARM_common_switch8
    main.o(i.main) refers to main_functions.o(i.clear_Count) for clear_Count
    main.o(i.main) refers to pit_functions.o(i.Start_PIT) for Start_PIT
    main.o(i.main) refers to pit_functions.o(i.Stop_PIT) for Stop_PIT
    main.o(i.main) refers to main_functions.o(i.display_Error) for display_Error
    main.o(i.main) refers to main_functions.o(i.display_Count) for display_Count
    main.o(i.main) refers to main_functions.o(i.display_Ready) for display_Ready
    main.o(i.main) refers to main_functions.o(i.state_Update) for state_Update
    main.o(i.main) refers to main_functions.o(.data) for present_state
    main_functions.o(i.clear_Count) refers to main_functions.o(.data) for counter
    main_functions.o(i.countToClock) refers to main_functions.o(i.countToTime) for countToTime
    main_functions.o(i.countToClock) refers to main_functions.o(i.decToClock) for decToClock
    main_functions.o(i.countToClock) refers to lcd_lib_4bit_20b.o(i.LCD_command) for LCD_command
    main_functions.o(i.countToClock) refers to lcd_functions.o(i.displayString) for displayString
    main_functions.o(i.countToClock) refers to main_functions.o(.data) for counter
    main_functions.o(i.countToClock) refers to main_functions.o(.bss) for clock
    main_functions.o(i.countToTime) refers to aeabi_sdiv.o(.text) for __aeabi_uidivmod
    main_functions.o(i.countToTime) refers to dflti.o(.text) for __aeabi_ui2d
    main_functions.o(i.countToTime) refers to floor.o(i.floor) for floor
    main_functions.o(i.countToTime) refers to dfixui.o(.text) for __aeabi_d2uiz
    main_functions.o(i.countToTime) refers to main_functions.o(.data) for counter
    main_functions.o(i.decToClock) refers to main_functions.o(i.placeSeperator) for placeSeperator
    main_functions.o(i.decToClock) refers to main_functions.o(i.decToHex) for decToHex
    main_functions.o(i.decToClock) refers to main_functions.o(.data) for minutes
    main_functions.o(i.decToClock) refers to main_functions.o(.bss) for clock
    main_functions.o(i.decToHex) refers to main.o(i.__ARM_common_switch8) for __ARM_common_switch8
    main_functions.o(i.display_Count) refers to main_functions.o(i.countToTime) for countToTime
    main_functions.o(i.display_Count) refers to main_functions.o(i.decToClock) for decToClock
    main_functions.o(i.display_Count) refers to lcd_lib_4bit_20b.o(i.LCD_command) for LCD_command
    main_functions.o(i.display_Count) refers to lcd_functions.o(i.displayString) for displayString
    main_functions.o(i.display_Count) refers to leds.o(i.control_RGB_LEDs) for control_RGB_LEDs
    main_functions.o(i.display_Count) refers to main_functions.o(.bss) for clock
    main_functions.o(i.display_Error) refers to lcd_lib_4bit_20b.o(i.LCD_command) for LCD_command
    main_functions.o(i.display_Error) refers to rt_memcpy.o(.emb_text) for __aeabi_memcpy4
    main_functions.o(i.display_Error) refers to lcd_functions.o(i.displayString) for displayString
    main_functions.o(i.display_Error) refers to main_functions.o(i.countToTime) for countToTime
    main_functions.o(i.display_Error) refers to main_functions.o(i.decToClock) for decToClock
    main_functions.o(i.display_Error) refers to main_functions.o(.constdata) for .constdata
    main_functions.o(i.display_Error) refers to main_functions.o(.bss) for clock
    main_functions.o(i.display_Ready) refers to lcd_lib_4bit_20b.o(i.LCD_command) for LCD_command
    main_functions.o(i.display_Ready) refers to rt_memcpy.o(.emb_text) for __aeabi_memcpy4
    main_functions.o(i.display_Ready) refers to lcd_functions.o(i.displayString) for displayString
    main_functions.o(i.display_Ready) refers to leds.o(i.control_RGB_LEDs) for control_RGB_LEDs
    main_functions.o(i.display_Ready) refers to main_functions.o(.constdata) for .constdata
    main_functions.o(i.get_Count) refers to main_functions.o(.data) for counter
    main_functions.o(i.inc_Count) refers to main_functions.o(.data) for counter
    main_functions.o(i.placeSeperator) refers to aeabi_sdiv.o(.text) for __aeabi_idivmod
    main_functions.o(i.placeSeperator) refers to dflti.o(.text) for __aeabi_i2d
    main_functions.o(i.placeSeperator) refers to floor.o(i.floor) for floor
    main_functions.o(i.placeSeperator) refers to dfixi.o(.text) for __aeabi_d2iz
    main_functions.o(i.state_Update) refers to main.o(i.__ARM_common_switch8) for __ARM_common_switch8
    main_functions.o(i.state_Update) refers to main_functions.o(.data) for present_state
    pit_functions.o(i.Init_PIT) refers to pit_functions.o(i.__NVIC_SetPriority) for __NVIC_SetPriority
    pit_functions.o(i.Init_PIT) refers to pit_functions.o(i.__NVIC_ClearPendingIRQ) for __NVIC_ClearPendingIRQ
    pit_functions.o(i.PIT_IRQHandler) refers to pit_functions.o(i.__NVIC_ClearPendingIRQ) for __NVIC_ClearPendingIRQ
    pit_functions.o(i.PIT_IRQHandler) refers to main_functions.o(i.inc_Count) for inc_Count
    switches.o(i.init_switch) refers to switches.o(.data) for doublePress
    startup_mkl25z4.o(STACK) refers (Special) to heapauxi.o(.text) for __use_two_region_memory
    startup_mkl25z4.o(HEAP) refers (Special) to heapauxi.o(.text) for __use_two_region_memory
    startup_mkl25z4.o(RESET) refers (Special) to heapauxi.o(.text) for __use_two_region_memory
    startup_mkl25z4.o(RESET) refers to startup_mkl25z4.o(STACK) for __initial_sp
    startup_mkl25z4.o(RESET) refers to startup_mkl25z4.o(.text) for Reset_Handler
    startup_mkl25z4.o(RESET) refers to pit_functions.o(i.PIT_IRQHandler) for PIT_IRQHandler
    startup_mkl25z4.o(.ARM.__at_0x400) refers (Special) to heapauxi.o(.text) for __use_two_region_memory
    startup_mkl25z4.o(.text) refers (Special) to heapauxi.o(.text) for __use_two_region_memory
    startup_mkl25z4.o(.text) refers to system_mkl25z4.o(i.SystemInit) for SystemInit
    startup_mkl25z4.o(.text) refers to __main.o(!!!main) for __main
    startup_mkl25z4.o(.text) refers to startup_mkl25z4.o(HEAP) for Heap_Mem
    startup_mkl25z4.o(.text) refers to startup_mkl25z4.o(STACK) for Stack_Mem
    system_mkl25z4.o(i.SystemCoreClockUpdate) refers to aeabi_sdiv.o(.text) for __aeabi_uidivmod
    system_mkl25z4.o(i.SystemCoreClockUpdate) refers to main.o(i.__ARM_common_switch8) for __ARM_common_switch8
    system_mkl25z4.o(i.SystemCoreClockUpdate) refers to system_mkl25z4.o(.data) for SystemCoreClock
    rt_memcpy.o(.text) refers to rt_memcpy.o(.emb_text) for __aeabi_memcpy4
    __main.o(!!!main) refers to __rtentry.o(.ARM.Collect$$rtentry$$00000000) for __rt_entry
    dfixi.o(.text) refers (Special) to usenofp.o(x$fpl$usenofp) for __I$use$fp
    dfixui.o(.text) refers (Special) to usenofp.o(x$fpl$usenofp) for __I$use$fp
    dflti.o(.text) refers (Special) to usenofp.o(x$fpl$usenofp) for __I$use$fp
    floor.o(i.__softfp_floor) refers (Special) to usenofp.o(x$fpl$usenofp) for __I$use$fp
    floor.o(i.__softfp_floor) refers to floor.o(i.floor) for floor
    floor.o(i.floor) refers (Special) to usenofp.o(x$fpl$usenofp) for __I$use$fp
    floor.o(i.floor) refers to daddsub.o(.text) for __aeabi_dadd
    floor.o(i.floor) refers to drlef.o(x$fpl$drleqf) for __aeabi_cdrcmple
    __rtentry.o(.ARM.Collect$$rtentry$$00000000) refers (Special) to __rtentry2.o(.ARM.Collect$$rtentry$$0000000A) for __rt_entry_li
    __rtentry.o(.ARM.Collect$$rtentry$$00000000) refers (Special) to __rtentry2.o(.ARM.Collect$$rtentry$$0000000D) for __rt_entry_main
    __rtentry.o(.ARM.Collect$$rtentry$$00000000) refers (Special) to __rtentry2.o(.ARM.Collect$$rtentry$$0000000C) for __rt_entry_postli_1
    __rtentry.o(.ARM.Collect$$rtentry$$00000000) refers (Special) to __rtentry2.o(.ARM.Collect$$rtentry$$00000009) for __rt_entry_postsh_1
    __rtentry.o(.ARM.Collect$$rtentry$$00000000) refers (Special) to __rtentry2.o(.ARM.Collect$$rtentry$$00000002) for __rt_entry_presh_1
    __rtentry.o(.ARM.Collect$$rtentry$$00000000) refers (Special) to __rtentry4.o(.ARM.Collect$$rtentry$$00000004) for __rt_entry_sh
    aeabi_idiv0_sigfpe.o(.text) refers to rt_div0.o(.text) for __rt_div0
    daddsub.o(.text) refers (Special) to usenofp.o(x$fpl$usenofp) for __I$use$fp
    drlef.o(x$fpl$drleqf) refers (Special) to usenofp.o(x$fpl$usenofp) for __I$use$fp
    drlef.o(x$fpl$drleqf) refers to dcmpin.o(.text) for __fpl_dcmp_InfNaN
    __rtentry2.o(.ARM.Collect$$rtentry$$00000008) refers to boardinit2.o(.text) for _platform_post_stackheap_init
    __rtentry2.o(.ARM.Collect$$rtentry$$0000000A) refers to libinit.o(.ARM.Collect$$libinit$$00000000) for __rt_lib_init
    __rtentry2.o(.ARM.Collect$$rtentry$$0000000B) refers to boardinit3.o(.text) for _platform_post_lib_init
    __rtentry2.o(.ARM.Collect$$rtentry$$0000000D) refers to main.o(i.main) for main
    __rtentry2.o(.ARM.Collect$$rtentry$$0000000D) refers to exit.o(.text) for exit
    __rtentry2.o(.ARM.exidx) refers to __rtentry2.o(.ARM.Collect$$rtentry$$00000001) for .ARM.Collect$$rtentry$$00000001
    __rtentry2.o(.ARM.exidx) refers to __rtentry2.o(.ARM.Collect$$rtentry$$00000008) for .ARM.Collect$$rtentry$$00000008
    __rtentry2.o(.ARM.exidx) refers to __rtentry2.o(.ARM.Collect$$rtentry$$0000000A) for .ARM.Collect$$rtentry$$0000000A
    __rtentry2.o(.ARM.exidx) refers to __rtentry2.o(.ARM.Collect$$rtentry$$0000000B) for .ARM.Collect$$rtentry$$0000000B
    __rtentry2.o(.ARM.exidx) refers to __rtentry2.o(.ARM.Collect$$rtentry$$0000000D) for .ARM.Collect$$rtentry$$0000000D
    __rtentry4.o(.ARM.Collect$$rtentry$$00000004) refers to sys_stackheap_outer.o(.text) for __user_setup_stackheap
    __rtentry4.o(.ARM.exidx) refers to __rtentry4.o(.ARM.Collect$$rtentry$$00000004) for .ARM.Collect$$rtentry$$00000004
    rt_div0.o(.text) refers to defsig_fpe_outer.o(.text) for __rt_SIGFPE
    dcmpin.o(.text) refers (Special) to usenofp.o(x$fpl$usenofp) for __I$use$fp
    dcmpin.o(.text) refers to cmpret.o(.text) for __fpl_cmpreturn
    dcmpin.o(.text) refers to dnan2.o(.text) for __fpl_dcheck_NaN2
    sys_stackheap_outer.o(.text) refers to libspace.o(.text) for __user_perproc_libspace
    sys_stackheap_outer.o(.text) refers to startup_mkl25z4.o(.text) for __user_initial_stackheap
    sys_stackheap_outer.o(__vectab_stack_and_reset_area) refers to tempstk.o(.text) for __temporary_stack_top
    sys_stackheap_outer.o(__vectab_stack_and_reset_area) refers to __main.o(!!!main) for __main
    exit.o(.text) refers to rtexit.o(.ARM.Collect$$rtexit$$00000000) for __rt_exit
    defsig_fpe_outer.o(.text) refers to defsig_fpe_inner.o(.text) for __rt_SIGFPE_inner
    defsig_fpe_outer.o(.text) refers to defsig_exit.o(.text) for __sig_exit
    defsig_fpe_formal.o(.text) refers to rt_raise.o(.text) for __rt_raise
    libinit.o(.ARM.Collect$$libinit$$00000000) refers (Special) to libinit2.o(.ARM.Collect$$libinit$$0000002E) for __rt_lib_init_alloca_1
    libinit.o(.ARM.Collect$$libinit$$00000000) refers (Special) to libinit2.o(.ARM.Collect$$libinit$$0000002C) for __rt_lib_init_argv_1
    libinit.o(.ARM.Collect$$libinit$$00000000) refers (Special) to libinit2.o(.ARM.Collect$$libinit$$0000001B) for __rt_lib_init_atexit_1
    libinit.o(.ARM.Collect$$libinit$$00000000) refers (Special) to libinit2.o(.ARM.Collect$$libinit$$00000021) for __rt_lib_init_clock_1
    libinit.o(.ARM.Collect$$libinit$$00000000) refers (Special) to libinit2.o(.ARM.Collect$$libinit$$00000032) for __rt_lib_init_cpp_1
    libinit.o(.ARM.Collect$$libinit$$00000000) refers (Special) to libinit2.o(.ARM.Collect$$libinit$$00000030) for __rt_lib_init_exceptions_1
    libinit.o(.ARM.Collect$$libinit$$00000000) refers (Special) to libinit2.o(.ARM.Collect$$libinit$$00000002) for __rt_lib_init_fp_1
    libinit.o(.ARM.Collect$$libinit$$00000000) refers (Special) to libinit2.o(.ARM.Collect$$libinit$$0000001F) for __rt_lib_init_fp_trap_1
    libinit.o(.ARM.Collect$$libinit$$00000000) refers (Special) to libinit2.o(.ARM.Collect$$libinit$$00000023) for __rt_lib_init_getenv_1
    libinit.o(.ARM.Collect$$libinit$$00000000) refers (Special) to libinit2.o(.ARM.Collect$$libinit$$0000000A) for __rt_lib_init_heap_1
    libinit.o(.ARM.Collect$$libinit$$00000000) refers (Special) to libinit2.o(.ARM.Collect$$libinit$$00000011) for __rt_lib_init_lc_collate_1
    libinit.o(.ARM.Collect$$libinit$$00000000) refers (Special) to libinit2.o(.ARM.Collect$$libinit$$00000013) for __rt_lib_init_lc_ctype_1
    libinit.o(.ARM.Collect$$libinit$$00000000) refers (Special) to libinit2.o(.ARM.Collect$$libinit$$00000015) for __rt_lib_init_lc_monetary_1
    libinit.o(.ARM.Collect$$libinit$$00000000) refers (Special) to libinit2.o(.ARM.Collect$$libinit$$00000017) for __rt_lib_init_lc_numeric_1
    libinit.o(.ARM.Collect$$libinit$$00000000) refers (Special) to libinit2.o(.ARM.Collect$$libinit$$00000019) for __rt_lib_init_lc_time_1
    libinit.o(.ARM.Collect$$libinit$$00000000) refers (Special) to libinit2.o(.ARM.Collect$$libinit$$00000004) for __rt_lib_init_preinit_1
    libinit.o(.ARM.Collect$$libinit$$00000000) refers (Special) to libinit2.o(.ARM.Collect$$libinit$$0000000E) for __rt_lib_init_rand_1
    libinit.o(.ARM.Collect$$libinit$$00000000) refers (Special) to libinit2.o(.ARM.Collect$$libinit$$00000033) for __rt_lib_init_return
    libinit.o(.ARM.Collect$$libinit$$00000000) refers (Special) to libinit2.o(.ARM.Collect$$libinit$$0000001D) for __rt_lib_init_signal_1
    libinit.o(.ARM.Collect$$libinit$$00000000) refers (Special) to libinit2.o(.ARM.Collect$$libinit$$00000025) for __rt_lib_init_stdio_1
    libinit.o(.ARM.Collect$$libinit$$00000000) refers (Special) to libinit2.o(.ARM.Collect$$libinit$$0000000C) for __rt_lib_init_user_alloc_1
    cmpret.o(.text) refers (Special) to usenofp.o(x$fpl$usenofp) for __I$use$fp
    dnan2.o(.text) refers (Special) to usenofp.o(x$fpl$usenofp) for __I$use$fp
    dnan2.o(.text) refers to retnan.o(.text) for __fpl_return_NaN
    libspace.o(.text) refers to libspace.o(.bss) for __libspace_start
    rtexit.o(.ARM.Collect$$rtexit$$00000000) refers (Special) to rtexit2.o(.ARM.Collect$$rtexit$$00000004) for __rt_exit_exit
    rtexit.o(.ARM.Collect$$rtexit$$00000000) refers (Special) to rtexit2.o(.ARM.Collect$$rtexit$$00000003) for __rt_exit_ls
    rtexit.o(.ARM.Collect$$rtexit$$00000000) refers (Special) to rtexit2.o(.ARM.Collect$$rtexit$$00000002) for __rt_exit_prels_1
    rtexit.o(.ARM.exidx) refers (Special) to rtexit2.o(.ARM.Collect$$rtexit$$00000004) for __rt_exit_exit
    rtexit.o(.ARM.exidx) refers (Special) to rtexit2.o(.ARM.Collect$$rtexit$$00000003) for __rt_exit_ls
    rtexit.o(.ARM.exidx) refers (Special) to rtexit2.o(.ARM.Collect$$rtexit$$00000002) for __rt_exit_prels_1
    rtexit.o(.ARM.exidx) refers to rtexit.o(.ARM.Collect$$rtexit$$00000000) for .ARM.Collect$$rtexit$$00000000
    rt_raise.o(.text) refers to __raise.o(.text) for __raise
    rt_raise.o(.text) refers to sys_exit.o(.text) for _sys_exit
    defsig_exit.o(.text) refers to sys_exit.o(.text) for _sys_exit
    defsig_fpe_inner.o(.text) refers to defsig_general.o(.text) for __default_signal_display
    libinit2.o(.ARM.Collect$$libinit$$00000010) refers to libinit2.o(.ARM.Collect$$libinit$$0000000F) for .ARM.Collect$$libinit$$0000000F
    libinit2.o(.ARM.Collect$$libinit$$00000012) refers to libinit2.o(.ARM.Collect$$libinit$$0000000F) for .ARM.Collect$$libinit$$0000000F
    libinit2.o(.ARM.Collect$$libinit$$00000014) refers to libinit2.o(.ARM.Collect$$libinit$$0000000F) for .ARM.Collect$$libinit$$0000000F
    libinit2.o(.ARM.Collect$$libinit$$00000016) refers to libinit2.o(.ARM.Collect$$libinit$$0000000F) for .ARM.Collect$$libinit$$0000000F
    libinit2.o(.ARM.Collect$$libinit$$00000018) refers to libinit2.o(.ARM.Collect$$libinit$$0000000F) for .ARM.Collect$$libinit$$0000000F
    libinit2.o(.ARM.Collect$$libinit$$00000026) refers to argv_veneer.o(.text) for __ARM_argv_veneer
    libinit2.o(.ARM.Collect$$libinit$$00000027) refers to argv_veneer.o(.text) for __ARM_argv_veneer
    retnan.o(.text) refers (Special) to usenofp.o(x$fpl$usenofp) for __I$use$fp
    retnan.o(.text) refers to cmpret.o(.text) for __fpl_cmpreturn
    sys_exit.o(.text) refers (Special) to use_no_semi.o(.text) for __I$use$semihosting
    sys_exit.o(.text) refers (Special) to indicate_semi.o(.text) for __semihosting_library_function
    rtexit2.o(.ARM.Collect$$rtexit$$00000003) refers to libshutdown.o(.ARM.Collect$$libshutdown$$00000000) for __rt_lib_shutdown
    rtexit2.o(.ARM.Collect$$rtexit$$00000004) refers to sys_exit.o(.text) for _sys_exit
    rtexit2.o(.ARM.exidx) refers to rtexit2.o(.ARM.Collect$$rtexit$$00000001) for .ARM.Collect$$rtexit$$00000001
    rtexit2.o(.ARM.exidx) refers to rtexit2.o(.ARM.Collect$$rtexit$$00000003) for .ARM.Collect$$rtexit$$00000003
    rtexit2.o(.ARM.exidx) refers to rtexit2.o(.ARM.Collect$$rtexit$$00000004) for .ARM.Collect$$rtexit$$00000004
    __raise.o(.text) refers to defsig.o(CL$$defsig) for __default_signal_handler
    defsig_general.o(.text) refers to sys_wrch.o(.text) for _ttywrch
    sys_wrch.o(.text) refers (Special) to use_no_semi.o(.text) for __I$use$semihosting
    sys_wrch.o(.text) refers (Special) to indicate_semi.o(.text) for __semihosting_library_function
    defsig.o(CL$$defsig) refers to defsig_fpe_inner.o(.text) for __rt_SIGFPE_inner
    defsig.o(CL$$defsig) refers to defsig_rtmem_inner.o(.text) for __rt_SIGRTMEM_inner
    _get_argv_nomalloc.o(.text) refers (Special) to hrguard.o(.text) for __heap_region$guard
    _get_argv_nomalloc.o(.text) refers to defsig_rtmem_outer.o(.text) for __rt_SIGRTMEM
    _get_argv_nomalloc.o(.text) refers to sys_command.o(.text) for _sys_command_string
    libshutdown.o(.ARM.Collect$$libshutdown$$00000000) refers (Special) to libshutdown2.o(.ARM.Collect$$libshutdown$$00000002) for __rt_lib_shutdown_cpp_1
    libshutdown.o(.ARM.Collect$$libshutdown$$00000000) refers (Special) to libshutdown2.o(.ARM.Collect$$libshutdown$$00000007) for __rt_lib_shutdown_fp_trap_1
    libshutdown.o(.ARM.Collect$$libshutdown$$00000000) refers (Special) to libshutdown2.o(.ARM.Collect$$libshutdown$$0000000F) for __rt_lib_shutdown_heap_1
    libshutdown.o(.ARM.Collect$$libshutdown$$00000000) refers (Special) to libshutdown2.o(.ARM.Collect$$libshutdown$$00000010) for __rt_lib_shutdown_return
    libshutdown.o(.ARM.Collect$$libshutdown$$00000000) refers (Special) to libshutdown2.o(.ARM.Collect$$libshutdown$$0000000A) for __rt_lib_shutdown_signal_1
    libshutdown.o(.ARM.Collect$$libshutdown$$00000000) refers (Special) to libshutdown2.o(.ARM.Collect$$libshutdown$$00000004) for __rt_lib_shutdown_stdio_1
    libshutdown.o(.ARM.Collect$$libshutdown$$00000000) refers (Special) to libshutdown2.o(.ARM.Collect$$libshutdown$$0000000C) for __rt_lib_shutdown_user_alloc_1
    sys_command.o(.text) refers (Special) to use_no_semi.o(.text) for __I$use$semihosting
    sys_command.o(.text) refers (Special) to indicate_semi.o(.text) for __semihosting_library_function
    defsig_abrt_inner.o(.text) refers to defsig_general.o(.text) for __default_signal_display
    defsig_rtred_inner.o(.text) refers to defsig_general.o(.text) for __default_signal_display
    defsig_rtmem_inner.o(.text) refers to defsig_general.o(.text) for __default_signal_display
    defsig_rtmem_outer.o(.text) refers to defsig_rtmem_inner.o(.text) for __rt_SIGRTMEM_inner
    defsig_rtmem_outer.o(.text) refers to defsig_exit.o(.text) for __sig_exit
    defsig_rtmem_formal.o(.text) refers to rt_raise.o(.text) for __rt_raise
    defsig_stak_inner.o(.text) refers to defsig_general.o(.text) for __default_signal_display
    defsig_pvfn_inner.o(.text) refers to defsig_general.o(.text) for __default_signal_display
    defsig_cppl_inner.o(.text) refers to defsig_general.o(.text) for __default_signal_display
    defsig_segv_inner.o(.text) refers to defsig_general.o(.text) for __default_signal_display
    defsig_other.o(.text) refers to defsig_general.o(.text) for __default_signal_display


==============================================================================

Removing Unused input sections from the image.

    Removing lcd_functions.o(.rev16_text), (4 bytes).
    Removing lcd_functions.o(.revsh_text), (4 bytes).
    Removing lcd_functions.o(i.Exp), (24 bytes).
    Removing lcd_functions.o(i.binToHex), (84 bytes).
    Removing lcd_functions.o(i.bitParcer), (34 bytes).
    Removing lcd_functions.o(i.bitToHex), (46 bytes).
    Removing lcd_functions.o(i.ijSwap), (34 bytes).
    Removing lcd_lib_4bit_20b.o(.rev16_text), (4 bytes).
    Removing lcd_lib_4bit_20b.o(.revsh_text), (4 bytes).
    Removing leds.o(.rev16_text), (4 bytes).
    Removing leds.o(.revsh_text), (4 bytes).
    Removing leds.o(i.toggle_RGB_LEDs), (44 bytes).
    Removing main.o(.rev16_text), (4 bytes).
    Removing main.o(.revsh_text), (4 bytes).
    Removing main_functions.o(.rev16_text), (4 bytes).
    Removing main_functions.o(.revsh_text), (4 bytes).
    Removing pit_functions.o(.rev16_text), (4 bytes).
    Removing pit_functions.o(.revsh_text), (4 bytes).
    Removing pit_functions.o(.data), (12 bytes).
    Removing switches.o(.rev16_text), (4 bytes).
    Removing switches.o(.revsh_text), (4 bytes).
    Removing system_mkl25z4.o(.rev16_text), (4 bytes).
    Removing system_mkl25z4.o(.revsh_text), (4 bytes).
    Removing system_mkl25z4.o(i.SystemCoreClockUpdate), (400 bytes).
    Removing system_mkl25z4.o(.data), (4 bytes).

25 unused section(s) (total 746 bytes) removed from the image.

==============================================================================

Image Symbol Table

    Local Symbols

    Symbol Name                              Value     Ov Type        Size  Object(Section)

    RESET                                    0x00000000   Section      192  startup_mkl25z4.o(RESET)
    ../clib/angel/boardlib.s                 0x00000000   Number         0  boardinit3.o ABSOLUTE
    ../clib/angel/boardlib.s                 0x00000000   Number         0  boardshut.o ABSOLUTE
    ../clib/angel/boardlib.s                 0x00000000   Number         0  boardinit1.o ABSOLUTE
    ../clib/angel/boardlib.s                 0x00000000   Number         0  boardinit2.o ABSOLUTE
    ../clib/angel/handlers.s                 0x00000000   Number         0  __scatter_copy.o ABSOLUTE
    ../clib/angel/handlers.s                 0x00000000   Number         0  __scatter_zi.o ABSOLUTE
    ../clib/angel/kernel.s                   0x00000000   Number         0  __rtentry.o ABSOLUTE
    ../clib/angel/kernel.s                   0x00000000   Number         0  rtexit2.o ABSOLUTE
    ../clib/angel/kernel.s                   0x00000000   Number         0  rtexit.o ABSOLUTE
    ../clib/angel/kernel.s                   0x00000000   Number         0  __rtentry4.o ABSOLUTE
    ../clib/angel/kernel.s                   0x00000000   Number         0  __rtentry2.o ABSOLUTE
    ../clib/angel/rt.s                       0x00000000   Number         0  aeabi_idiv0.o ABSOLUTE
    ../clib/angel/rt.s                       0x00000000   Number         0  rt_div0.o ABSOLUTE
    ../clib/angel/rt.s                       0x00000000   Number         0  rt_raise.o ABSOLUTE
    ../clib/angel/rt.s                       0x00000000   Number         0  aeabi_idiv0_sigfpe.o ABSOLUTE
    ../clib/angel/scatterp.s                 0x00000000   Number         0  __scatter.o ABSOLUTE
    ../clib/angel/startup.s                  0x00000000   Number         0  __main.o ABSOLUTE
    ../clib/angel/sys.s                      0x00000000   Number         0  use_no_semi.o ABSOLUTE
    ../clib/angel/sys.s                      0x00000000   Number         0  tempstk.o ABSOLUTE
    ../clib/angel/sys.s                      0x00000000   Number         0  sys_stackheap_outer.o ABSOLUTE
    ../clib/angel/sys.s                      0x00000000   Number         0  indicate_semi.o ABSOLUTE
    ../clib/angel/sys.s                      0x00000000   Number         0  libspace.o ABSOLUTE
    ../clib/angel/sysapp.c                   0x00000000   Number         0  sys_wrch.o ABSOLUTE
    ../clib/angel/sysapp.c                   0x00000000   Number         0  sys_command.o ABSOLUTE
    ../clib/angel/sysapp.c                   0x00000000   Number         0  sys_exit.o ABSOLUTE
    ../clib/armsys.c                         0x00000000   Number         0  _get_argv_nomalloc.o ABSOLUTE
    ../clib/armsys.c                         0x00000000   Number         0  argv_veneer.o ABSOLUTE
    ../clib/armsys.c                         0x00000000   Number         0  no_argv.o ABSOLUTE
    ../clib/division.s                       0x00000000   Number         0  aeabi_sdiv.o ABSOLUTE
    ../clib/division.s                       0x00000000   Number         0  aeabi_sdiv_div0.o ABSOLUTE
    ../clib/heapalloc.c                      0x00000000   Number         0  hrguard.o ABSOLUTE
    ../clib/heapaux.c                        0x00000000   Number         0  heapauxi.o ABSOLUTE
    ../clib/libinit.s                        0x00000000   Number         0  libshutdown2.o ABSOLUTE
    ../clib/libinit.s                        0x00000000   Number         0  libinit.o ABSOLUTE
    ../clib/libinit.s                        0x00000000   Number         0  libinit2.o ABSOLUTE
    ../clib/libinit.s                        0x00000000   Number         0  libshutdown.o ABSOLUTE
    ../clib/memcpset.c                       0x00000000   Number         0  rt_memcpy.o ABSOLUTE
    ../clib/memcpset.c                       0x00000000   Number         0  rt_memcpy.o ABSOLUTE
    ../clib/signal.c                         0x00000000   Number         0  defsig_pvfn_inner.o ABSOLUTE
    ../clib/signal.c                         0x00000000   Number         0  defsig_stak_inner.o ABSOLUTE
    ../clib/signal.c                         0x00000000   Number         0  defsig_fpe_formal.o ABSOLUTE
    ../clib/signal.c                         0x00000000   Number         0  defsig_fpe_inner.o ABSOLUTE
    ../clib/signal.c                         0x00000000   Number         0  defsig_exit.o ABSOLUTE
    ../clib/signal.c                         0x00000000   Number         0  defsig_cppl_inner.o ABSOLUTE
    ../clib/signal.c                         0x00000000   Number         0  defsig_fpe_outer.o ABSOLUTE
    ../clib/signal.c                         0x00000000   Number         0  defsig_abrt_inner.o ABSOLUTE
    ../clib/signal.c                         0x00000000   Number         0  __raise.o ABSOLUTE
    ../clib/signal.c                         0x00000000   Number         0  defsig_rtred_inner.o ABSOLUTE
    ../clib/signal.c                         0x00000000   Number         0  defsig_rtmem_inner.o ABSOLUTE
    ../clib/signal.c                         0x00000000   Number         0  defsig_general.o ABSOLUTE
    ../clib/signal.c                         0x00000000   Number         0  defsig_segv_inner.o ABSOLUTE
    ../clib/signal.c                         0x00000000   Number         0  defsig_other.o ABSOLUTE
    ../clib/signal.c                         0x00000000   Number         0  defsig_rtmem_outer.o ABSOLUTE
    ../clib/signal.c                         0x00000000   Number         0  defsig_rtmem_formal.o ABSOLUTE
    ../clib/signal.s                         0x00000000   Number         0  defsig.o ABSOLUTE
    ../clib/stdlib.c                         0x00000000   Number         0  exit.o ABSOLUTE
    ../fplib/cfplib/cmpret.c                 0x00000000   Number         0  cmpret.o ABSOLUTE
    ../fplib/cfplib/daddsub.c                0x00000000   Number         0  daddsub.o ABSOLUTE
    ../fplib/cfplib/dcmpin.c                 0x00000000   Number         0  dcmpin.o ABSOLUTE
    ../fplib/cfplib/ffix.c                   0x00000000   Number         0  dfixui.o ABSOLUTE
    ../fplib/cfplib/ffix.c                   0x00000000   Number         0  dfixi.o ABSOLUTE
    ../fplib/cfplib/fflt.c                   0x00000000   Number         0  dflti.o ABSOLUTE
    ../fplib/cfplib/fpinit.c                 0x00000000   Number         0  fpinit.o ABSOLUTE
    ../fplib/cfplib/nan2.c                   0x00000000   Number         0  dnan2.o ABSOLUTE
    ../fplib/cfplib/retnan.c                 0x00000000   Number         0  retnan.o ABSOLUTE
    ../fplib/drleqf6m.s                      0x00000000   Number         0  drlef.o ABSOLUTE
    ../fplib/usenofp.s                       0x00000000   Number         0  usenofp.o ABSOLUTE
    ../mathlib/floor.c                       0x00000000   Number         0  floor.o ABSOLUTE
    LCD_Functions.c                          0x00000000   Number         0  lcd_functions.o ABSOLUTE
    LCD_Functions.c                          0x00000000   Number         0  lcd_functions.o ABSOLUTE
    LEDs.c                                   0x00000000   Number         0  leds.o ABSOLUTE
    LEDs.c                                   0x00000000   Number         0  leds.o ABSOLUTE
    Main_Functions.c                         0x00000000   Number         0  main_functions.o ABSOLUTE
    Main_Functions.c                         0x00000000   Number         0  main_functions.o ABSOLUTE
    Pit_Functions.c                          0x00000000   Number         0  pit_functions.o ABSOLUTE
    Pit_Functions.c                          0x00000000   Number         0  pit_functions.o ABSOLUTE
    RTE\Device\MKL25Z128xxx4\startup_MKL25Z4.s 0x00000000   Number         0  startup_mkl25z4.o ABSOLUTE
    RTE\Device\MKL25Z128xxx4\system_MKL25Z4.c 0x00000000   Number         0  system_mkl25z4.o ABSOLUTE
    RTE\\Device\\MKL25Z128xxx4\\system_MKL25Z4.c 0x00000000   Number         0  system_mkl25z4.o ABSOLUTE
    dc.s                                     0x00000000   Number         0  dc.o ABSOLUTE
    lcd_lib_4bit_20b.c                       0x00000000   Number         0  lcd_lib_4bit_20b.o ABSOLUTE
    lcd_lib_4bit_20b.c                       0x00000000   Number         0  lcd_lib_4bit_20b.o ABSOLUTE
    main.c                                   0x00000000   Number         0  main.o ABSOLUTE
    main.c                                   0x00000000   Number         0  main.o ABSOLUTE
    switches.c                               0x00000000   Number         0  switches.o ABSOLUTE
    switches.c                               0x00000000   Number         0  switches.o ABSOLUTE
    !!!main                                  0x000000c0   Section        8  __main.o(!!!main)
    !!!scatter                               0x000000c8   Section       60  __scatter.o(!!!scatter)
    !!handler_copy                           0x00000104   Section       26  __scatter_copy.o(!!handler_copy)
    !!handler_zi                             0x00000120   Section       28  __scatter_zi.o(!!handler_zi)
    .ARM.Collect$$libinit$$00000000          0x0000013c   Section        2  libinit.o(.ARM.Collect$$libinit$$00000000)
    .ARM.Collect$$libinit$$00000002          0x0000013e   Section        0  libinit2.o(.ARM.Collect$$libinit$$00000002)
    .ARM.Collect$$libinit$$00000004          0x0000013e   Section        0  libinit2.o(.ARM.Collect$$libinit$$00000004)
    .ARM.Collect$$libinit$$0000000A          0x0000013e   Section        0  libinit2.o(.ARM.Collect$$libinit$$0000000A)
    .ARM.Collect$$libinit$$0000000C          0x0000013e   Section        0  libinit2.o(.ARM.Collect$$libinit$$0000000C)
    .ARM.Collect$$libinit$$0000000E          0x0000013e   Section        0  libinit2.o(.ARM.Collect$$libinit$$0000000E)
    .ARM.Collect$$libinit$$00000011          0x0000013e   Section        0  libinit2.o(.ARM.Collect$$libinit$$00000011)
    .ARM.Collect$$libinit$$00000013          0x0000013e   Section        0  libinit2.o(.ARM.Collect$$libinit$$00000013)
    .ARM.Collect$$libinit$$00000015          0x0000013e   Section        0  libinit2.o(.ARM.Collect$$libinit$$00000015)
    .ARM.Collect$$libinit$$00000017          0x0000013e   Section        0  libinit2.o(.ARM.Collect$$libinit$$00000017)
    .ARM.Collect$$libinit$$00000019          0x0000013e   Section        0  libinit2.o(.ARM.Collect$$libinit$$00000019)
    .ARM.Collect$$libinit$$0000001B          0x0000013e   Section        0  libinit2.o(.ARM.Collect$$libinit$$0000001B)
    .ARM.Collect$$libinit$$0000001D          0x0000013e   Section        0  libinit2.o(.ARM.Collect$$libinit$$0000001D)
    .ARM.Collect$$libinit$$0000001F          0x0000013e   Section        0  libinit2.o(.ARM.Collect$$libinit$$0000001F)
    .ARM.Collect$$libinit$$00000021          0x0000013e   Section        0  libinit2.o(.ARM.Collect$$libinit$$00000021)
    .ARM.Collect$$libinit$$00000023          0x0000013e   Section        0  libinit2.o(.ARM.Collect$$libinit$$00000023)
    .ARM.Collect$$libinit$$00000025          0x0000013e   Section        0  libinit2.o(.ARM.Collect$$libinit$$00000025)
    .ARM.Collect$$libinit$$0000002C          0x0000013e   Section        0  libinit2.o(.ARM.Collect$$libinit$$0000002C)
    .ARM.Collect$$libinit$$0000002E          0x0000013e   Section        0  libinit2.o(.ARM.Collect$$libinit$$0000002E)
    .ARM.Collect$$libinit$$00000030          0x0000013e   Section        0  libinit2.o(.ARM.Collect$$libinit$$00000030)
    .ARM.Collect$$libinit$$00000032          0x0000013e   Section        0  libinit2.o(.ARM.Collect$$libinit$$00000032)
    .ARM.Collect$$libinit$$00000033          0x0000013e   Section        2  libinit2.o(.ARM.Collect$$libinit$$00000033)
    .ARM.Collect$$libshutdown$$00000000      0x00000140   Section        2  libshutdown.o(.ARM.Collect$$libshutdown$$00000000)
    .ARM.Collect$$libshutdown$$00000002      0x00000142   Section        0  libshutdown2.o(.ARM.Collect$$libshutdown$$00000002)
    .ARM.Collect$$libshutdown$$00000004      0x00000142   Section        0  libshutdown2.o(.ARM.Collect$$libshutdown$$00000004)
    .ARM.Collect$$libshutdown$$00000007      0x00000142   Section        0  libshutdown2.o(.ARM.Collect$$libshutdown$$00000007)
    .ARM.Collect$$libshutdown$$0000000A      0x00000142   Section        0  libshutdown2.o(.ARM.Collect$$libshutdown$$0000000A)
    .ARM.Collect$$libshutdown$$0000000C      0x00000142   Section        0  libshutdown2.o(.ARM.Collect$$libshutdown$$0000000C)
    .ARM.Collect$$libshutdown$$0000000F      0x00000142   Section        0  libshutdown2.o(.ARM.Collect$$libshutdown$$0000000F)
    .ARM.Collect$$libshutdown$$00000010      0x00000142   Section        2  libshutdown2.o(.ARM.Collect$$libshutdown$$00000010)
    .ARM.Collect$$rtentry$$00000000          0x00000144   Section        0  __rtentry.o(.ARM.Collect$$rtentry$$00000000)
    .ARM.Collect$$rtentry$$00000002          0x00000144   Section        0  __rtentry2.o(.ARM.Collect$$rtentry$$00000002)
    .ARM.Collect$$rtentry$$00000004          0x00000144   Section        6  __rtentry4.o(.ARM.Collect$$rtentry$$00000004)
    .ARM.Collect$$rtentry$$00000009          0x0000014a   Section        0  __rtentry2.o(.ARM.Collect$$rtentry$$00000009)
    .ARM.Collect$$rtentry$$0000000A          0x0000014a   Section        4  __rtentry2.o(.ARM.Collect$$rtentry$$0000000A)
    .ARM.Collect$$rtentry$$0000000C          0x0000014e   Section        0  __rtentry2.o(.ARM.Collect$$rtentry$$0000000C)
    .ARM.Collect$$rtentry$$0000000D          0x0000014e   Section        8  __rtentry2.o(.ARM.Collect$$rtentry$$0000000D)
    .ARM.Collect$$rtexit$$00000000           0x00000156   Section        2  rtexit.o(.ARM.Collect$$rtexit$$00000000)
    .ARM.Collect$$rtexit$$00000002           0x00000158   Section        0  rtexit2.o(.ARM.Collect$$rtexit$$00000002)
    .ARM.Collect$$rtexit$$00000003           0x00000158   Section        4  rtexit2.o(.ARM.Collect$$rtexit$$00000003)
    .ARM.Collect$$rtexit$$00000004           0x0000015c   Section        6  rtexit2.o(.ARM.Collect$$rtexit$$00000004)
    .emb_text                                0x00000164   Section       56  rt_memcpy.o(.emb_text)
    .text                                    0x0000019c   Section       64  startup_mkl25z4.o(.text)
    .text                                    0x000001dc   Section      346  aeabi_sdiv.o(.text)
    .text                                    0x00000336   Section        0  heapauxi.o(.text)
    .text                                    0x0000033c   Section        0  dfixi.o(.text)
    .text                                    0x000003a8   Section        0  dfixui.o(.text)
    .text                                    0x000003f0   Section        0  exit.o(.text)
    .ARM.__at_0x400                          0x00000400   Section       16  startup_mkl25z4.o(.ARM.__at_0x400)
    .text                                    0x00000410   Section        0  dflti.o(.text)
    .text                                    0x00000468   Section        0  daddsub.o(.text)
    _dadd1                                   0x00000469   Thumb Code   290  daddsub.o(.text)
    _dsub1                                   0x0000058b   Thumb Code   470  daddsub.o(.text)
    .text                                    0x000007c0   Section        0  dcmpin.o(.text)
    .text                                    0x00000850   Section       62  sys_stackheap_outer.o(.text)
    .text                                    0x0000088e   Section        0  cmpret.o(.text)
    .text                                    0x000008bc   Section        0  dnan2.o(.text)
    .text                                    0x000008d0   Section        8  libspace.o(.text)
    .text                                    0x000008d8   Section        0  retnan.o(.text)
    .text                                    0x00000938   Section        0  sys_exit.o(.text)
    .text                                    0x00000944   Section        2  use_no_semi.o(.text)
    .text                                    0x00000946   Section        0  indicate_semi.o(.text)
    i.Init_PIT                               0x00000948   Section        0  pit_functions.o(i.Init_PIT)
    i.LCD_command                            0x000009c8   Section        0  lcd_lib_4bit_20b.o(i.LCD_command)
    i.LCD_init                               0x00000a10   Section        0  lcd_lib_4bit_20b.o(i.LCD_init)
    i.LCD_send_data                          0x00000b00   Section        0  lcd_lib_4bit_20b.o(i.LCD_send_data)
    i.PIT_IRQHandler                         0x00000b38   Section        0  pit_functions.o(i.PIT_IRQHandler)
    i.Start_PIT                              0x00000b64   Section        0  pit_functions.o(i.Start_PIT)
    i.Stop_PIT                               0x00000b78   Section        0  pit_functions.o(i.Stop_PIT)
    i.SystemInit                             0x00000b8c   Section        0  system_mkl25z4.o(i.SystemInit)
    i.__ARM_common_switch8                   0x00000b98   Section        0  main.o(i.__ARM_common_switch8)
    i.__NVIC_ClearPendingIRQ                 0x00000bb4   Section        0  pit_functions.o(i.__NVIC_ClearPendingIRQ)
    __NVIC_ClearPendingIRQ                   0x00000bb5   Thumb Code    18  pit_functions.o(i.__NVIC_ClearPendingIRQ)
    i.__NVIC_SetPriority                     0x00000bcc   Section        0  pit_functions.o(i.__NVIC_SetPriority)
    __NVIC_SetPriority                       0x00000bcd   Thumb Code   110  pit_functions.o(i.__NVIC_SetPriority)
    i.clear_Count                            0x00000c44   Section        0  main_functions.o(i.clear_Count)
    i.control_RGB_LEDs                       0x00000c50   Section        0  leds.o(i.control_RGB_LEDs)
    i.countToClock                           0x00000c9c   Section        0  main_functions.o(i.countToClock)
    i.countToTime                            0x00000cc4   Section        0  main_functions.o(i.countToTime)
    i.decToClock                             0x00000d38   Section        0  main_functions.o(i.decToClock)
    i.decToHex                               0x00000dc4   Section        0  main_functions.o(i.decToHex)
    i.delayMs                                0x00000e24   Section        0  lcd_lib_4bit_20b.o(i.delayMs)
    i.displayString                          0x00000e40   Section        0  lcd_functions.o(i.displayString)
    i.display_Count                          0x00000e5c   Section        0  main_functions.o(i.display_Count)
    i.display_Error                          0x00000e84   Section        0  main_functions.o(i.display_Error)
    i.display_Ready                          0x00000ec4   Section        0  main_functions.o(i.display_Ready)
    i.floor                                  0x00000ef4   Section        0  floor.o(i.floor)
    i.get_Count                              0x00000fbc   Section        0  main_functions.o(i.get_Count)
    i.inc_Count                              0x00000fc8   Section        0  main_functions.o(i.inc_Count)
    i.init_RGB_LEDs                          0x00000fd8   Section        0  leds.o(i.init_RGB_LEDs)
    i.init_switch                            0x0000107c   Section        0  switches.o(i.init_switch)
    i.main                                   0x000010d8   Section        0  main.o(i.main)
    i.placeSeperator                         0x0000125c   Section        0  main_functions.o(i.placeSeperator)
    i.pulse_the_LCD_enable                   0x000012b0   Section        0  lcd_lib_4bit_20b.o(i.pulse_the_LCD_enable)
    i.state_Update                           0x000012cc   Section        0  main_functions.o(i.state_Update)
    x$fpl$drleqf                             0x000013b0   Section      104  drlef.o(x$fpl$drleqf)
    .constdata                               0x00001418   Section       52  main_functions.o(.constdata)
    x$fpl$usenofp                            0x00001418   Section        0  usenofp.o(x$fpl$usenofp)
    .data                                    0x1ffff000   Section       20  main_functions.o(.data)
    .data                                    0x1ffff014   Section        4  switches.o(.data)
    .bss                                     0x1ffff018   Section       36  main_functions.o(.bss)
    .bss                                     0x1ffff03c   Section       96  libspace.o(.bss)
    HEAP                                     0x1ffff0a0   Section        0  startup_mkl25z4.o(HEAP)
    STACK                                    0x1ffff0a0   Section      256  startup_mkl25z4.o(STACK)
    Heap_Mem                                 0x1ffff0a0   Data           0  startup_mkl25z4.o(HEAP)
    Stack_Mem                                0x1ffff0a0   Data         256  startup_mkl25z4.o(STACK)
    __initial_sp                             0x1ffff1a0   Data           0  startup_mkl25z4.o(STACK)

    Global Symbols

    Symbol Name                              Value     Ov Type        Size  Object(Section)

    BuildAttributes$$THM_ISAv3M$S$PE$A:L22$X:L11$S22$IEEE1$IW$USESV6$~STKCKD$USESV7$~SHL$OTIME$ROPI$IEEEJ$EBA8$UX$STANDARDLIB$REQ8$PRES8$EABIv2 0x00000000   Number         0  anon$$obj.o ABSOLUTE
    __ARM_use_no_argv                        0x00000000   Number         0  main.o ABSOLUTE
    __Vectors                                0x00000000   Data           4  startup_mkl25z4.o(RESET)
    __ARM_exceptions_init                     - Undefined Weak Reference
    __alloca_initialize                       - Undefined Weak Reference
    __arm_preinit_                            - Undefined Weak Reference
    __cpp_initialize__aeabi_                  - Undefined Weak Reference
    __cxa_finalize                            - Undefined Weak Reference
    __rt_locale                               - Undefined Weak Reference
    __sigvec_lookup                           - Undefined Weak Reference
    _atexit_init                              - Undefined Weak Reference
    _call_atexit_fns                          - Undefined Weak Reference
    _clock_init                               - Undefined Weak Reference
    _fp_trap_init                             - Undefined Weak Reference
    _fp_trap_shutdown                         - Undefined Weak Reference
    _get_lc_collate                           - Undefined Weak Reference
    _get_lc_ctype                             - Undefined Weak Reference
    _get_lc_monetary                          - Undefined Weak Reference
    _get_lc_numeric                           - Undefined Weak Reference
    _get_lc_time                              - Undefined Weak Reference
    _getenv_init                              - Undefined Weak Reference
    _handle_redirection                       - Undefined Weak Reference
    _init_alloc                               - Undefined Weak Reference
    _init_user_alloc                          - Undefined Weak Reference
    _initio                                   - Undefined Weak Reference
    _rand_init                                - Undefined Weak Reference
    _signal_finish                            - Undefined Weak Reference
    _signal_init                              - Undefined Weak Reference
    _terminate_alloc                          - Undefined Weak Reference
    _terminate_user_alloc                     - Undefined Weak Reference
    _terminateio                              - Undefined Weak Reference
    __Vectors_End                            0x000000c0   Data           0  startup_mkl25z4.o(RESET)
    __Vectors_Size                           0x000000c0   Number         0  startup_mkl25z4.o ABSOLUTE
    __main                                   0x000000c1   Thumb Code     8  __main.o(!!!main)
    __scatterload                            0x000000c9   Thumb Code     0  __scatter.o(!!!scatter)
    __scatterload_rt2                        0x000000c9   Thumb Code    52  __scatter.o(!!!scatter)
    __scatterload_rt2_thumb_only             0x000000c9   Thumb Code     0  __scatter.o(!!!scatter)
    __scatterload_null                       0x000000d9   Thumb Code     0  __scatter.o(!!!scatter)
    __scatterload_copy                       0x00000105   Thumb Code    26  __scatter_copy.o(!!handler_copy)
    __scatterload_zeroinit                   0x00000121   Thumb Code    28  __scatter_zi.o(!!handler_zi)
    __rt_lib_init                            0x0000013d   Thumb Code     0  libinit.o(.ARM.Collect$$libinit$$00000000)
    __rt_lib_init_alloca_1                   0x0000013f   Thumb Code     0  libinit2.o(.ARM.Collect$$libinit$$0000002E)
    __rt_lib_init_argv_1                     0x0000013f   Thumb Code     0  libinit2.o(.ARM.Collect$$libinit$$0000002C)
    __rt_lib_init_atexit_1                   0x0000013f   Thumb Code     0  libinit2.o(.ARM.Collect$$libinit$$0000001B)
    __rt_lib_init_clock_1                    0x0000013f   Thumb Code     0  libinit2.o(.ARM.Collect$$libinit$$00000021)
    __rt_lib_init_cpp_1                      0x0000013f   Thumb Code     0  libinit2.o(.ARM.Collect$$libinit$$00000032)
    __rt_lib_init_exceptions_1               0x0000013f   Thumb Code     0  libinit2.o(.ARM.Collect$$libinit$$00000030)
    __rt_lib_init_fp_1                       0x0000013f   Thumb Code     0  libinit2.o(.ARM.Collect$$libinit$$00000002)
    __rt_lib_init_fp_trap_1                  0x0000013f   Thumb Code     0  libinit2.o(.ARM.Collect$$libinit$$0000001F)
    __rt_lib_init_getenv_1                   0x0000013f   Thumb Code     0  libinit2.o(.ARM.Collect$$libinit$$00000023)
    __rt_lib_init_heap_1                     0x0000013f   Thumb Code     0  libinit2.o(.ARM.Collect$$libinit$$0000000A)
    __rt_lib_init_lc_collate_1               0x0000013f   Thumb Code     0  libinit2.o(.ARM.Collect$$libinit$$00000011)
    __rt_lib_init_lc_ctype_1                 0x0000013f   Thumb Code     0  libinit2.o(.ARM.Collect$$libinit$$00000013)
    __rt_lib_init_lc_monetary_1              0x0000013f   Thumb Code     0  libinit2.o(.ARM.Collect$$libinit$$00000015)
    __rt_lib_init_lc_numeric_1               0x0000013f   Thumb Code     0  libinit2.o(.ARM.Collect$$libinit$$00000017)
    __rt_lib_init_lc_time_1                  0x0000013f   Thumb Code     0  libinit2.o(.ARM.Collect$$libinit$$00000019)
    __rt_lib_init_preinit_1                  0x0000013f   Thumb Code     0  libinit2.o(.ARM.Collect$$libinit$$00000004)
    __rt_lib_init_rand_1                     0x0000013f   Thumb Code     0  libinit2.o(.ARM.Collect$$libinit$$0000000E)
    __rt_lib_init_return                     0x0000013f   Thumb Code     0  libinit2.o(.ARM.Collect$$libinit$$00000033)
    __rt_lib_init_signal_1                   0x0000013f   Thumb Code     0  libinit2.o(.ARM.Collect$$libinit$$0000001D)
    __rt_lib_init_stdio_1                    0x0000013f   Thumb Code     0  libinit2.o(.ARM.Collect$$libinit$$00000025)
    __rt_lib_init_user_alloc_1               0x0000013f   Thumb Code     0  libinit2.o(.ARM.Collect$$libinit$$0000000C)
    __rt_lib_shutdown                        0x00000141   Thumb Code     0  libshutdown.o(.ARM.Collect$$libshutdown$$00000000)
    __rt_lib_shutdown_cpp_1                  0x00000143   Thumb Code     0  libshutdown2.o(.ARM.Collect$$libshutdown$$00000002)
    __rt_lib_shutdown_fp_trap_1              0x00000143   Thumb Code     0  libshutdown2.o(.ARM.Collect$$libshutdown$$00000007)
    __rt_lib_shutdown_heap_1                 0x00000143   Thumb Code     0  libshutdown2.o(.ARM.Collect$$libshutdown$$0000000F)
    __rt_lib_shutdown_return                 0x00000143   Thumb Code     0  libshutdown2.o(.ARM.Collect$$libshutdown$$00000010)
    __rt_lib_shutdown_signal_1               0x00000143   Thumb Code     0  libshutdown2.o(.ARM.Collect$$libshutdown$$0000000A)
    __rt_lib_shutdown_stdio_1                0x00000143   Thumb Code     0  libshutdown2.o(.ARM.Collect$$libshutdown$$00000004)
    __rt_lib_shutdown_user_alloc_1           0x00000143   Thumb Code     0  libshutdown2.o(.ARM.Collect$$libshutdown$$0000000C)
    __rt_entry                               0x00000145   Thumb Code     0  __rtentry.o(.ARM.Collect$$rtentry$$00000000)
    __rt_entry_presh_1                       0x00000145   Thumb Code     0  __rtentry2.o(.ARM.Collect$$rtentry$$00000002)
    __rt_entry_sh                            0x00000145   Thumb Code     0  __rtentry4.o(.ARM.Collect$$rtentry$$00000004)
    __rt_entry_li                            0x0000014b   Thumb Code     0  __rtentry2.o(.ARM.Collect$$rtentry$$0000000A)
    __rt_entry_postsh_1                      0x0000014b   Thumb Code     0  __rtentry2.o(.ARM.Collect$$rtentry$$00000009)
    __rt_entry_main                          0x0000014f   Thumb Code     0  __rtentry2.o(.ARM.Collect$$rtentry$$0000000D)
    __rt_entry_postli_1                      0x0000014f   Thumb Code     0  __rtentry2.o(.ARM.Collect$$rtentry$$0000000C)
    __rt_exit                                0x00000157   Thumb Code     0  rtexit.o(.ARM.Collect$$rtexit$$00000000)
    __rt_exit_ls                             0x00000159   Thumb Code     0  rtexit2.o(.ARM.Collect$$rtexit$$00000003)
    __rt_exit_prels_1                        0x00000159   Thumb Code     0  rtexit2.o(.ARM.Collect$$rtexit$$00000002)
    __rt_exit_exit                           0x0000015d   Thumb Code     0  rtexit2.o(.ARM.Collect$$rtexit$$00000004)
    __aeabi_memcpy4                          0x00000165   Thumb Code    56  rt_memcpy.o(.emb_text)
    __aeabi_memcpy8                          0x00000165   Thumb Code     0  rt_memcpy.o(.emb_text)
    Reset_Handler                            0x0000019d   Thumb Code    12  startup_mkl25z4.o(.text)
    NMI_Handler                              0x000001a9   Thumb Code     2  startup_mkl25z4.o(.text)
    HardFault_Handler                        0x000001ab   Thumb Code     2  startup_mkl25z4.o(.text)
    SVC_Handler                              0x000001ad   Thumb Code     2  startup_mkl25z4.o(.text)
    PendSV_Handler                           0x000001af   Thumb Code     2  startup_mkl25z4.o(.text)
    SysTick_Handler                          0x000001b1   Thumb Code     2  startup_mkl25z4.o(.text)
    ADC0_IRQHandler                          0x000001b3   Thumb Code     0  startup_mkl25z4.o(.text)
    CMP0_IRQHandler                          0x000001b3   Thumb Code     0  startup_mkl25z4.o(.text)
    DAC0_IRQHandler                          0x000001b3   Thumb Code     0  startup_mkl25z4.o(.text)
    DMA0_IRQHandler                          0x000001b3   Thumb Code     0  startup_mkl25z4.o(.text)
    DMA1_IRQHandler                          0x000001b3   Thumb Code     0  startup_mkl25z4.o(.text)
    DMA2_IRQHandler                          0x000001b3   Thumb Code     0  startup_mkl25z4.o(.text)
    DMA3_IRQHandler                          0x000001b3   Thumb Code     0  startup_mkl25z4.o(.text)
    DefaultISR                               0x000001b3   Thumb Code     0  startup_mkl25z4.o(.text)
    FTFA_IRQHandler                          0x000001b3   Thumb Code     0  startup_mkl25z4.o(.text)
    I2C0_IRQHandler                          0x000001b3   Thumb Code     0  startup_mkl25z4.o(.text)
    I2C1_IRQHandler                          0x000001b3   Thumb Code     0  startup_mkl25z4.o(.text)
    LLWU_IRQHandler                          0x000001b3   Thumb Code     0  startup_mkl25z4.o(.text)
    LPTMR0_IRQHandler                        0x000001b3   Thumb Code     0  startup_mkl25z4.o(.text)
    LVD_LVW_IRQHandler                       0x000001b3   Thumb Code     0  startup_mkl25z4.o(.text)
    MCG_IRQHandler                           0x000001b3   Thumb Code     0  startup_mkl25z4.o(.text)
    PORTA_IRQHandler                         0x000001b3   Thumb Code     0  startup_mkl25z4.o(.text)
    PORTD_IRQHandler                         0x000001b3   Thumb Code     0  startup_mkl25z4.o(.text)
    RTC_IRQHandler                           0x000001b3   Thumb Code     0  startup_mkl25z4.o(.text)
    RTC_Seconds_IRQHandler                   0x000001b3   Thumb Code     0  startup_mkl25z4.o(.text)
    Reserved20_IRQHandler                    0x000001b3   Thumb Code     0  startup_mkl25z4.o(.text)
    Reserved39_IRQHandler                    0x000001b3   Thumb Code     0  startup_mkl25z4.o(.text)
    Reserved45_IRQHandler                    0x000001b3   Thumb Code     0  startup_mkl25z4.o(.text)
    SPI0_IRQHandler                          0x000001b3   Thumb Code     0  startup_mkl25z4.o(.text)
    SPI1_IRQHandler                          0x000001b3   Thumb Code     0  startup_mkl25z4.o(.text)
    TPM0_IRQHandler                          0x000001b3   Thumb Code     0  startup_mkl25z4.o(.text)
    TPM1_IRQHandler                          0x000001b3   Thumb Code     0  startup_mkl25z4.o(.text)
    TPM2_IRQHandler                          0x000001b3   Thumb Code     0  startup_mkl25z4.o(.text)
    TSI0_IRQHandler                          0x000001b3   Thumb Code     0  startup_mkl25z4.o(.text)
    UART0_IRQHandler                         0x000001b3   Thumb Code     0  startup_mkl25z4.o(.text)
    UART1_IRQHandler                         0x000001b3   Thumb Code     0  startup_mkl25z4.o(.text)
    UART2_IRQHandler                         0x000001b3   Thumb Code     0  startup_mkl25z4.o(.text)
    USB0_IRQHandler                          0x000001b3   Thumb Code     0  startup_mkl25z4.o(.text)
    __user_initial_stackheap                 0x000001b9   Thumb Code     0  startup_mkl25z4.o(.text)
    __aeabi_uidiv                            0x000001dd   Thumb Code     0  aeabi_sdiv.o(.text)
    __aeabi_uidivmod                         0x000001dd   Thumb Code    20  aeabi_sdiv.o(.text)
    __aeabi_idiv                             0x000001f1   Thumb Code     0  aeabi_sdiv.o(.text)
    __aeabi_idivmod                          0x000001f1   Thumb Code   326  aeabi_sdiv.o(.text)
    __use_two_region_memory                  0x00000337   Thumb Code     2  heapauxi.o(.text)
    __rt_heap_escrow$2region                 0x00000339   Thumb Code     2  heapauxi.o(.text)
    __rt_heap_expand$2region                 0x0000033b   Thumb Code     2  heapauxi.o(.text)
    __aeabi_d2iz                             0x0000033d   Thumb Code     0  dfixi.o(.text)
    _dfix                                    0x0000033d   Thumb Code    98  dfixi.o(.text)
    __aeabi_d2uiz                            0x000003a9   Thumb Code     0  dfixui.o(.text)
    _dfixu                                   0x000003a9   Thumb Code    68  dfixui.o(.text)
    exit                                     0x000003f1   Thumb Code    16  exit.o(.text)
    __aeabi_i2d_normalise                    0x00000411   Thumb Code    66  dflti.o(.text)
    __aeabi_i2d                              0x00000453   Thumb Code    16  dflti.o(.text)
    _dflt                                    0x00000453   Thumb Code     0  dflti.o(.text)
    __aeabi_ui2d                             0x00000463   Thumb Code     6  dflti.o(.text)
    _dfltu                                   0x00000463   Thumb Code     0  dflti.o(.text)
    __aeabi_dadd                             0x00000761   Thumb Code     0  daddsub.o(.text)
    _dadd                                    0x00000761   Thumb Code    26  daddsub.o(.text)
    __aeabi_dsub                             0x0000077b   Thumb Code     0  daddsub.o(.text)
    _dsub                                    0x0000077b   Thumb Code    22  daddsub.o(.text)
    __aeabi_drsub                            0x00000791   Thumb Code     0  daddsub.o(.text)
    _drsb                                    0x00000791   Thumb Code    28  daddsub.o(.text)
    __fpl_dcmp_InfNaN                        0x000007c1   Thumb Code   140  dcmpin.o(.text)
    __user_setup_stackheap                   0x00000851   Thumb Code    62  sys_stackheap_outer.o(.text)
    __fpl_cmpreturn                          0x0000088f   Thumb Code    46  cmpret.o(.text)
    __fpl_dcheck_NaN2                        0x000008bd   Thumb Code    14  dnan2.o(.text)
    __user_libspace                          0x000008d1   Thumb Code     8  libspace.o(.text)
    __user_perproc_libspace                  0x000008d1   Thumb Code     0  libspace.o(.text)
    __user_perthread_libspace                0x000008d1   Thumb Code     0  libspace.o(.text)
    __fpl_return_NaN                         0x000008d9   Thumb Code    94  retnan.o(.text)
    _sys_exit                                0x00000939   Thumb Code     8  sys_exit.o(.text)
    __I$use$semihosting                      0x00000945   Thumb Code     0  use_no_semi.o(.text)
    __use_no_semihosting_swi                 0x00000945   Thumb Code     2  use_no_semi.o(.text)
    __semihosting_library_function           0x00000947   Thumb Code     0  indicate_semi.o(.text)
    Init_PIT                                 0x00000949   Thumb Code   112  pit_functions.o(i.Init_PIT)
    LCD_command                              0x000009c9   Thumb Code    66  lcd_lib_4bit_20b.o(i.LCD_command)
    LCD_init                                 0x00000a11   Thumb Code   226  lcd_lib_4bit_20b.o(i.LCD_init)
    LCD_send_data                            0x00000b01   Thumb Code    52  lcd_lib_4bit_20b.o(i.LCD_send_data)
    PIT_IRQHandler                           0x00000b39   Thumb Code    38  pit_functions.o(i.PIT_IRQHandler)
    Start_PIT                                0x00000b65   Thumb Code    14  pit_functions.o(i.Start_PIT)
    Stop_PIT                                 0x00000b79   Thumb Code    14  pit_functions.o(i.Stop_PIT)
    SystemInit                               0x00000b8d   Thumb Code     8  system_mkl25z4.o(i.SystemInit)
    __ARM_common_switch8                     0x00000b99   Thumb Code    28  main.o(i.__ARM_common_switch8)
    clear_Count                              0x00000c45   Thumb Code     8  main_functions.o(i.clear_Count)
    control_RGB_LEDs                         0x00000c51   Thumb Code    70  leds.o(i.control_RGB_LEDs)
    countToClock                             0x00000c9d   Thumb Code    32  main_functions.o(i.countToClock)
    countToTime                              0x00000cc5   Thumb Code    96  main_functions.o(i.countToTime)
    decToClock                               0x00000d39   Thumb Code   124  main_functions.o(i.decToClock)
    decToHex                                 0x00000dc5   Thumb Code    96  main_functions.o(i.decToHex)
    delayMs                                  0x00000e25   Thumb Code    24  lcd_lib_4bit_20b.o(i.delayMs)
    displayString                            0x00000e41   Thumb Code    26  lcd_functions.o(i.displayString)
    display_Count                            0x00000e5d   Thumb Code    36  main_functions.o(i.display_Count)
    display_Error                            0x00000e85   Thumb Code    54  main_functions.o(i.display_Error)
    display_Ready                            0x00000ec5   Thumb Code    42  main_functions.o(i.display_Ready)
    floor                                    0x00000ef5   Thumb Code   180  floor.o(i.floor)
    get_Count                                0x00000fbd   Thumb Code     6  main_functions.o(i.get_Count)
    inc_Count                                0x00000fc9   Thumb Code    12  main_functions.o(i.inc_Count)
    init_RGB_LEDs                            0x00000fd9   Thumb Code   146  leds.o(i.init_RGB_LEDs)
    init_switch                              0x0000107d   Thumb Code    70  switches.o(i.init_switch)
    main                                     0x000010d9   Thumb Code   366  main.o(i.main)
    placeSeperator                           0x0000125d   Thumb Code    84  main_functions.o(i.placeSeperator)
    pulse_the_LCD_enable                     0x000012b1   Thumb Code    22  lcd_lib_4bit_20b.o(i.pulse_the_LCD_enable)
    state_Update                             0x000012cd   Thumb Code   220  main_functions.o(i.state_Update)
    __aeabi_cdrcmple                         0x000013b1   Thumb Code     0  drlef.o(x$fpl$drleqf)
    _drcmple                                 0x000013b1   Thumb Code   100  drlef.o(x$fpl$drleqf)
    __I$use$fp                               0x00001418   Number         0  usenofp.o(x$fpl$usenofp)
    Region$$Table$$Base                      0x0000144c   Number         0  anon$$obj.o(Region$$Table)
    Region$$Table$$Limit                     0x0000146c   Number         0  anon$$obj.o(Region$$Table)
    minutes                                  0x1ffff000   Data           4  main_functions.o(.data)
    seconds                                  0x1ffff004   Data           4  main_functions.o(.data)
    tenthsec                                 0x1ffff008   Data           4  main_functions.o(.data)
    present_state                            0x1ffff00c   Data           1  main_functions.o(.data)
    next_state                               0x1ffff00d   Data           1  main_functions.o(.data)
    counter                                  0x1ffff010   Data           4  main_functions.o(.data)
    doublePress                              0x1ffff014   Data           4  switches.o(.data)
    clock                                    0x1ffff018   Data          36  main_functions.o(.bss)
    __libspace_start                         0x1ffff03c   Data          96  libspace.o(.bss)
    __temporary_stack_top$libspace           0x1ffff09c   Data           0  libspace.o(.bss)



==============================================================================

Memory Map of the image

  Image Entry point : 0x0000019d

  Load Region LR_1 (Base: 0x00000000, Size: 0x00001484, Max: 0xffffffff, ABSOLUTE)

    Execution Region ER_RO (Exec base: 0x00000000, Load base: 0x00000000, Size: 0x0000146c, Max: 0xffffffff, ABSOLUTE)

    Exec Addr    Load Addr    Size         Type   Attr      Idx    E Section Name        Object

    0x00000000   0x00000000   0x000000c0   Data   RO          409    RESET               startup_mkl25z4.o
    0x000000c0   0x000000c0   0x00000008   Code   RO          461  * !!!main             c_p.l(__main.o)
    0x000000c8   0x000000c8   0x0000003c   Code   RO          653    !!!scatter          c_p.l(__scatter.o)
    0x00000104   0x00000104   0x0000001a   Code   RO          655    !!handler_copy      c_p.l(__scatter_copy.o)
    0x0000011e   0x0000011e   0x00000002   PAD
    0x00000120   0x00000120   0x0000001c   Code   RO          657    !!handler_zi        c_p.l(__scatter_zi.o)
    0x0000013c   0x0000013c   0x00000002   Code   RO          516    .ARM.Collect$$libinit$$00000000  c_p.l(libinit.o)
    0x0000013e   0x0000013e   0x00000000   Code   RO          534    .ARM.Collect$$libinit$$00000002  c_p.l(libinit2.o)
    0x0000013e   0x0000013e   0x00000000   Code   RO          536    .ARM.Collect$$libinit$$00000004  c_p.l(libinit2.o)
    0x0000013e   0x0000013e   0x00000000   Code   RO          539    .ARM.Collect$$libinit$$0000000A  c_p.l(libinit2.o)
    0x0000013e   0x0000013e   0x00000000   Code   RO          541    .ARM.Collect$$libinit$$0000000C  c_p.l(libinit2.o)
    0x0000013e   0x0000013e   0x00000000   Code   RO          543    .ARM.Collect$$libinit$$0000000E  c_p.l(libinit2.o)
    0x0000013e   0x0000013e   0x00000000   Code   RO          546    .ARM.Collect$$libinit$$00000011  c_p.l(libinit2.o)
    0x0000013e   0x0000013e   0x00000000   Code   RO          548    .ARM.Collect$$libinit$$00000013  c_p.l(libinit2.o)
    0x0000013e   0x0000013e   0x00000000   Code   RO          550    .ARM.Collect$$libinit$$00000015  c_p.l(libinit2.o)
    0x0000013e   0x0000013e   0x00000000   Code   RO          552    .ARM.Collect$$libinit$$00000017  c_p.l(libinit2.o)
    0x0000013e   0x0000013e   0x00000000   Code   RO          554    .ARM.Collect$$libinit$$00000019  c_p.l(libinit2.o)
    0x0000013e   0x0000013e   0x00000000   Code   RO          556    .ARM.Collect$$libinit$$0000001B  c_p.l(libinit2.o)
    0x0000013e   0x0000013e   0x00000000   Code   RO          558    .ARM.Collect$$libinit$$0000001D  c_p.l(libinit2.o)
    0x0000013e   0x0000013e   0x00000000   Code   RO          560    .ARM.Collect$$libinit$$0000001F  c_p.l(libinit2.o)
    0x0000013e   0x0000013e   0x00000000   Code   RO          562    .ARM.Collect$$libinit$$00000021  c_p.l(libinit2.o)
    0x0000013e   0x0000013e   0x00000000   Code   RO          564    .ARM.Collect$$libinit$$00000023  c_p.l(libinit2.o)
    0x0000013e   0x0000013e   0x00000000   Code   RO          566    .ARM.Collect$$libinit$$00000025  c_p.l(libinit2.o)
    0x0000013e   0x0000013e   0x00000000   Code   RO          570    .ARM.Collect$$libinit$$0000002C  c_p.l(libinit2.o)
    0x0000013e   0x0000013e   0x00000000   Code   RO          572    .ARM.Collect$$libinit$$0000002E  c_p.l(libinit2.o)
    0x0000013e   0x0000013e   0x00000000   Code   RO          574    .ARM.Collect$$libinit$$00000030  c_p.l(libinit2.o)
    0x0000013e   0x0000013e   0x00000000   Code   RO          576    .ARM.Collect$$libinit$$00000032  c_p.l(libinit2.o)
    0x0000013e   0x0000013e   0x00000002   Code   RO          577    .ARM.Collect$$libinit$$00000033  c_p.l(libinit2.o)
    0x00000140   0x00000140   0x00000002   Code   RO          610    .ARM.Collect$$libshutdown$$00000000  c_p.l(libshutdown.o)
    0x00000142   0x00000142   0x00000000   Code   RO          636    .ARM.Collect$$libshutdown$$00000002  c_p.l(libshutdown2.o)
    0x00000142   0x00000142   0x00000000   Code   RO          638    .ARM.Collect$$libshutdown$$00000004  c_p.l(libshutdown2.o)
    0x00000142   0x00000142   0x00000000   Code   RO          641    .ARM.Collect$$libshutdown$$00000007  c_p.l(libshutdown2.o)
    0x00000142   0x00000142   0x00000000   Code   RO          644    .ARM.Collect$$libshutdown$$0000000A  c_p.l(libshutdown2.o)
    0x00000142   0x00000142   0x00000000   Code   RO          646    .ARM.Collect$$libshutdown$$0000000C  c_p.l(libshutdown2.o)
    0x00000142   0x00000142   0x00000000   Code   RO          649    .ARM.Collect$$libshutdown$$0000000F  c_p.l(libshutdown2.o)
    0x00000142   0x00000142   0x00000002   Code   RO          650    .ARM.Collect$$libshutdown$$00000010  c_p.l(libshutdown2.o)
    0x00000144   0x00000144   0x00000000   Code   RO          473    .ARM.Collect$$rtentry$$00000000  c_p.l(__rtentry.o)
    0x00000144   0x00000144   0x00000000   Code   RO          484    .ARM.Collect$$rtentry$$00000002  c_p.l(__rtentry2.o)
    0x00000144   0x00000144   0x00000006   Code   RO          496    .ARM.Collect$$rtentry$$00000004  c_p.l(__rtentry4.o)
    0x0000014a   0x0000014a   0x00000000   Code   RO          486    .ARM.Collect$$rtentry$$00000009  c_p.l(__rtentry2.o)
    0x0000014a   0x0000014a   0x00000004   Code   RO          487    .ARM.Collect$$rtentry$$0000000A  c_p.l(__rtentry2.o)
    0x0000014e   0x0000014e   0x00000000   Code   RO          489    .ARM.Collect$$rtentry$$0000000C  c_p.l(__rtentry2.o)
    0x0000014e   0x0000014e   0x00000008   Code   RO          490    .ARM.Collect$$rtentry$$0000000D  c_p.l(__rtentry2.o)
    0x00000156   0x00000156   0x00000002   Code   RO          525    .ARM.Collect$$rtexit$$00000000  c_p.l(rtexit.o)
    0x00000158   0x00000158   0x00000000   Code   RO          583    .ARM.Collect$$rtexit$$00000002  c_p.l(rtexit2.o)
    0x00000158   0x00000158   0x00000004   Code   RO          584    .ARM.Collect$$rtexit$$00000003  c_p.l(rtexit2.o)
    0x0000015c   0x0000015c   0x00000006   Code   RO          585    .ARM.Collect$$rtexit$$00000004  c_p.l(rtexit2.o)
    0x00000162   0x00000162   0x00000002   PAD
    0x00000164   0x00000164   0x00000038   Code   RO          451    .emb_text           c_p.l(rt_memcpy.o)
    0x0000019c   0x0000019c   0x00000040   Code   RO          411  * .text               startup_mkl25z4.o
    0x000001dc   0x000001dc   0x0000015a   Code   RO          455    .text               c_p.l(aeabi_sdiv.o)
    0x00000336   0x00000336   0x00000006   Code   RO          459    .text               c_p.l(heapauxi.o)
    0x0000033c   0x0000033c   0x0000006c   Code   RO          463    .text               fz_ps.l(dfixi.o)
    0x000003a8   0x000003a8   0x00000048   Code   RO          465    .text               fz_ps.l(dfixui.o)
    0x000003f0   0x000003f0   0x00000010   Code   RO          505    .text               c_p.l(exit.o)
    0x00000400   0x00000400   0x00000010   Code   RO          410    .ARM.__at_0x400     startup_mkl25z4.o
    0x00000410   0x00000410   0x00000058   Code   RO          467    .text               fz_ps.l(dflti.o)
    0x00000468   0x00000468   0x00000358   Code   RO          478    .text               fz_ps.l(daddsub.o)
    0x000007c0   0x000007c0   0x00000090   Code   RO          500    .text               fz_ps.l(dcmpin.o)
    0x00000850   0x00000850   0x0000003e   Code   RO          502    .text               c_p.l(sys_stackheap_outer.o)
    0x0000088e   0x0000088e   0x0000002e   Code   RO          517    .text               fz_ps.l(cmpret.o)
    0x000008bc   0x000008bc   0x00000014   Code   RO          519    .text               fz_ps.l(dnan2.o)
    0x000008d0   0x000008d0   0x00000008   Code   RO          521    .text               c_p.l(libspace.o)
    0x000008d8   0x000008d8   0x0000005e   Code   RO          578    .text               fz_ps.l(retnan.o)
    0x00000936   0x00000936   0x00000002   PAD
    0x00000938   0x00000938   0x0000000c   Code   RO          580    .text               c_p.l(sys_exit.o)
    0x00000944   0x00000944   0x00000002   Code   RO          599    .text               c_p.l(use_no_semi.o)
    0x00000946   0x00000946   0x00000000   Code   RO          601    .text               c_p.l(indicate_semi.o)
    0x00000946   0x00000946   0x00000002   PAD
    0x00000948   0x00000948   0x00000080   Code   RO          324    i.Init_PIT          pit_functions.o
    0x000009c8   0x000009c8   0x00000048   Code   RO           85    i.LCD_command       lcd_lib_4bit_20b.o
    0x00000a10   0x00000a10   0x000000f0   Code   RO           86    i.LCD_init          lcd_lib_4bit_20b.o
    0x00000b00   0x00000b00   0x00000038   Code   RO           87    i.LCD_send_data     lcd_lib_4bit_20b.o
    0x00000b38   0x00000b38   0x0000002c   Code   RO          325    i.PIT_IRQHandler    pit_functions.o
    0x00000b64   0x00000b64   0x00000014   Code   RO          326    i.Start_PIT         pit_functions.o
    0x00000b78   0x00000b78   0x00000014   Code   RO          327    i.Stop_PIT          pit_functions.o
    0x00000b8c   0x00000b8c   0x0000000c   Code   RO          420    i.SystemInit        system_mkl25z4.o
    0x00000b98   0x00000b98   0x0000001c   Code   RO          188    i.__ARM_common_switch8  main.o
    0x00000bb4   0x00000bb4   0x00000018   Code   RO          328    i.__NVIC_ClearPendingIRQ  pit_functions.o
    0x00000bcc   0x00000bcc   0x00000078   Code   RO          329    i.__NVIC_SetPriority  pit_functions.o
    0x00000c44   0x00000c44   0x0000000c   Code   RO          219    i.clear_Count       main_functions.o
    0x00000c50   0x00000c50   0x0000004c   Code   RO          129    i.control_RGB_LEDs  leds.o
    0x00000c9c   0x00000c9c   0x00000028   Code   RO          220    i.countToClock      main_functions.o
    0x00000cc4   0x00000cc4   0x00000074   Code   RO          221    i.countToTime       main_functions.o
    0x00000d38   0x00000d38   0x0000008c   Code   RO          222    i.decToClock        main_functions.o
    0x00000dc4   0x00000dc4   0x00000060   Code   RO          223    i.decToHex          main_functions.o
    0x00000e24   0x00000e24   0x0000001c   Code   RO           88    i.delayMs           lcd_lib_4bit_20b.o
    0x00000e40   0x00000e40   0x0000001a   Code   RO            7    i.displayString     lcd_functions.o
    0x00000e5a   0x00000e5a   0x00000002   PAD
    0x00000e5c   0x00000e5c   0x00000028   Code   RO          224    i.display_Count     main_functions.o
    0x00000e84   0x00000e84   0x00000040   Code   RO          225    i.display_Error     main_functions.o
    0x00000ec4   0x00000ec4   0x00000030   Code   RO          226    i.display_Ready     main_functions.o
    0x00000ef4   0x00000ef4   0x000000c8   Code   RO          470    i.floor             m_ps.l(floor.o)
    0x00000fbc   0x00000fbc   0x0000000c   Code   RO          227    i.get_Count         main_functions.o
    0x00000fc8   0x00000fc8   0x00000010   Code   RO          228    i.inc_Count         main_functions.o
    0x00000fd8   0x00000fd8   0x000000a4   Code   RO          130    i.init_RGB_LEDs     leds.o
    0x0000107c   0x0000107c   0x0000005c   Code   RO          382    i.init_switch       switches.o
    0x000010d8   0x000010d8   0x00000184   Code   RO          173    i.main              main.o
    0x0000125c   0x0000125c   0x00000054   Code   RO          229    i.placeSeperator    main_functions.o
    0x000012b0   0x000012b0   0x0000001c   Code   RO           89    i.pulse_the_LCD_enable  lcd_lib_4bit_20b.o
    0x000012cc   0x000012cc   0x000000e4   Code   RO          230    i.state_Update      main_functions.o
    0x000013b0   0x000013b0   0x00000068   Code   RO          480    x$fpl$drleqf        fz_ps.l(drlef.o)
    0x00001418   0x00001418   0x00000000   Code   RO          482    x$fpl$usenofp       fz_ps.l(usenofp.o)
    0x00001418   0x00001418   0x00000034   Data   RO          232    .constdata          main_functions.o
    0x0000144c   0x0000144c   0x00000020   Data   RO          651    Region$$Table       anon$$obj.o


    Execution Region ER_RW (Exec base: 0x1ffff000, Load base: 0x0000146c, Size: 0x00000018, Max: 0xffffffff, ABSOLUTE)

    Exec Addr    Load Addr    Size         Type   Attr      Idx    E Section Name        Object

    0x1ffff000   0x0000146c   0x00000014   Data   RW          233    .data               main_functions.o
    0x1ffff014   0x00001480   0x00000004   Data   RW          383    .data               switches.o


    Execution Region ER_ZI (Exec base: 0x1ffff018, Load base: 0x00001484, Size: 0x00000188, Max: 0xffffffff, ABSOLUTE)

    Exec Addr    Load Addr    Size         Type   Attr      Idx    E Section Name        Object

    0x1ffff018        -       0x00000024   Zero   RW          231    .bss                main_functions.o
    0x1ffff03c        -       0x00000060   Zero   RW          522    .bss                c_p.l(libspace.o)
    0x1ffff09c   0x00001484   0x00000004   PAD
    0x1ffff0a0        -       0x00000000   Zero   RW          408    HEAP                startup_mkl25z4.o
    0x1ffff0a0        -       0x00000100   Zero   RW          407    STACK               startup_mkl25z4.o


==============================================================================

Image component sizes


      Code (inc. data)   RO Data    RW Data    ZI Data      Debug   Object Name

        26          0          0          0          0     217376   lcd_functions.o
       424         34          0          0          0       3006   lcd_lib_4bit_20b.o
       240         24          0          0          0       1963   leds.o
       416         34          0          0          0        911   main.o
       896        116         52         20         36       8473   main_functions.o
       356         50          0          0          0      11391   pit_functions.o
        80         44        192          0        256       1100   startup_mkl25z4.o
        92         22          0          4          0        828   switches.o
        12          4          0          0          0        549   system_mkl25z4.o

    ----------------------------------------------------------------------
      2544        328        276         24        292     245597   Object Totals
         0          0         32          0          0          0   (incl. Generated)
         2          0          0          0          0          0   (incl. Padding)

    ----------------------------------------------------------------------

      Code (inc. data)   RO Data    RW Data    ZI Data      Debug   Library Member Name

         8          0          0          0          0         68   __main.o
         0          0          0          0          0          0   __rtentry.o
        12          0          0          0          0          0   __rtentry2.o
         6          0          0          0          0          0   __rtentry4.o
        60          8          0          0          0          0   __scatter.o
        26          0          0          0          0          0   __scatter_copy.o
        28          0          0          0          0          0   __scatter_zi.o
       346          0          0          0          0         92   aeabi_sdiv.o
        16          0          0          0          0         68   exit.o
         6          0          0          0          0        136   heapauxi.o
         0          0          0          0          0          0   indicate_semi.o
         2          0          0          0          0          0   libinit.o
         2          0          0          0          0          0   libinit2.o
         2          0          0          0          0          0   libshutdown.o
         2          0          0          0          0          0   libshutdown2.o
         8          4          0          0         96         68   libspace.o
        56          0          0          0          0         68   rt_memcpy.o
         2          0          0          0          0          0   rtexit.o
        10          0          0          0          0          0   rtexit2.o
        12          4          0          0          0         60   sys_exit.o
        62          0          0          0          0         80   sys_stackheap_outer.o
         2          0          0          0          0         68   use_no_semi.o
        46          0          0          0          0         60   cmpret.o
       856         20          0          0          0        208   daddsub.o
       144          4          0          0          0         76   dcmpin.o
       108         10          0          0          0         72   dfixi.o
        72          4          0          0          0         68   dfixui.o
        88          0          0          0          0         92   dflti.o
        20          6          0          0          0         68   dnan2.o
       104          4          0          0          0        104   drlef.o
        94          0          0          0          0         68   retnan.o
         0          0          0          0          0          0   usenofp.o
       200         20          0          0          0         76   floor.o

    ----------------------------------------------------------------------
      2408         84          0          0        100       1600   Library Totals
         8          0          0          0          4          0   (incl. Padding)

    ----------------------------------------------------------------------

      Code (inc. data)   RO Data    RW Data    ZI Data      Debug   Library Name

       668         16          0          0         96        708   c_p.l
      1532         48          0          0          0        816   fz_ps.l
       200         20          0          0          0         76   m_ps.l

    ----------------------------------------------------------------------
      2408         84          0          0        100       1600   Library Totals

    ----------------------------------------------------------------------

==============================================================================


      Code (inc. data)   RO Data    RW Data    ZI Data      Debug   

      4952        412        276         24        392     245365   Grand Totals
      4952        412        276         24        392     245365   ELF Image Totals
      4952        412        276         24          0          0   ROM Totals

==============================================================================

    Total RO  Size (Code + RO Data)                 5228 (   5.11kB)
    Total RW  Size (RW Data + ZI Data)               416 (   0.41kB)
    Total ROM Size (Code + RO Data + RW Data)       5252 (   5.13kB)

==============================================================================

