Component: ARM Compiler 5.06 update 6 (build 750) Tool: armlink [4d35ed]

==============================================================================

Section Cross References

    adc_functions.o(i.ADC_IRQHandler) refers to adc_functions.o(i.__NVIC_ClearPendingIRQ) for __NVIC_ClearPendingIRQ
    adc_functions.o(i.Init_ADC) refers to adc_functions.o(i.__NVIC_SetPriority) for __NVIC_SetPriority
    adc_functions.o(i.Init_ADC) refers to adc_functions.o(i.__NVIC_ClearPendingIRQ) for __NVIC_ClearPendingIRQ
    adc_functions.o(i.scan_ADC) refers to uart_functions.o(i.print_base10) for print_base10
    adc_functions.o(i.scan_ADC) refers to uart_functions.o(i.Print_Newline) for Print_Newline
    adc_functions.o(i.scan_ADC) refers to adc_functions.o(i.__ARM_common_switch8) for __ARM_common_switch8
    adc_functions.o(i.scan_ADC) refers to lcd_lib_4bit_20b.o(i.delayMs) for delayMs
    lcd_functions.o(i.binToHex) refers to aeabi_sdiv.o(.text) for __aeabi_idivmod
    lcd_functions.o(i.binToHex) refers to lcd_functions.o(i.Exp) for Exp
    lcd_functions.o(i.binToHex) refers to lcd_functions.o(i.bitToHex) for bitToHex
    lcd_functions.o(i.bitToHex) refers to lcd_functions.o(i.ijSwap) for ijSwap
    lcd_functions.o(i.bitToHex) refers to lcd_functions.o(i.Exp) for Exp
    lcd_functions.o(i.displayString) refers to lcd_lib_4bit_20b.o(i.LCD_send_data) for LCD_send_data
    lcd_lib_4bit_20b.o(i.LCD_command) refers to lcd_lib_4bit_20b.o(i.pulse_the_LCD_enable) for pulse_the_LCD_enable
    lcd_lib_4bit_20b.o(i.LCD_command) refers to lcd_lib_4bit_20b.o(i.delayMs) for delayMs
    lcd_lib_4bit_20b.o(i.LCD_init) refers to lcd_lib_4bit_20b.o(i.delayMs) for delayMs
    lcd_lib_4bit_20b.o(i.LCD_init) refers to lcd_lib_4bit_20b.o(i.pulse_the_LCD_enable) for pulse_the_LCD_enable
    lcd_lib_4bit_20b.o(i.LCD_init) refers to lcd_lib_4bit_20b.o(i.LCD_command) for LCD_command
    lcd_lib_4bit_20b.o(i.LCD_send_data) refers to lcd_lib_4bit_20b.o(i.pulse_the_LCD_enable) for pulse_the_LCD_enable
    lcd_lib_4bit_20b.o(i.pulse_the_LCD_enable) refers to lcd_lib_4bit_20b.o(i.delayMs) for delayMs
    leds.o(i.init_LEDs) refers to leds.o(i.control_RGB_LEDs) for control_RGB_LEDs
    leds.o(i.init_LEDs) refers to leds.o(i.control_White_LEDs) for control_White_LEDs
    mag_functions.o(i.get_Mag_Status) refers to spi_functions.o(i.SPIsendRec) for SPIsendRec
    mag_functions.o(i.get_XData) refers to spi_functions.o(i.SPIsendRec) for SPIsendRec
    mag_functions.o(i.get_YData) refers to spi_functions.o(i.SPIsendRec) for SPIsendRec
    mag_functions.o(i.get_ZData) refers to spi_functions.o(i.SPIsendRec) for SPIsendRec
    mag_functions.o(i.init_Mag) refers to lcd_lib_4bit_20b.o(i.delayMs) for delayMs
    mag_functions.o(i.init_Mag) refers to spi_functions.o(i.SPIsendRec) for SPIsendRec
    mag_functions.o(i.init_Mag) refers to leds.o(i.control_RGB_LEDs) for control_RGB_LEDs
    mag_functions.o(i.init_Mag) refers to uart_functions.o(i.print_base10) for print_base10
    mag_functions.o(i.init_Mag) refers to uart_functions.o(i.Print_Newline) for Print_Newline
    mag_functions.o(i.init_Mag) refers to spi_functions.o(i.SPIsend) for SPIsend
    main_functions.o(i.clear_Count) refers to main_functions.o(.data) for counter
    main_functions.o(i.countToClock) refers to main_functions.o(i.countToTime) for countToTime
    main_functions.o(i.countToClock) refers to main_functions.o(i.decToClock) for decToClock
    main_functions.o(i.countToClock) refers to lcd_lib_4bit_20b.o(i.LCD_command) for LCD_command
    main_functions.o(i.countToClock) refers to lcd_functions.o(i.displayString) for displayString
    main_functions.o(i.countToClock) refers to main_functions.o(.data) for counter
    main_functions.o(i.countToClock) refers to main_functions.o(.bss) for clock
    main_functions.o(i.countToTime) refers to aeabi_sdiv.o(.text) for __aeabi_uidivmod
    main_functions.o(i.countToTime) refers to dflti.o(.text) for __aeabi_ui2d
    main_functions.o(i.countToTime) refers to floor.o(i.floor) for floor
    main_functions.o(i.countToTime) refers to dfixui.o(.text) for __aeabi_d2uiz
    main_functions.o(i.countToTime) refers to main_functions.o(.data) for counter
    main_functions.o(i.decToClock) refers to main_functions.o(i.placeSeperator) for placeSeperator
    main_functions.o(i.decToClock) refers to main_functions.o(i.decToHex) for decToHex
    main_functions.o(i.decToClock) refers to main_functions.o(.data) for minutes
    main_functions.o(i.decToClock) refers to main_functions.o(.bss) for clock
    main_functions.o(i.decToHex) refers to adc_functions.o(i.__ARM_common_switch8) for __ARM_common_switch8
    main_functions.o(i.display_Count) refers to main_functions.o(i.countToTime) for countToTime
    main_functions.o(i.display_Count) refers to main_functions.o(i.decToClock) for decToClock
    main_functions.o(i.display_Count) refers to lcd_lib_4bit_20b.o(i.LCD_command) for LCD_command
    main_functions.o(i.display_Count) refers to lcd_functions.o(i.displayString) for displayString
    main_functions.o(i.display_Count) refers to leds.o(i.control_RGB_LEDs) for control_RGB_LEDs
    main_functions.o(i.display_Count) refers to main_functions.o(.bss) for clock
    main_functions.o(i.display_Error) refers to lcd_lib_4bit_20b.o(i.LCD_command) for LCD_command
    main_functions.o(i.display_Error) refers to aeabi_sdiv.o(.text) for __aeabi_uidivmod
    main_functions.o(i.display_Error) refers to lcd_functions.o(i.displayString) for displayString
    main_functions.o(i.display_Error) refers to leds.o(i.control_RGB_LEDs) for control_RGB_LEDs
    main_functions.o(i.display_Error) refers to main_functions.o(.data) for counter
    main_functions.o(i.display_Ready) refers to lcd_lib_4bit_20b.o(i.LCD_command) for LCD_command
    main_functions.o(i.display_Ready) refers to rt_memcpy.o(.emb_text) for __aeabi_memcpy4
    main_functions.o(i.display_Ready) refers to lcd_functions.o(i.displayString) for displayString
    main_functions.o(i.display_Ready) refers to leds.o(i.control_RGB_LEDs) for control_RGB_LEDs
    main_functions.o(i.display_Ready) refers to main_functions.o(.constdata) for .constdata
    main_functions.o(i.get_Count) refers to main_functions.o(.data) for counter
    main_functions.o(i.inc_Count) refers to main_functions.o(.data) for counter
    main_functions.o(i.placeSeperator) refers to aeabi_sdiv.o(.text) for __aeabi_idivmod
    main_functions.o(i.placeSeperator) refers to dflti.o(.text) for __aeabi_i2d
    main_functions.o(i.placeSeperator) refers to floor.o(i.floor) for floor
    main_functions.o(i.placeSeperator) refers to dfixi.o(.text) for __aeabi_d2iz
    main_functions.o(i.state_Update) refers to adc_functions.o(i.__ARM_common_switch8) for __ARM_common_switch8
    main_functions.o(i.state_Update) refers to main_functions.o(.data) for present_state
    motor_functions.o(i.go_Backward) refers to motor_functions.o(i.left_wheel_forward) for left_wheel_forward
    motor_functions.o(i.go_Backward) refers to motor_functions.o(i.right_wheel_backward) for right_wheel_backward
    motor_functions.o(i.go_Forward) refers to motor_functions.o(i.right_wheel_forward) for right_wheel_forward
    motor_functions.o(i.go_Forward) refers to motor_functions.o(i.left_wheel_backward) for left_wheel_backward
    motor_functions.o(i.left_wheel_backward) refers to leds.o(i.control_RGB_LEDs) for control_RGB_LEDs
    motor_functions.o(i.left_wheel_forward) refers to leds.o(i.control_RGB_LEDs) for control_RGB_LEDs
    motor_functions.o(i.left_wheel_stop) refers to leds.o(i.toggle_RGB_LEDs) for toggle_RGB_LEDs
    motor_functions.o(i.right_wheel_backward) refers to leds.o(i.control_RGB_LEDs) for control_RGB_LEDs
    motor_functions.o(i.right_wheel_forward) refers to leds.o(i.control_RGB_LEDs) for control_RGB_LEDs
    motor_functions.o(i.right_wheel_stop) refers to leds.o(i.toggle_RGB_LEDs) for toggle_RGB_LEDs
    motor_functions.o(i.stop) refers to motor_functions.o(i.right_wheel_stop) for right_wheel_stop
    motor_functions.o(i.stop) refers to motor_functions.o(i.left_wheel_stop) for left_wheel_stop
    motor_functions.o(i.turn_Left) refers to motor_functions.o(i.right_wheel_forward) for right_wheel_forward
    motor_functions.o(i.turn_Left) refers to motor_functions.o(i.left_wheel_stop) for left_wheel_stop
    motor_functions.o(i.turn_Right) refers to motor_functions.o(i.right_wheel_stop) for right_wheel_stop
    motor_functions.o(i.turn_Right) refers to motor_functions.o(i.left_wheel_forward) for left_wheel_forward
    pit_functions.o(i.Init_PIT) refers to pit_functions.o(i.__NVIC_SetPriority) for __NVIC_SetPriority
    pit_functions.o(i.Init_PIT) refers to pit_functions.o(i.__NVIC_ClearPendingIRQ) for __NVIC_ClearPendingIRQ
    pit_functions.o(i.PIT_IRQHandler) refers to pit_functions.o(i.__NVIC_ClearPendingIRQ) for __NVIC_ClearPendingIRQ
    pit_functions.o(i.PIT_IRQHandler) refers to leds.o(i.control_White_LEDs) for control_White_LEDs
    pit_functions.o(i.Start_PIT) refers to pit_functions.o(.data) for count
    pit_functions.o(i.Stop_PIT) refers to main_functions.o(i.countToClock) for countToClock
    pit_functions.o(i.Stop_PIT) refers to pit_functions.o(.data) for count
    spi_functions.o(i.Test_SPI_Loopback) refers to spi_functions.o(i.SPIsendRec) for SPIsendRec
    spi_functions.o(i.Test_SPI_Loopback) refers to leds.o(i.control_RGB_LEDs) for control_RGB_LEDs
    switches.o(i.PORTA_IRQHandler) refers to switches.o(i.__NVIC_ClearPendingIRQ) for __NVIC_ClearPendingIRQ
    switches.o(i.PORTA_IRQHandler) refers to lcd_lib_4bit_20b.o(i.delayMs) for delayMs
    switches.o(i.PORTA_IRQHandler) refers to test_functions.o(i.Test_Motors) for Test_Motors
    switches.o(i.PORTA_IRQHandler) refers to leds.o(i.control_White_LEDs) for control_White_LEDs
    switches.o(i.PORTA_IRQHandler) refers to test_functions.o(i.Test_ADC) for Test_ADC
    switches.o(i.PORTA_IRQHandler) refers to test_functions.o(i.Test_Mag) for Test_Mag
    switches.o(i.PORTA_IRQHandler) refers to test_functions.o(i.Test_UART) for Test_UART
    switches.o(i.PORTA_IRQHandler) refers to test_functions.o(i.Test_USound) for Test_USound
    switches.o(i.init_switch) refers to switches.o(i.__NVIC_SetPriority) for __NVIC_SetPriority
    switches.o(i.init_switch) refers to switches.o(i.__NVIC_ClearPendingIRQ) for __NVIC_ClearPendingIRQ
    tpm_functions.o(i.TPM0_IRQHandler) refers to leds.o(i.control_RGB_LEDs) for control_RGB_LEDs
    uart_functions.o(i.Print_Newline) refers to uart_functions.o(i.UART2_Transmit) for UART2_Transmit
    uart_functions.o(i.Print_Newline) refers to lcd_lib_4bit_20b.o(i.delayMs) for delayMs
    uart_functions.o(i.Print_String) refers to uart_functions.o(i.UART2_Transmit) for UART2_Transmit
    uart_functions.o(i.Print_String) refers to lcd_lib_4bit_20b.o(i.delayMs) for delayMs
    uart_functions.o(i.Q_UART2_Transmit) refers to queue_functions.o(i.Q_Enqueue) for Q_Enqueue
    uart_functions.o(i.Q_UART2_Transmit) refers to queue_functions.o(i.Q_Dequeue) for Q_Dequeue
    uart_functions.o(i.Q_UART2_Transmit) refers to uart_functions.o(i.UART2_Transmit) for UART2_Transmit
    uart_functions.o(i.Q_UART2_Transmit) refers to lcd_lib_4bit_20b.o(i.delayMs) for delayMs
    uart_functions.o(i.Q_UART2_Transmit) refers to uart_functions.o(.bss) for q
    uart_functions.o(i.init_UART2) refers to queue_functions.o(i.Q_Init) for Q_Init
    uart_functions.o(i.init_UART2) refers to uart_functions.o(.bss) for q
    uart_functions.o(i.print_base10) refers to aeabi_sdiv.o(.text) for __aeabi_uidivmod
    uart_functions.o(i.print_base10) refers to lcd_lib_4bit_20b.o(i.delayMs) for delayMs
    usound_functions.o(i.delayMicros) refers to leds.o(i.control_RGB_LEDs) for control_RGB_LEDs
    usound_functions.o(i.measure_distance) refers to aeabi_sdiv.o(.text) for __aeabi_uidivmod
    main.o(i.main) refers to adc_functions.o(i.Init_ADC) for Init_ADC
    main.o(i.main) refers to leds.o(i.init_LEDs) for init_LEDs
    main.o(i.main) refers to spi_functions.o(i.init_SPI1) for init_SPI1
    main.o(i.main) refers to tpm_functions.o(i.init_TPM) for init_TPM
    main.o(i.main) refers to uart_functions.o(i.init_UART2) for init_UART2
    main.o(i.main) refers to mag_functions.o(i.init_Mag) for init_Mag
    main.o(i.main) refers to switches.o(i.init_switch) for init_switch
    main.o(i.main) refers to pit_functions.o(i.Init_PIT) for Init_PIT
    test_functions.o(i.Test_ADC) refers to adc_functions.o(i.scan_ADC) for scan_ADC
    test_functions.o(i.Test_ADC) refers to uart_functions.o(i.print_base10) for print_base10
    test_functions.o(i.Test_Mag) refers to spi_functions.o(i.SPIsendRec) for SPIsendRec
    test_functions.o(i.Test_Mag) refers to leds.o(i.control_RGB_LEDs) for control_RGB_LEDs
    test_functions.o(i.Test_Mag) refers to uart_functions.o(i.print_base10) for print_base10
    test_functions.o(i.Test_Mag) refers to uart_functions.o(i.Print_Newline) for Print_Newline
    test_functions.o(i.Test_Mag) refers to lcd_lib_4bit_20b.o(i.delayMs) for delayMs
    test_functions.o(i.Test_Motors) refers to motor_functions.o(i.go_Forward) for go_Forward
    test_functions.o(i.Test_Motors) refers to motor_functions.o(i.go_Backward) for go_Backward
    test_functions.o(i.Test_Motors) refers to motor_functions.o(i.turn_Left) for turn_Left
    test_functions.o(i.Test_Motors) refers to motor_functions.o(i.turn_Right) for turn_Right
    test_functions.o(i.Test_Motors) refers to motor_functions.o(i.stop) for stop
    test_functions.o(i.Test_UART) refers to uart_functions.o(i.Print_String) for Print_String
    test_functions.o(i.Test_UART) refers to uart_functions.o(i.Print_Newline) for Print_Newline
    test_functions.o(i.Test_USound) refers to usound_functions.o(i.measure_distance) for measure_distance
    test_functions.o(i.Test_USound) refers to uart_functions.o(i.print_base10) for print_base10
    queue_functions.o(i.Q_Dequeue) refers to queue_functions.o(i.Q_Empty) for Q_Empty
    queue_functions.o(i.Q_Enqueue) refers to queue_functions.o(i.Q_Full) for Q_Full
    startup_mkl25z4.o(STACK) refers (Special) to heapauxi.o(.text) for __use_two_region_memory
    startup_mkl25z4.o(HEAP) refers (Special) to heapauxi.o(.text) for __use_two_region_memory
    startup_mkl25z4.o(RESET) refers (Special) to heapauxi.o(.text) for __use_two_region_memory
    startup_mkl25z4.o(RESET) refers to startup_mkl25z4.o(STACK) for __initial_sp
    startup_mkl25z4.o(RESET) refers to startup_mkl25z4.o(.text) for Reset_Handler
    startup_mkl25z4.o(RESET) refers to uart_functions.o(i.UART2_IRQHandler) for UART2_IRQHandler
    startup_mkl25z4.o(RESET) refers to tpm_functions.o(i.TPM0_IRQHandler) for TPM0_IRQHandler
    startup_mkl25z4.o(RESET) refers to pit_functions.o(i.PIT_IRQHandler) for PIT_IRQHandler
    startup_mkl25z4.o(RESET) refers to switches.o(i.PORTA_IRQHandler) for PORTA_IRQHandler
    startup_mkl25z4.o(.ARM.__at_0x400) refers (Special) to heapauxi.o(.text) for __use_two_region_memory
    startup_mkl25z4.o(.text) refers (Special) to heapauxi.o(.text) for __use_two_region_memory
    startup_mkl25z4.o(.text) refers to system_mkl25z4.o(i.SystemInit) for SystemInit
    startup_mkl25z4.o(.text) refers to __main.o(!!!main) for __main
    startup_mkl25z4.o(.text) refers to startup_mkl25z4.o(HEAP) for Heap_Mem
    startup_mkl25z4.o(.text) refers to startup_mkl25z4.o(STACK) for Stack_Mem
    system_mkl25z4.o(i.SystemCoreClockUpdate) refers to aeabi_sdiv.o(.text) for __aeabi_uidivmod
    system_mkl25z4.o(i.SystemCoreClockUpdate) refers to adc_functions.o(i.__ARM_common_switch8) for __ARM_common_switch8
    system_mkl25z4.o(i.SystemCoreClockUpdate) refers to system_mkl25z4.o(.data) for SystemCoreClock
    rt_memcpy.o(.text) refers to rt_memcpy.o(.emb_text) for __aeabi_memcpy4
    __main.o(!!!main) refers to __rtentry.o(.ARM.Collect$$rtentry$$00000000) for __rt_entry
    dfixi.o(.text) refers (Special) to usenofp.o(x$fpl$usenofp) for __I$use$fp
    dfixui.o(.text) refers (Special) to usenofp.o(x$fpl$usenofp) for __I$use$fp
    dflti.o(.text) refers (Special) to usenofp.o(x$fpl$usenofp) for __I$use$fp
    floor.o(i.__softfp_floor) refers (Special) to usenofp.o(x$fpl$usenofp) for __I$use$fp
    floor.o(i.__softfp_floor) refers to floor.o(i.floor) for floor
    floor.o(i.floor) refers (Special) to usenofp.o(x$fpl$usenofp) for __I$use$fp
    floor.o(i.floor) refers to daddsub.o(.text) for __aeabi_dadd
    floor.o(i.floor) refers to drlef.o(x$fpl$drleqf) for __aeabi_cdrcmple
    __rtentry.o(.ARM.Collect$$rtentry$$00000000) refers (Special) to __rtentry2.o(.ARM.Collect$$rtentry$$0000000A) for __rt_entry_li
    __rtentry.o(.ARM.Collect$$rtentry$$00000000) refers (Special) to __rtentry2.o(.ARM.Collect$$rtentry$$0000000D) for __rt_entry_main
    __rtentry.o(.ARM.Collect$$rtentry$$00000000) refers (Special) to __rtentry2.o(.ARM.Collect$$rtentry$$0000000C) for __rt_entry_postli_1
    __rtentry.o(.ARM.Collect$$rtentry$$00000000) refers (Special) to __rtentry2.o(.ARM.Collect$$rtentry$$00000009) for __rt_entry_postsh_1
    __rtentry.o(.ARM.Collect$$rtentry$$00000000) refers (Special) to __rtentry2.o(.ARM.Collect$$rtentry$$00000002) for __rt_entry_presh_1
    __rtentry.o(.ARM.Collect$$rtentry$$00000000) refers (Special) to __rtentry4.o(.ARM.Collect$$rtentry$$00000004) for __rt_entry_sh
    aeabi_idiv0_sigfpe.o(.text) refers to rt_div0.o(.text) for __rt_div0
    daddsub.o(.text) refers (Special) to usenofp.o(x$fpl$usenofp) for __I$use$fp
    drlef.o(x$fpl$drleqf) refers (Special) to usenofp.o(x$fpl$usenofp) for __I$use$fp
    drlef.o(x$fpl$drleqf) refers to dcmpin.o(.text) for __fpl_dcmp_InfNaN
    __rtentry2.o(.ARM.Collect$$rtentry$$00000008) refers to boardinit2.o(.text) for _platform_post_stackheap_init
    __rtentry2.o(.ARM.Collect$$rtentry$$0000000A) refers to libinit.o(.ARM.Collect$$libinit$$00000000) for __rt_lib_init
    __rtentry2.o(.ARM.Collect$$rtentry$$0000000B) refers to boardinit3.o(.text) for _platform_post_lib_init
    __rtentry2.o(.ARM.Collect$$rtentry$$0000000D) refers to main.o(i.main) for main
    __rtentry2.o(.ARM.Collect$$rtentry$$0000000D) refers to exit.o(.text) for exit
    __rtentry2.o(.ARM.exidx) refers to __rtentry2.o(.ARM.Collect$$rtentry$$00000001) for .ARM.Collect$$rtentry$$00000001
    __rtentry2.o(.ARM.exidx) refers to __rtentry2.o(.ARM.Collect$$rtentry$$00000008) for .ARM.Collect$$rtentry$$00000008
    __rtentry2.o(.ARM.exidx) refers to __rtentry2.o(.ARM.Collect$$rtentry$$0000000A) for .ARM.Collect$$rtentry$$0000000A
    __rtentry2.o(.ARM.exidx) refers to __rtentry2.o(.ARM.Collect$$rtentry$$0000000B) for .ARM.Collect$$rtentry$$0000000B
    __rtentry2.o(.ARM.exidx) refers to __rtentry2.o(.ARM.Collect$$rtentry$$0000000D) for .ARM.Collect$$rtentry$$0000000D
    __rtentry4.o(.ARM.Collect$$rtentry$$00000004) refers to sys_stackheap_outer.o(.text) for __user_setup_stackheap
    __rtentry4.o(.ARM.exidx) refers to __rtentry4.o(.ARM.Collect$$rtentry$$00000004) for .ARM.Collect$$rtentry$$00000004
    rt_div0.o(.text) refers to defsig_fpe_outer.o(.text) for __rt_SIGFPE
    dcmpin.o(.text) refers (Special) to usenofp.o(x$fpl$usenofp) for __I$use$fp
    dcmpin.o(.text) refers to cmpret.o(.text) for __fpl_cmpreturn
    dcmpin.o(.text) refers to dnan2.o(.text) for __fpl_dcheck_NaN2
    sys_stackheap_outer.o(.text) refers to libspace.o(.text) for __user_perproc_libspace
    sys_stackheap_outer.o(.text) refers to startup_mkl25z4.o(.text) for __user_initial_stackheap
    sys_stackheap_outer.o(__vectab_stack_and_reset_area) refers to tempstk.o(.text) for __temporary_stack_top
    sys_stackheap_outer.o(__vectab_stack_and_reset_area) refers to __main.o(!!!main) for __main
    exit.o(.text) refers to rtexit.o(.ARM.Collect$$rtexit$$00000000) for __rt_exit
    defsig_fpe_outer.o(.text) refers to defsig_fpe_inner.o(.text) for __rt_SIGFPE_inner
    defsig_fpe_outer.o(.text) refers to defsig_exit.o(.text) for __sig_exit
    defsig_fpe_formal.o(.text) refers to rt_raise.o(.text) for __rt_raise
    libinit.o(.ARM.Collect$$libinit$$00000000) refers (Special) to libinit2.o(.ARM.Collect$$libinit$$0000002E) for __rt_lib_init_alloca_1
    libinit.o(.ARM.Collect$$libinit$$00000000) refers (Special) to libinit2.o(.ARM.Collect$$libinit$$0000002C) for __rt_lib_init_argv_1
    libinit.o(.ARM.Collect$$libinit$$00000000) refers (Special) to libinit2.o(.ARM.Collect$$libinit$$0000001B) for __rt_lib_init_atexit_1
    libinit.o(.ARM.Collect$$libinit$$00000000) refers (Special) to libinit2.o(.ARM.Collect$$libinit$$00000021) for __rt_lib_init_clock_1
    libinit.o(.ARM.Collect$$libinit$$00000000) refers (Special) to libinit2.o(.ARM.Collect$$libinit$$00000032) for __rt_lib_init_cpp_1
    libinit.o(.ARM.Collect$$libinit$$00000000) refers (Special) to libinit2.o(.ARM.Collect$$libinit$$00000030) for __rt_lib_init_exceptions_1
    libinit.o(.ARM.Collect$$libinit$$00000000) refers (Special) to libinit2.o(.ARM.Collect$$libinit$$00000002) for __rt_lib_init_fp_1
    libinit.o(.ARM.Collect$$libinit$$00000000) refers (Special) to libinit2.o(.ARM.Collect$$libinit$$0000001F) for __rt_lib_init_fp_trap_1
    libinit.o(.ARM.Collect$$libinit$$00000000) refers (Special) to libinit2.o(.ARM.Collect$$libinit$$00000023) for __rt_lib_init_getenv_1
    libinit.o(.ARM.Collect$$libinit$$00000000) refers (Special) to libinit2.o(.ARM.Collect$$libinit$$0000000A) for __rt_lib_init_heap_1
    libinit.o(.ARM.Collect$$libinit$$00000000) refers (Special) to libinit2.o(.ARM.Collect$$libinit$$00000011) for __rt_lib_init_lc_collate_1
    libinit.o(.ARM.Collect$$libinit$$00000000) refers (Special) to libinit2.o(.ARM.Collect$$libinit$$00000013) for __rt_lib_init_lc_ctype_1
    libinit.o(.ARM.Collect$$libinit$$00000000) refers (Special) to libinit2.o(.ARM.Collect$$libinit$$00000015) for __rt_lib_init_lc_monetary_1
    libinit.o(.ARM.Collect$$libinit$$00000000) refers (Special) to libinit2.o(.ARM.Collect$$libinit$$00000017) for __rt_lib_init_lc_numeric_1
    libinit.o(.ARM.Collect$$libinit$$00000000) refers (Special) to libinit2.o(.ARM.Collect$$libinit$$00000019) for __rt_lib_init_lc_time_1
    libinit.o(.ARM.Collect$$libinit$$00000000) refers (Special) to libinit2.o(.ARM.Collect$$libinit$$00000004) for __rt_lib_init_preinit_1
    libinit.o(.ARM.Collect$$libinit$$00000000) refers (Special) to libinit2.o(.ARM.Collect$$libinit$$0000000E) for __rt_lib_init_rand_1
    libinit.o(.ARM.Collect$$libinit$$00000000) refers (Special) to libinit2.o(.ARM.Collect$$libinit$$00000033) for __rt_lib_init_return
    libinit.o(.ARM.Collect$$libinit$$00000000) refers (Special) to libinit2.o(.ARM.Collect$$libinit$$0000001D) for __rt_lib_init_signal_1
    libinit.o(.ARM.Collect$$libinit$$00000000) refers (Special) to libinit2.o(.ARM.Collect$$libinit$$00000025) for __rt_lib_init_stdio_1
    libinit.o(.ARM.Collect$$libinit$$00000000) refers (Special) to libinit2.o(.ARM.Collect$$libinit$$0000000C) for __rt_lib_init_user_alloc_1
    cmpret.o(.text) refers (Special) to usenofp.o(x$fpl$usenofp) for __I$use$fp
    dnan2.o(.text) refers (Special) to usenofp.o(x$fpl$usenofp) for __I$use$fp
    dnan2.o(.text) refers to retnan.o(.text) for __fpl_return_NaN
    libspace.o(.text) refers to libspace.o(.bss) for __libspace_start
    rtexit.o(.ARM.Collect$$rtexit$$00000000) refers (Special) to rtexit2.o(.ARM.Collect$$rtexit$$00000004) for __rt_exit_exit
    rtexit.o(.ARM.Collect$$rtexit$$00000000) refers (Special) to rtexit2.o(.ARM.Collect$$rtexit$$00000003) for __rt_exit_ls
    rtexit.o(.ARM.Collect$$rtexit$$00000000) refers (Special) to rtexit2.o(.ARM.Collect$$rtexit$$00000002) for __rt_exit_prels_1
    rtexit.o(.ARM.exidx) refers (Special) to rtexit2.o(.ARM.Collect$$rtexit$$00000004) for __rt_exit_exit
    rtexit.o(.ARM.exidx) refers (Special) to rtexit2.o(.ARM.Collect$$rtexit$$00000003) for __rt_exit_ls
    rtexit.o(.ARM.exidx) refers (Special) to rtexit2.o(.ARM.Collect$$rtexit$$00000002) for __rt_exit_prels_1
    rtexit.o(.ARM.exidx) refers to rtexit.o(.ARM.Collect$$rtexit$$00000000) for .ARM.Collect$$rtexit$$00000000
    rt_raise.o(.text) refers to __raise.o(.text) for __raise
    rt_raise.o(.text) refers to sys_exit.o(.text) for _sys_exit
    defsig_exit.o(.text) refers to sys_exit.o(.text) for _sys_exit
    defsig_fpe_inner.o(.text) refers to defsig_general.o(.text) for __default_signal_display
    libinit2.o(.ARM.Collect$$libinit$$00000010) refers to libinit2.o(.ARM.Collect$$libinit$$0000000F) for .ARM.Collect$$libinit$$0000000F
    libinit2.o(.ARM.Collect$$libinit$$00000012) refers to libinit2.o(.ARM.Collect$$libinit$$0000000F) for .ARM.Collect$$libinit$$0000000F
    libinit2.o(.ARM.Collect$$libinit$$00000014) refers to libinit2.o(.ARM.Collect$$libinit$$0000000F) for .ARM.Collect$$libinit$$0000000F
    libinit2.o(.ARM.Collect$$libinit$$00000016) refers to libinit2.o(.ARM.Collect$$libinit$$0000000F) for .ARM.Collect$$libinit$$0000000F
    libinit2.o(.ARM.Collect$$libinit$$00000018) refers to libinit2.o(.ARM.Collect$$libinit$$0000000F) for .ARM.Collect$$libinit$$0000000F
    libinit2.o(.ARM.Collect$$libinit$$00000026) refers to argv_veneer.o(.text) for __ARM_argv_veneer
    libinit2.o(.ARM.Collect$$libinit$$00000027) refers to argv_veneer.o(.text) for __ARM_argv_veneer
    retnan.o(.text) refers (Special) to usenofp.o(x$fpl$usenofp) for __I$use$fp
    retnan.o(.text) refers to cmpret.o(.text) for __fpl_cmpreturn
    sys_exit.o(.text) refers (Special) to use_no_semi.o(.text) for __I$use$semihosting
    sys_exit.o(.text) refers (Special) to indicate_semi.o(.text) for __semihosting_library_function
    rtexit2.o(.ARM.Collect$$rtexit$$00000003) refers to libshutdown.o(.ARM.Collect$$libshutdown$$00000000) for __rt_lib_shutdown
    rtexit2.o(.ARM.Collect$$rtexit$$00000004) refers to sys_exit.o(.text) for _sys_exit
    rtexit2.o(.ARM.exidx) refers to rtexit2.o(.ARM.Collect$$rtexit$$00000001) for .ARM.Collect$$rtexit$$00000001
    rtexit2.o(.ARM.exidx) refers to rtexit2.o(.ARM.Collect$$rtexit$$00000003) for .ARM.Collect$$rtexit$$00000003
    rtexit2.o(.ARM.exidx) refers to rtexit2.o(.ARM.Collect$$rtexit$$00000004) for .ARM.Collect$$rtexit$$00000004
    __raise.o(.text) refers to defsig.o(CL$$defsig) for __default_signal_handler
    defsig_general.o(.text) refers to sys_wrch.o(.text) for _ttywrch
    sys_wrch.o(.text) refers (Special) to use_no_semi.o(.text) for __I$use$semihosting
    sys_wrch.o(.text) refers (Special) to indicate_semi.o(.text) for __semihosting_library_function
    defsig.o(CL$$defsig) refers to defsig_fpe_inner.o(.text) for __rt_SIGFPE_inner
    defsig.o(CL$$defsig) refers to defsig_rtmem_inner.o(.text) for __rt_SIGRTMEM_inner
    _get_argv_nomalloc.o(.text) refers (Special) to hrguard.o(.text) for __heap_region$guard
    _get_argv_nomalloc.o(.text) refers to defsig_rtmem_outer.o(.text) for __rt_SIGRTMEM
    _get_argv_nomalloc.o(.text) refers to sys_command.o(.text) for _sys_command_string
    libshutdown.o(.ARM.Collect$$libshutdown$$00000000) refers (Special) to libshutdown2.o(.ARM.Collect$$libshutdown$$00000002) for __rt_lib_shutdown_cpp_1
    libshutdown.o(.ARM.Collect$$libshutdown$$00000000) refers (Special) to libshutdown2.o(.ARM.Collect$$libshutdown$$00000007) for __rt_lib_shutdown_fp_trap_1
    libshutdown.o(.ARM.Collect$$libshutdown$$00000000) refers (Special) to libshutdown2.o(.ARM.Collect$$libshutdown$$0000000F) for __rt_lib_shutdown_heap_1
    libshutdown.o(.ARM.Collect$$libshutdown$$00000000) refers (Special) to libshutdown2.o(.ARM.Collect$$libshutdown$$00000010) for __rt_lib_shutdown_return
    libshutdown.o(.ARM.Collect$$libshutdown$$00000000) refers (Special) to libshutdown2.o(.ARM.Collect$$libshutdown$$0000000A) for __rt_lib_shutdown_signal_1
    libshutdown.o(.ARM.Collect$$libshutdown$$00000000) refers (Special) to libshutdown2.o(.ARM.Collect$$libshutdown$$00000004) for __rt_lib_shutdown_stdio_1
    libshutdown.o(.ARM.Collect$$libshutdown$$00000000) refers (Special) to libshutdown2.o(.ARM.Collect$$libshutdown$$0000000C) for __rt_lib_shutdown_user_alloc_1
    sys_command.o(.text) refers (Special) to use_no_semi.o(.text) for __I$use$semihosting
    sys_command.o(.text) refers (Special) to indicate_semi.o(.text) for __semihosting_library_function
    defsig_abrt_inner.o(.text) refers to defsig_general.o(.text) for __default_signal_display
    defsig_rtred_inner.o(.text) refers to defsig_general.o(.text) for __default_signal_display
    defsig_rtmem_inner.o(.text) refers to defsig_general.o(.text) for __default_signal_display
    defsig_rtmem_outer.o(.text) refers to defsig_rtmem_inner.o(.text) for __rt_SIGRTMEM_inner
    defsig_rtmem_outer.o(.text) refers to defsig_exit.o(.text) for __sig_exit
    defsig_rtmem_formal.o(.text) refers to rt_raise.o(.text) for __rt_raise
    defsig_stak_inner.o(.text) refers to defsig_general.o(.text) for __default_signal_display
    defsig_pvfn_inner.o(.text) refers to defsig_general.o(.text) for __default_signal_display
    defsig_cppl_inner.o(.text) refers to defsig_general.o(.text) for __default_signal_display
    defsig_segv_inner.o(.text) refers to defsig_general.o(.text) for __default_signal_display
    defsig_other.o(.text) refers to defsig_general.o(.text) for __default_signal_display


==============================================================================

Removing Unused input sections from the image.

    Removing adc_functions.o(.rev16_text), (4 bytes).
    Removing adc_functions.o(.revsh_text), (4 bytes).
    Removing adc_functions.o(i.ADC_IRQHandler), (10 bytes).
    Removing lcd_functions.o(.rev16_text), (4 bytes).
    Removing lcd_functions.o(.revsh_text), (4 bytes).
    Removing lcd_functions.o(i.Exp), (24 bytes).
    Removing lcd_functions.o(i.binToHex), (84 bytes).
    Removing lcd_functions.o(i.bitParcer), (34 bytes).
    Removing lcd_functions.o(i.bitToHex), (46 bytes).
    Removing lcd_functions.o(i.displayString), (26 bytes).
    Removing lcd_functions.o(i.ijSwap), (34 bytes).
    Removing lcd_lib_4bit_20b.o(.rev16_text), (4 bytes).
    Removing lcd_lib_4bit_20b.o(.revsh_text), (4 bytes).
    Removing lcd_lib_4bit_20b.o(i.LCD_command), (72 bytes).
    Removing lcd_lib_4bit_20b.o(i.LCD_init), (240 bytes).
    Removing lcd_lib_4bit_20b.o(i.LCD_send_data), (56 bytes).
    Removing lcd_lib_4bit_20b.o(i.pulse_the_LCD_enable), (28 bytes).
    Removing leds.o(.rev16_text), (4 bytes).
    Removing leds.o(.revsh_text), (4 bytes).
    Removing mag_functions.o(.rev16_text), (4 bytes).
    Removing mag_functions.o(.revsh_text), (4 bytes).
    Removing mag_functions.o(i.get_Mag_Status), (16 bytes).
    Removing mag_functions.o(i.get_XData), (30 bytes).
    Removing mag_functions.o(i.get_YData), (30 bytes).
    Removing mag_functions.o(i.get_ZData), (30 bytes).
    Removing main_functions.o(.rev16_text), (4 bytes).
    Removing main_functions.o(.revsh_text), (4 bytes).
    Removing main_functions.o(i.clear_Count), (12 bytes).
    Removing main_functions.o(i.countToClock), (40 bytes).
    Removing main_functions.o(i.countToTime), (116 bytes).
    Removing main_functions.o(i.decToClock), (140 bytes).
    Removing main_functions.o(i.decToHex), (96 bytes).
    Removing main_functions.o(i.display_Count), (40 bytes).
    Removing main_functions.o(i.display_Error), (112 bytes).
    Removing main_functions.o(i.display_Ready), (48 bytes).
    Removing main_functions.o(i.get_Count), (12 bytes).
    Removing main_functions.o(i.inc_Count), (16 bytes).
    Removing main_functions.o(i.placeSeperator), (84 bytes).
    Removing main_functions.o(i.state_Update), (120 bytes).
    Removing main_functions.o(.bss), (36 bytes).
    Removing main_functions.o(.constdata), (20 bytes).
    Removing main_functions.o(.data), (20 bytes).
    Removing motor_functions.o(.rev16_text), (4 bytes).
    Removing motor_functions.o(.revsh_text), (4 bytes).
    Removing motor_functions.o(.constdata), (12 bytes).
    Removing pit_functions.o(.rev16_text), (4 bytes).
    Removing pit_functions.o(.revsh_text), (4 bytes).
    Removing pit_functions.o(i.Start_PIT), (28 bytes).
    Removing pit_functions.o(i.Stop_PIT), (32 bytes).
    Removing pit_functions.o(.data), (12 bytes).
    Removing spi_functions.o(.rev16_text), (4 bytes).
    Removing spi_functions.o(.revsh_text), (4 bytes).
    Removing spi_functions.o(i.Test_SPI_Loopback), (50 bytes).
    Removing switches.o(.rev16_text), (4 bytes).
    Removing switches.o(.revsh_text), (4 bytes).
    Removing switches.o(.data), (4 bytes).
    Removing tpm_functions.o(.rev16_text), (4 bytes).
    Removing tpm_functions.o(.revsh_text), (4 bytes).
    Removing uart_functions.o(.rev16_text), (4 bytes).
    Removing uart_functions.o(.revsh_text), (4 bytes).
    Removing uart_functions.o(i.Q_UART2_Transmit), (48 bytes).
    Removing uart_functions.o(.constdata), (8 bytes).
    Removing usound_functions.o(.rev16_text), (4 bytes).
    Removing usound_functions.o(.revsh_text), (4 bytes).
    Removing usound_functions.o(i.delayMicros), (36 bytes).
    Removing usound_functions.o(i.init_ultrasound), (68 bytes).
    Removing main.o(.rev16_text), (4 bytes).
    Removing main.o(.revsh_text), (4 bytes).
    Removing test_functions.o(.rev16_text), (4 bytes).
    Removing test_functions.o(.revsh_text), (4 bytes).
    Removing queue_functions.o(.rev16_text), (4 bytes).
    Removing queue_functions.o(.revsh_text), (4 bytes).
    Removing queue_functions.o(i.Q_Dequeue), (92 bytes).
    Removing queue_functions.o(i.Q_Empty), (20 bytes).
    Removing queue_functions.o(i.Q_Enqueue), (84 bytes).
    Removing queue_functions.o(i.Q_Full), (24 bytes).
    Removing queue_functions.o(i.Q_Size), (10 bytes).
    Removing system_mkl25z4.o(.rev16_text), (4 bytes).
    Removing system_mkl25z4.o(.revsh_text), (4 bytes).
    Removing system_mkl25z4.o(i.SystemCoreClockUpdate), (400 bytes).
    Removing system_mkl25z4.o(.data), (4 bytes).

81 unused section(s) (total 2740 bytes) removed from the image.

==============================================================================

Image Symbol Table

    Local Symbols

    Symbol Name                              Value     Ov Type        Size  Object(Section)

    RESET                                    0x00000000   Section      192  startup_mkl25z4.o(RESET)
    ../clib/angel/boardlib.s                 0x00000000   Number         0  boardinit1.o ABSOLUTE
    ../clib/angel/boardlib.s                 0x00000000   Number         0  boardshut.o ABSOLUTE
    ../clib/angel/boardlib.s                 0x00000000   Number         0  boardinit2.o ABSOLUTE
    ../clib/angel/boardlib.s                 0x00000000   Number         0  boardinit3.o ABSOLUTE
    ../clib/angel/handlers.s                 0x00000000   Number         0  __scatter_zi.o ABSOLUTE
    ../clib/angel/kernel.s                   0x00000000   Number         0  __rtentry2.o ABSOLUTE
    ../clib/angel/kernel.s                   0x00000000   Number         0  __rtentry4.o ABSOLUTE
    ../clib/angel/kernel.s                   0x00000000   Number         0  rtexit.o ABSOLUTE
    ../clib/angel/kernel.s                   0x00000000   Number         0  rtexit2.o ABSOLUTE
    ../clib/angel/kernel.s                   0x00000000   Number         0  __rtentry.o ABSOLUTE
    ../clib/angel/rt.s                       0x00000000   Number         0  aeabi_idiv0.o ABSOLUTE
    ../clib/angel/rt.s                       0x00000000   Number         0  aeabi_idiv0_sigfpe.o ABSOLUTE
    ../clib/angel/rt.s                       0x00000000   Number         0  rt_div0.o ABSOLUTE
    ../clib/angel/rt.s                       0x00000000   Number         0  rt_raise.o ABSOLUTE
    ../clib/angel/scatterp.s                 0x00000000   Number         0  __scatter.o ABSOLUTE
    ../clib/angel/startup.s                  0x00000000   Number         0  __main.o ABSOLUTE
    ../clib/angel/sys.s                      0x00000000   Number         0  sys_stackheap_outer.o ABSOLUTE
    ../clib/angel/sys.s                      0x00000000   Number         0  use_no_semi.o ABSOLUTE
    ../clib/angel/sys.s                      0x00000000   Number         0  indicate_semi.o ABSOLUTE
    ../clib/angel/sys.s                      0x00000000   Number         0  libspace.o ABSOLUTE
    ../clib/angel/sys.s                      0x00000000   Number         0  tempstk.o ABSOLUTE
    ../clib/angel/sysapp.c                   0x00000000   Number         0  sys_exit.o ABSOLUTE
    ../clib/angel/sysapp.c                   0x00000000   Number         0  sys_command.o ABSOLUTE
    ../clib/angel/sysapp.c                   0x00000000   Number         0  sys_wrch.o ABSOLUTE
    ../clib/armsys.c                         0x00000000   Number         0  no_argv.o ABSOLUTE
    ../clib/armsys.c                         0x00000000   Number         0  argv_veneer.o ABSOLUTE
    ../clib/armsys.c                         0x00000000   Number         0  _get_argv_nomalloc.o ABSOLUTE
    ../clib/division.s                       0x00000000   Number         0  aeabi_sdiv.o ABSOLUTE
    ../clib/division.s                       0x00000000   Number         0  aeabi_sdiv_div0.o ABSOLUTE
    ../clib/heapalloc.c                      0x00000000   Number         0  hrguard.o ABSOLUTE
    ../clib/heapaux.c                        0x00000000   Number         0  heapauxi.o ABSOLUTE
    ../clib/libinit.s                        0x00000000   Number         0  libshutdown.o ABSOLUTE
    ../clib/libinit.s                        0x00000000   Number         0  libinit2.o ABSOLUTE
    ../clib/libinit.s                        0x00000000   Number         0  libinit.o ABSOLUTE
    ../clib/libinit.s                        0x00000000   Number         0  libshutdown2.o ABSOLUTE
    ../clib/memcpset.c                       0x00000000   Number         0  rt_memcpy.o ABSOLUTE
    ../clib/memcpset.c                       0x00000000   Number         0  rt_memcpy.o ABSOLUTE
    ../clib/signal.c                         0x00000000   Number         0  defsig_stak_inner.o ABSOLUTE
    ../clib/signal.c                         0x00000000   Number         0  defsig_fpe_outer.o ABSOLUTE
    ../clib/signal.c                         0x00000000   Number         0  defsig_pvfn_inner.o ABSOLUTE
    ../clib/signal.c                         0x00000000   Number         0  defsig_cppl_inner.o ABSOLUTE
    ../clib/signal.c                         0x00000000   Number         0  defsig_segv_inner.o ABSOLUTE
    ../clib/signal.c                         0x00000000   Number         0  defsig_other.o ABSOLUTE
    ../clib/signal.c                         0x00000000   Number         0  defsig_rtmem_outer.o ABSOLUTE
    ../clib/signal.c                         0x00000000   Number         0  defsig_rtmem_inner.o ABSOLUTE
    ../clib/signal.c                         0x00000000   Number         0  defsig_rtred_inner.o ABSOLUTE
    ../clib/signal.c                         0x00000000   Number         0  defsig_exit.o ABSOLUTE
    ../clib/signal.c                         0x00000000   Number         0  defsig_fpe_inner.o ABSOLUTE
    ../clib/signal.c                         0x00000000   Number         0  defsig_general.o ABSOLUTE
    ../clib/signal.c                         0x00000000   Number         0  defsig_fpe_formal.o ABSOLUTE
    ../clib/signal.c                         0x00000000   Number         0  defsig_abrt_inner.o ABSOLUTE
    ../clib/signal.c                         0x00000000   Number         0  defsig_rtmem_formal.o ABSOLUTE
    ../clib/signal.c                         0x00000000   Number         0  __raise.o ABSOLUTE
    ../clib/signal.s                         0x00000000   Number         0  defsig.o ABSOLUTE
    ../clib/stdlib.c                         0x00000000   Number         0  exit.o ABSOLUTE
    ../fplib/cfplib/cmpret.c                 0x00000000   Number         0  cmpret.o ABSOLUTE
    ../fplib/cfplib/daddsub.c                0x00000000   Number         0  daddsub.o ABSOLUTE
    ../fplib/cfplib/dcmpin.c                 0x00000000   Number         0  dcmpin.o ABSOLUTE
    ../fplib/cfplib/ffix.c                   0x00000000   Number         0  dfixui.o ABSOLUTE
    ../fplib/cfplib/ffix.c                   0x00000000   Number         0  dfixi.o ABSOLUTE
    ../fplib/cfplib/fflt.c                   0x00000000   Number         0  dflti.o ABSOLUTE
    ../fplib/cfplib/fpinit.c                 0x00000000   Number         0  fpinit.o ABSOLUTE
    ../fplib/cfplib/nan2.c                   0x00000000   Number         0  dnan2.o ABSOLUTE
    ../fplib/cfplib/retnan.c                 0x00000000   Number         0  retnan.o ABSOLUTE
    ../fplib/drleqf6m.s                      0x00000000   Number         0  drlef.o ABSOLUTE
    ../fplib/usenofp.s                       0x00000000   Number         0  usenofp.o ABSOLUTE
    ../mathlib/floor.c                       0x00000000   Number         0  floor.o ABSOLUTE
    ADC_Functions.c                          0x00000000   Number         0  adc_functions.o ABSOLUTE
    ADC_Functions.c                          0x00000000   Number         0  adc_functions.o ABSOLUTE
    LCD_Functions.c                          0x00000000   Number         0  lcd_functions.o ABSOLUTE
    LCD_Functions.c                          0x00000000   Number         0  lcd_functions.o ABSOLUTE
    LEDs.c                                   0x00000000   Number         0  leds.o ABSOLUTE
    LEDs.c                                   0x00000000   Number         0  leds.o ABSOLUTE
    Mag_Functions.c                          0x00000000   Number         0  mag_functions.o ABSOLUTE
    Mag_Functions.c                          0x00000000   Number         0  mag_functions.o ABSOLUTE
    Main_Functions.c                         0x00000000   Number         0  main_functions.o ABSOLUTE
    Main_Functions.c                         0x00000000   Number         0  main_functions.o ABSOLUTE
    Motor_Functions.c                        0x00000000   Number         0  motor_functions.o ABSOLUTE
    Motor_Functions.c                        0x00000000   Number         0  motor_functions.o ABSOLUTE
    Pit_Functions.c                          0x00000000   Number         0  pit_functions.o ABSOLUTE
    Pit_Functions.c                          0x00000000   Number         0  pit_functions.o ABSOLUTE
    Queue_Functions.c                        0x00000000   Number         0  queue_functions.o ABSOLUTE
    Queue_Functions.c                        0x00000000   Number         0  queue_functions.o ABSOLUTE
    RTE\Device\MKL25Z128xxx4\startup_MKL25Z4.s 0x00000000   Number         0  startup_mkl25z4.o ABSOLUTE
    RTE\Device\MKL25Z128xxx4\system_MKL25Z4.c 0x00000000   Number         0  system_mkl25z4.o ABSOLUTE
    RTE\\Device\\MKL25Z128xxx4\\system_MKL25Z4.c 0x00000000   Number         0  system_mkl25z4.o ABSOLUTE
    SPI_Functions.c                          0x00000000   Number         0  spi_functions.o ABSOLUTE
    SPI_Functions.c                          0x00000000   Number         0  spi_functions.o ABSOLUTE
    TPM_Functions.c                          0x00000000   Number         0  tpm_functions.o ABSOLUTE
    TPM_Functions.c                          0x00000000   Number         0  tpm_functions.o ABSOLUTE
    Test_Functions.c                         0x00000000   Number         0  test_functions.o ABSOLUTE
    Test_Functions.c                         0x00000000   Number         0  test_functions.o ABSOLUTE
    UART_Functions.c                         0x00000000   Number         0  uart_functions.o ABSOLUTE
    UART_Functions.c                         0x00000000   Number         0  uart_functions.o ABSOLUTE
    USound_Functions.c                       0x00000000   Number         0  usound_functions.o ABSOLUTE
    USound_Functions.c                       0x00000000   Number         0  usound_functions.o ABSOLUTE
    dc.s                                     0x00000000   Number         0  dc.o ABSOLUTE
    lcd_lib_4bit_20b.c                       0x00000000   Number         0  lcd_lib_4bit_20b.o ABSOLUTE
    lcd_lib_4bit_20b.c                       0x00000000   Number         0  lcd_lib_4bit_20b.o ABSOLUTE
    main.c                                   0x00000000   Number         0  main.o ABSOLUTE
    main.c                                   0x00000000   Number         0  main.o ABSOLUTE
    switches.c                               0x00000000   Number         0  switches.o ABSOLUTE
    switches.c                               0x00000000   Number         0  switches.o ABSOLUTE
    !!!main                                  0x000000c0   Section        8  __main.o(!!!main)
    !!!scatter                               0x000000c8   Section       60  __scatter.o(!!!scatter)
    !!handler_zi                             0x00000104   Section       28  __scatter_zi.o(!!handler_zi)
    .ARM.Collect$$libinit$$00000000          0x00000120   Section        2  libinit.o(.ARM.Collect$$libinit$$00000000)
    .ARM.Collect$$libinit$$00000002          0x00000122   Section        0  libinit2.o(.ARM.Collect$$libinit$$00000002)
    .ARM.Collect$$libinit$$00000004          0x00000122   Section        0  libinit2.o(.ARM.Collect$$libinit$$00000004)
    .ARM.Collect$$libinit$$0000000A          0x00000122   Section        0  libinit2.o(.ARM.Collect$$libinit$$0000000A)
    .ARM.Collect$$libinit$$0000000C          0x00000122   Section        0  libinit2.o(.ARM.Collect$$libinit$$0000000C)
    .ARM.Collect$$libinit$$0000000E          0x00000122   Section        0  libinit2.o(.ARM.Collect$$libinit$$0000000E)
    .ARM.Collect$$libinit$$00000011          0x00000122   Section        0  libinit2.o(.ARM.Collect$$libinit$$00000011)
    .ARM.Collect$$libinit$$00000013          0x00000122   Section        0  libinit2.o(.ARM.Collect$$libinit$$00000013)
    .ARM.Collect$$libinit$$00000015          0x00000122   Section        0  libinit2.o(.ARM.Collect$$libinit$$00000015)
    .ARM.Collect$$libinit$$00000017          0x00000122   Section        0  libinit2.o(.ARM.Collect$$libinit$$00000017)
    .ARM.Collect$$libinit$$00000019          0x00000122   Section        0  libinit2.o(.ARM.Collect$$libinit$$00000019)
    .ARM.Collect$$libinit$$0000001B          0x00000122   Section        0  libinit2.o(.ARM.Collect$$libinit$$0000001B)
    .ARM.Collect$$libinit$$0000001D          0x00000122   Section        0  libinit2.o(.ARM.Collect$$libinit$$0000001D)
    .ARM.Collect$$libinit$$0000001F          0x00000122   Section        0  libinit2.o(.ARM.Collect$$libinit$$0000001F)
    .ARM.Collect$$libinit$$00000021          0x00000122   Section        0  libinit2.o(.ARM.Collect$$libinit$$00000021)
    .ARM.Collect$$libinit$$00000023          0x00000122   Section        0  libinit2.o(.ARM.Collect$$libinit$$00000023)
    .ARM.Collect$$libinit$$00000025          0x00000122   Section        0  libinit2.o(.ARM.Collect$$libinit$$00000025)
    .ARM.Collect$$libinit$$0000002C          0x00000122   Section        0  libinit2.o(.ARM.Collect$$libinit$$0000002C)
    .ARM.Collect$$libinit$$0000002E          0x00000122   Section        0  libinit2.o(.ARM.Collect$$libinit$$0000002E)
    .ARM.Collect$$libinit$$00000030          0x00000122   Section        0  libinit2.o(.ARM.Collect$$libinit$$00000030)
    .ARM.Collect$$libinit$$00000032          0x00000122   Section        0  libinit2.o(.ARM.Collect$$libinit$$00000032)
    .ARM.Collect$$libinit$$00000033          0x00000122   Section        2  libinit2.o(.ARM.Collect$$libinit$$00000033)
    .ARM.Collect$$libshutdown$$00000000      0x00000124   Section        2  libshutdown.o(.ARM.Collect$$libshutdown$$00000000)
    .ARM.Collect$$libshutdown$$00000002      0x00000126   Section        0  libshutdown2.o(.ARM.Collect$$libshutdown$$00000002)
    .ARM.Collect$$libshutdown$$00000004      0x00000126   Section        0  libshutdown2.o(.ARM.Collect$$libshutdown$$00000004)
    .ARM.Collect$$libshutdown$$00000007      0x00000126   Section        0  libshutdown2.o(.ARM.Collect$$libshutdown$$00000007)
    .ARM.Collect$$libshutdown$$0000000A      0x00000126   Section        0  libshutdown2.o(.ARM.Collect$$libshutdown$$0000000A)
    .ARM.Collect$$libshutdown$$0000000C      0x00000126   Section        0  libshutdown2.o(.ARM.Collect$$libshutdown$$0000000C)
    .ARM.Collect$$libshutdown$$0000000F      0x00000126   Section        0  libshutdown2.o(.ARM.Collect$$libshutdown$$0000000F)
    .ARM.Collect$$libshutdown$$00000010      0x00000126   Section        2  libshutdown2.o(.ARM.Collect$$libshutdown$$00000010)
    .ARM.Collect$$rtentry$$00000000          0x00000128   Section        0  __rtentry.o(.ARM.Collect$$rtentry$$00000000)
    .ARM.Collect$$rtentry$$00000002          0x00000128   Section        0  __rtentry2.o(.ARM.Collect$$rtentry$$00000002)
    .ARM.Collect$$rtentry$$00000004          0x00000128   Section        6  __rtentry4.o(.ARM.Collect$$rtentry$$00000004)
    .ARM.Collect$$rtentry$$00000009          0x0000012e   Section        0  __rtentry2.o(.ARM.Collect$$rtentry$$00000009)
    .ARM.Collect$$rtentry$$0000000A          0x0000012e   Section        4  __rtentry2.o(.ARM.Collect$$rtentry$$0000000A)
    .ARM.Collect$$rtentry$$0000000C          0x00000132   Section        0  __rtentry2.o(.ARM.Collect$$rtentry$$0000000C)
    .ARM.Collect$$rtentry$$0000000D          0x00000132   Section        8  __rtentry2.o(.ARM.Collect$$rtentry$$0000000D)
    .ARM.Collect$$rtexit$$00000000           0x0000013a   Section        2  rtexit.o(.ARM.Collect$$rtexit$$00000000)
    .ARM.Collect$$rtexit$$00000002           0x0000013c   Section        0  rtexit2.o(.ARM.Collect$$rtexit$$00000002)
    .ARM.Collect$$rtexit$$00000003           0x0000013c   Section        4  rtexit2.o(.ARM.Collect$$rtexit$$00000003)
    .ARM.Collect$$rtexit$$00000004           0x00000140   Section        6  rtexit2.o(.ARM.Collect$$rtexit$$00000004)
    .text                                    0x00000148   Section       64  startup_mkl25z4.o(.text)
    .text                                    0x00000188   Section      346  aeabi_sdiv.o(.text)
    .text                                    0x000002e2   Section        0  heapauxi.o(.text)
    .text                                    0x000002e8   Section       62  sys_stackheap_outer.o(.text)
    .text                                    0x00000326   Section        0  exit.o(.text)
    .text                                    0x00000338   Section        8  libspace.o(.text)
    .text                                    0x00000340   Section        0  sys_exit.o(.text)
    .text                                    0x0000034c   Section        2  use_no_semi.o(.text)
    .text                                    0x0000034e   Section        0  indicate_semi.o(.text)
    i.Init_PIT                               0x00000350   Section        0  pit_functions.o(i.Init_PIT)
    i.PIT_IRQHandler                         0x000003d0   Section        0  pit_functions.o(i.PIT_IRQHandler)
    .ARM.__at_0x400                          0x00000400   Section       16  startup_mkl25z4.o(.ARM.__at_0x400)
    i.Init_ADC                               0x00000410   Section        0  adc_functions.o(i.Init_ADC)
    i.PORTA_IRQHandler                       0x000005d0   Section        0  switches.o(i.PORTA_IRQHandler)
    i.Print_Newline                          0x000006f4   Section        0  uart_functions.o(i.Print_Newline)
    i.Print_String                           0x00000704   Section        0  uart_functions.o(i.Print_String)
    i.Q_Init                                 0x00000748   Section        0  queue_functions.o(i.Q_Init)
    i.SPIsend                                0x00000768   Section        0  spi_functions.o(i.SPIsend)
    i.SPIsendRec                             0x0000078c   Section        0  spi_functions.o(i.SPIsendRec)
    i.SystemInit                             0x000007f4   Section        0  system_mkl25z4.o(i.SystemInit)
    i.TPM0_IRQHandler                        0x0000092c   Section        0  tpm_functions.o(i.TPM0_IRQHandler)
    i.Test_ADC                               0x0000093a   Section        0  test_functions.o(i.Test_ADC)
    i.Test_Mag                               0x00000960   Section        0  test_functions.o(i.Test_Mag)
    i.Test_Motors                            0x000009b4   Section        0  test_functions.o(i.Test_Motors)
    i.Test_UART                              0x000009e8   Section        0  test_functions.o(i.Test_UART)
    i.Test_USound                            0x00000a10   Section        0  test_functions.o(i.Test_USound)
    i.UART2_IRQHandler                       0x00000a20   Section        0  uart_functions.o(i.UART2_IRQHandler)
    i.UART2_Transmit                         0x00000a3c   Section        0  uart_functions.o(i.UART2_Transmit)
    i.__ARM_common_switch8                   0x00000a48   Section        0  adc_functions.o(i.__ARM_common_switch8)
    i.__NVIC_ClearPendingIRQ                 0x00000a64   Section        0  adc_functions.o(i.__NVIC_ClearPendingIRQ)
    __NVIC_ClearPendingIRQ                   0x00000a65   Thumb Code    18  adc_functions.o(i.__NVIC_ClearPendingIRQ)
    i.__NVIC_ClearPendingIRQ                 0x00000a7c   Section        0  pit_functions.o(i.__NVIC_ClearPendingIRQ)
    __NVIC_ClearPendingIRQ                   0x00000a7d   Thumb Code    18  pit_functions.o(i.__NVIC_ClearPendingIRQ)
    i.__NVIC_ClearPendingIRQ                 0x00000a94   Section        0  switches.o(i.__NVIC_ClearPendingIRQ)
    __NVIC_ClearPendingIRQ                   0x00000a95   Thumb Code    18  switches.o(i.__NVIC_ClearPendingIRQ)
    i.__NVIC_SetPriority                     0x00000aac   Section        0  adc_functions.o(i.__NVIC_SetPriority)
    __NVIC_SetPriority                       0x00000aad   Thumb Code   110  adc_functions.o(i.__NVIC_SetPriority)
    i.__NVIC_SetPriority                     0x00000b24   Section        0  pit_functions.o(i.__NVIC_SetPriority)
    __NVIC_SetPriority                       0x00000b25   Thumb Code   110  pit_functions.o(i.__NVIC_SetPriority)
    i.__NVIC_SetPriority                     0x00000b9c   Section        0  switches.o(i.__NVIC_SetPriority)
    __NVIC_SetPriority                       0x00000b9d   Thumb Code   110  switches.o(i.__NVIC_SetPriority)
    i.control_RGB_LEDs                       0x00000c14   Section        0  leds.o(i.control_RGB_LEDs)
    i.control_White_LEDs                     0x00000c60   Section        0  leds.o(i.control_White_LEDs)
    i.delayMs                                0x00000d38   Section        0  lcd_lib_4bit_20b.o(i.delayMs)
    i.go_Backward                            0x00000d52   Section        0  motor_functions.o(i.go_Backward)
    i.go_Forward                             0x00000d5e   Section        0  motor_functions.o(i.go_Forward)
    i.init_LEDs                              0x00000d6c   Section        0  leds.o(i.init_LEDs)
    i.init_Mag                               0x00000f1c   Section        0  mag_functions.o(i.init_Mag)
    i.init_SPI1                              0x00000ffc   Section        0  spi_functions.o(i.init_SPI1)
    i.init_TPM                               0x000010ac   Section        0  tpm_functions.o(i.init_TPM)
    i.init_UART2                             0x00001208   Section        0  uart_functions.o(i.init_UART2)
    i.init_switch                            0x00001278   Section        0  switches.o(i.init_switch)
    i.left_wheel_backward                    0x00001348   Section        0  motor_functions.o(i.left_wheel_backward)
    i.left_wheel_forward                     0x00001364   Section        0  motor_functions.o(i.left_wheel_forward)
    i.left_wheel_stop                        0x00001380   Section        0  motor_functions.o(i.left_wheel_stop)
    i.main                                   0x0000139c   Section        0  main.o(i.main)
    i.measure_distance                       0x000013c8   Section        0  usound_functions.o(i.measure_distance)
    i.print_base10                           0x00001438   Section        0  uart_functions.o(i.print_base10)
    i.right_wheel_backward                   0x00001498   Section        0  motor_functions.o(i.right_wheel_backward)
    i.right_wheel_forward                    0x000014b4   Section        0  motor_functions.o(i.right_wheel_forward)
    i.right_wheel_stop                       0x000014d0   Section        0  motor_functions.o(i.right_wheel_stop)
    i.scan_ADC                               0x000014ec   Section        0  adc_functions.o(i.scan_ADC)
    i.stop                                   0x000015b4   Section        0  motor_functions.o(i.stop)
    i.toggle_RGB_LEDs                        0x000015c0   Section        0  leds.o(i.toggle_RGB_LEDs)
    i.turn_Left                              0x000015ec   Section        0  motor_functions.o(i.turn_Left)
    i.turn_Right                             0x000015f8   Section        0  motor_functions.o(i.turn_Right)
    .bss                                     0x1ffff000   Section      268  uart_functions.o(.bss)
    .bss                                     0x1ffff10c   Section       96  libspace.o(.bss)
    HEAP                                     0x1ffff170   Section        0  startup_mkl25z4.o(HEAP)
    STACK                                    0x1ffff170   Section      256  startup_mkl25z4.o(STACK)
    Heap_Mem                                 0x1ffff170   Data           0  startup_mkl25z4.o(HEAP)
    Stack_Mem                                0x1ffff170   Data         256  startup_mkl25z4.o(STACK)
    __initial_sp                             0x1ffff270   Data           0  startup_mkl25z4.o(STACK)

    Global Symbols

    Symbol Name                              Value     Ov Type        Size  Object(Section)

    BuildAttributes$$THM_ISAv3M$S$PE$A:L22$X:L11$S22$IEEE1$IW$USESV6$~STKCKD$USESV7$~SHL$OTIME$ROPI$IEEEJ$EBA8$UX$STANDARDLIB$REQ8$PRES8$EABIv2 0x00000000   Number         0  anon$$obj.o ABSOLUTE
    __ARM_use_no_argv                        0x00000000   Number         0  main.o ABSOLUTE
    __Vectors                                0x00000000   Data           4  startup_mkl25z4.o(RESET)
    __ARM_exceptions_init                     - Undefined Weak Reference
    __alloca_initialize                       - Undefined Weak Reference
    __arm_preinit_                            - Undefined Weak Reference
    __cpp_initialize__aeabi_                  - Undefined Weak Reference
    __cxa_finalize                            - Undefined Weak Reference
    __rt_locale                               - Undefined Weak Reference
    __sigvec_lookup                           - Undefined Weak Reference
    _atexit_init                              - Undefined Weak Reference
    _call_atexit_fns                          - Undefined Weak Reference
    _clock_init                               - Undefined Weak Reference
    _fp_trap_init                             - Undefined Weak Reference
    _fp_trap_shutdown                         - Undefined Weak Reference
    _get_lc_collate                           - Undefined Weak Reference
    _get_lc_ctype                             - Undefined Weak Reference
    _get_lc_monetary                          - Undefined Weak Reference
    _get_lc_numeric                           - Undefined Weak Reference
    _get_lc_time                              - Undefined Weak Reference
    _getenv_init                              - Undefined Weak Reference
    _handle_redirection                       - Undefined Weak Reference
    _init_alloc                               - Undefined Weak Reference
    _init_user_alloc                          - Undefined Weak Reference
    _initio                                   - Undefined Weak Reference
    _rand_init                                - Undefined Weak Reference
    _signal_finish                            - Undefined Weak Reference
    _signal_init                              - Undefined Weak Reference
    _terminate_alloc                          - Undefined Weak Reference
    _terminate_user_alloc                     - Undefined Weak Reference
    _terminateio                              - Undefined Weak Reference
    __Vectors_End                            0x000000c0   Data           0  startup_mkl25z4.o(RESET)
    __Vectors_Size                           0x000000c0   Number         0  startup_mkl25z4.o ABSOLUTE
    __main                                   0x000000c1   Thumb Code     8  __main.o(!!!main)
    __scatterload                            0x000000c9   Thumb Code     0  __scatter.o(!!!scatter)
    __scatterload_rt2                        0x000000c9   Thumb Code    52  __scatter.o(!!!scatter)
    __scatterload_rt2_thumb_only             0x000000c9   Thumb Code     0  __scatter.o(!!!scatter)
    __scatterload_null                       0x000000d9   Thumb Code     0  __scatter.o(!!!scatter)
    __scatterload_zeroinit                   0x00000105   Thumb Code    28  __scatter_zi.o(!!handler_zi)
    __rt_lib_init                            0x00000121   Thumb Code     0  libinit.o(.ARM.Collect$$libinit$$00000000)
    __rt_lib_init_alloca_1                   0x00000123   Thumb Code     0  libinit2.o(.ARM.Collect$$libinit$$0000002E)
    __rt_lib_init_argv_1                     0x00000123   Thumb Code     0  libinit2.o(.ARM.Collect$$libinit$$0000002C)
    __rt_lib_init_atexit_1                   0x00000123   Thumb Code     0  libinit2.o(.ARM.Collect$$libinit$$0000001B)
    __rt_lib_init_clock_1                    0x00000123   Thumb Code     0  libinit2.o(.ARM.Collect$$libinit$$00000021)
    __rt_lib_init_cpp_1                      0x00000123   Thumb Code     0  libinit2.o(.ARM.Collect$$libinit$$00000032)
    __rt_lib_init_exceptions_1               0x00000123   Thumb Code     0  libinit2.o(.ARM.Collect$$libinit$$00000030)
    __rt_lib_init_fp_1                       0x00000123   Thumb Code     0  libinit2.o(.ARM.Collect$$libinit$$00000002)
    __rt_lib_init_fp_trap_1                  0x00000123   Thumb Code     0  libinit2.o(.ARM.Collect$$libinit$$0000001F)
    __rt_lib_init_getenv_1                   0x00000123   Thumb Code     0  libinit2.o(.ARM.Collect$$libinit$$00000023)
    __rt_lib_init_heap_1                     0x00000123   Thumb Code     0  libinit2.o(.ARM.Collect$$libinit$$0000000A)
    __rt_lib_init_lc_collate_1               0x00000123   Thumb Code     0  libinit2.o(.ARM.Collect$$libinit$$00000011)
    __rt_lib_init_lc_ctype_1                 0x00000123   Thumb Code     0  libinit2.o(.ARM.Collect$$libinit$$00000013)
    __rt_lib_init_lc_monetary_1              0x00000123   Thumb Code     0  libinit2.o(.ARM.Collect$$libinit$$00000015)
    __rt_lib_init_lc_numeric_1               0x00000123   Thumb Code     0  libinit2.o(.ARM.Collect$$libinit$$00000017)
    __rt_lib_init_lc_time_1                  0x00000123   Thumb Code     0  libinit2.o(.ARM.Collect$$libinit$$00000019)
    __rt_lib_init_preinit_1                  0x00000123   Thumb Code     0  libinit2.o(.ARM.Collect$$libinit$$00000004)
    __rt_lib_init_rand_1                     0x00000123   Thumb Code     0  libinit2.o(.ARM.Collect$$libinit$$0000000E)
    __rt_lib_init_return                     0x00000123   Thumb Code     0  libinit2.o(.ARM.Collect$$libinit$$00000033)
    __rt_lib_init_signal_1                   0x00000123   Thumb Code     0  libinit2.o(.ARM.Collect$$libinit$$0000001D)
    __rt_lib_init_stdio_1                    0x00000123   Thumb Code     0  libinit2.o(.ARM.Collect$$libinit$$00000025)
    __rt_lib_init_user_alloc_1               0x00000123   Thumb Code     0  libinit2.o(.ARM.Collect$$libinit$$0000000C)
    __rt_lib_shutdown                        0x00000125   Thumb Code     0  libshutdown.o(.ARM.Collect$$libshutdown$$00000000)
    __rt_lib_shutdown_cpp_1                  0x00000127   Thumb Code     0  libshutdown2.o(.ARM.Collect$$libshutdown$$00000002)
    __rt_lib_shutdown_fp_trap_1              0x00000127   Thumb Code     0  libshutdown2.o(.ARM.Collect$$libshutdown$$00000007)
    __rt_lib_shutdown_heap_1                 0x00000127   Thumb Code     0  libshutdown2.o(.ARM.Collect$$libshutdown$$0000000F)
    __rt_lib_shutdown_return                 0x00000127   Thumb Code     0  libshutdown2.o(.ARM.Collect$$libshutdown$$00000010)
    __rt_lib_shutdown_signal_1               0x00000127   Thumb Code     0  libshutdown2.o(.ARM.Collect$$libshutdown$$0000000A)
    __rt_lib_shutdown_stdio_1                0x00000127   Thumb Code     0  libshutdown2.o(.ARM.Collect$$libshutdown$$00000004)
    __rt_lib_shutdown_user_alloc_1           0x00000127   Thumb Code     0  libshutdown2.o(.ARM.Collect$$libshutdown$$0000000C)
    __rt_entry                               0x00000129   Thumb Code     0  __rtentry.o(.ARM.Collect$$rtentry$$00000000)
    __rt_entry_presh_1                       0x00000129   Thumb Code     0  __rtentry2.o(.ARM.Collect$$rtentry$$00000002)
    __rt_entry_sh                            0x00000129   Thumb Code     0  __rtentry4.o(.ARM.Collect$$rtentry$$00000004)
    __rt_entry_li                            0x0000012f   Thumb Code     0  __rtentry2.o(.ARM.Collect$$rtentry$$0000000A)
    __rt_entry_postsh_1                      0x0000012f   Thumb Code     0  __rtentry2.o(.ARM.Collect$$rtentry$$00000009)
    __rt_entry_main                          0x00000133   Thumb Code     0  __rtentry2.o(.ARM.Collect$$rtentry$$0000000D)
    __rt_entry_postli_1                      0x00000133   Thumb Code     0  __rtentry2.o(.ARM.Collect$$rtentry$$0000000C)
    __rt_exit                                0x0000013b   Thumb Code     0  rtexit.o(.ARM.Collect$$rtexit$$00000000)
    __rt_exit_ls                             0x0000013d   Thumb Code     0  rtexit2.o(.ARM.Collect$$rtexit$$00000003)
    __rt_exit_prels_1                        0x0000013d   Thumb Code     0  rtexit2.o(.ARM.Collect$$rtexit$$00000002)
    __rt_exit_exit                           0x00000141   Thumb Code     0  rtexit2.o(.ARM.Collect$$rtexit$$00000004)
    Reset_Handler                            0x00000149   Thumb Code    12  startup_mkl25z4.o(.text)
    NMI_Handler                              0x00000155   Thumb Code     2  startup_mkl25z4.o(.text)
    HardFault_Handler                        0x00000157   Thumb Code     2  startup_mkl25z4.o(.text)
    SVC_Handler                              0x00000159   Thumb Code     2  startup_mkl25z4.o(.text)
    PendSV_Handler                           0x0000015b   Thumb Code     2  startup_mkl25z4.o(.text)
    SysTick_Handler                          0x0000015d   Thumb Code     2  startup_mkl25z4.o(.text)
    ADC0_IRQHandler                          0x0000015f   Thumb Code     0  startup_mkl25z4.o(.text)
    CMP0_IRQHandler                          0x0000015f   Thumb Code     0  startup_mkl25z4.o(.text)
    DAC0_IRQHandler                          0x0000015f   Thumb Code     0  startup_mkl25z4.o(.text)
    DMA0_IRQHandler                          0x0000015f   Thumb Code     0  startup_mkl25z4.o(.text)
    DMA1_IRQHandler                          0x0000015f   Thumb Code     0  startup_mkl25z4.o(.text)
    DMA2_IRQHandler                          0x0000015f   Thumb Code     0  startup_mkl25z4.o(.text)
    DMA3_IRQHandler                          0x0000015f   Thumb Code     0  startup_mkl25z4.o(.text)
    DefaultISR                               0x0000015f   Thumb Code     0  startup_mkl25z4.o(.text)
    FTFA_IRQHandler                          0x0000015f   Thumb Code     0  startup_mkl25z4.o(.text)
    I2C0_IRQHandler                          0x0000015f   Thumb Code     0  startup_mkl25z4.o(.text)
    I2C1_IRQHandler                          0x0000015f   Thumb Code     0  startup_mkl25z4.o(.text)
    LLWU_IRQHandler                          0x0000015f   Thumb Code     0  startup_mkl25z4.o(.text)
    LPTMR0_IRQHandler                        0x0000015f   Thumb Code     0  startup_mkl25z4.o(.text)
    LVD_LVW_IRQHandler                       0x0000015f   Thumb Code     0  startup_mkl25z4.o(.text)
    MCG_IRQHandler                           0x0000015f   Thumb Code     0  startup_mkl25z4.o(.text)
    PORTD_IRQHandler                         0x0000015f   Thumb Code     0  startup_mkl25z4.o(.text)
    RTC_IRQHandler                           0x0000015f   Thumb Code     0  startup_mkl25z4.o(.text)
    RTC_Seconds_IRQHandler                   0x0000015f   Thumb Code     0  startup_mkl25z4.o(.text)
    Reserved20_IRQHandler                    0x0000015f   Thumb Code     0  startup_mkl25z4.o(.text)
    Reserved39_IRQHandler                    0x0000015f   Thumb Code     0  startup_mkl25z4.o(.text)
    Reserved45_IRQHandler                    0x0000015f   Thumb Code     0  startup_mkl25z4.o(.text)
    SPI0_IRQHandler                          0x0000015f   Thumb Code     0  startup_mkl25z4.o(.text)
    SPI1_IRQHandler                          0x0000015f   Thumb Code     0  startup_mkl25z4.o(.text)
    TPM1_IRQHandler                          0x0000015f   Thumb Code     0  startup_mkl25z4.o(.text)
    TPM2_IRQHandler                          0x0000015f   Thumb Code     0  startup_mkl25z4.o(.text)
    TSI0_IRQHandler                          0x0000015f   Thumb Code     0  startup_mkl25z4.o(.text)
    UART0_IRQHandler                         0x0000015f   Thumb Code     0  startup_mkl25z4.o(.text)
    UART1_IRQHandler                         0x0000015f   Thumb Code     0  startup_mkl25z4.o(.text)
    USB0_IRQHandler                          0x0000015f   Thumb Code     0  startup_mkl25z4.o(.text)
    __user_initial_stackheap                 0x00000165   Thumb Code     0  startup_mkl25z4.o(.text)
    __aeabi_uidiv                            0x00000189   Thumb Code     0  aeabi_sdiv.o(.text)
    __aeabi_uidivmod                         0x00000189   Thumb Code    20  aeabi_sdiv.o(.text)
    __aeabi_idiv                             0x0000019d   Thumb Code     0  aeabi_sdiv.o(.text)
    __aeabi_idivmod                          0x0000019d   Thumb Code   326  aeabi_sdiv.o(.text)
    __use_two_region_memory                  0x000002e3   Thumb Code     2  heapauxi.o(.text)
    __rt_heap_escrow$2region                 0x000002e5   Thumb Code     2  heapauxi.o(.text)
    __rt_heap_expand$2region                 0x000002e7   Thumb Code     2  heapauxi.o(.text)
    __user_setup_stackheap                   0x000002e9   Thumb Code    62  sys_stackheap_outer.o(.text)
    exit                                     0x00000327   Thumb Code    16  exit.o(.text)
    __user_libspace                          0x00000339   Thumb Code     8  libspace.o(.text)
    __user_perproc_libspace                  0x00000339   Thumb Code     0  libspace.o(.text)
    __user_perthread_libspace                0x00000339   Thumb Code     0  libspace.o(.text)
    _sys_exit                                0x00000341   Thumb Code     8  sys_exit.o(.text)
    __I$use$semihosting                      0x0000034d   Thumb Code     0  use_no_semi.o(.text)
    __use_no_semihosting_swi                 0x0000034d   Thumb Code     2  use_no_semi.o(.text)
    __semihosting_library_function           0x0000034f   Thumb Code     0  indicate_semi.o(.text)
    Init_PIT                                 0x00000351   Thumb Code   112  pit_functions.o(i.Init_PIT)
    PIT_IRQHandler                           0x000003d1   Thumb Code    40  pit_functions.o(i.PIT_IRQHandler)
    Init_ADC                                 0x00000411   Thumb Code   426  adc_functions.o(i.Init_ADC)
    PORTA_IRQHandler                         0x000005d1   Thumb Code   284  switches.o(i.PORTA_IRQHandler)
    Print_Newline                            0x000006f5   Thumb Code    16  uart_functions.o(i.Print_Newline)
    Print_String                             0x00000705   Thumb Code    62  uart_functions.o(i.Print_String)
    Q_Init                                   0x00000749   Thumb Code    32  queue_functions.o(i.Q_Init)
    SPIsend                                  0x00000769   Thumb Code    32  spi_functions.o(i.SPIsend)
    SPIsendRec                               0x0000078d   Thumb Code   100  spi_functions.o(i.SPIsendRec)
    SystemInit                               0x000007f5   Thumb Code   266  system_mkl25z4.o(i.SystemInit)
    TPM0_IRQHandler                          0x0000092d   Thumb Code    14  tpm_functions.o(i.TPM0_IRQHandler)
    Test_ADC                                 0x0000093b   Thumb Code    36  test_functions.o(i.Test_ADC)
    Test_Mag                                 0x00000961   Thumb Code    80  test_functions.o(i.Test_Mag)
    Test_Motors                              0x000009b5   Thumb Code    50  test_functions.o(i.Test_Motors)
    Test_UART                                0x000009e9   Thumb Code    24  test_functions.o(i.Test_UART)
    Test_USound                              0x00000a11   Thumb Code    16  test_functions.o(i.Test_USound)
    UART2_IRQHandler                         0x00000a21   Thumb Code    22  uart_functions.o(i.UART2_IRQHandler)
    UART2_Transmit                           0x00000a3d   Thumb Code     6  uart_functions.o(i.UART2_Transmit)
    __ARM_common_switch8                     0x00000a49   Thumb Code    28  adc_functions.o(i.__ARM_common_switch8)
    control_RGB_LEDs                         0x00000c15   Thumb Code    70  leds.o(i.control_RGB_LEDs)
    control_White_LEDs                       0x00000c61   Thumb Code   210  leds.o(i.control_White_LEDs)
    delayMs                                  0x00000d39   Thumb Code    26  lcd_lib_4bit_20b.o(i.delayMs)
    go_Backward                              0x00000d53   Thumb Code    12  motor_functions.o(i.go_Backward)
    go_Forward                               0x00000d5f   Thumb Code    12  motor_functions.o(i.go_Forward)
    init_LEDs                                0x00000d6d   Thumb Code   408  leds.o(i.init_LEDs)
    init_Mag                                 0x00000f1d   Thumb Code   206  mag_functions.o(i.init_Mag)
    init_SPI1                                0x00000ffd   Thumb Code   164  spi_functions.o(i.init_SPI1)
    init_TPM                                 0x000010ad   Thumb Code   314  tpm_functions.o(i.init_TPM)
    init_UART2                               0x00001209   Thumb Code    94  uart_functions.o(i.init_UART2)
    init_switch                              0x00001279   Thumb Code   186  switches.o(i.init_switch)
    left_wheel_backward                      0x00001349   Thumb Code    20  motor_functions.o(i.left_wheel_backward)
    left_wheel_forward                       0x00001365   Thumb Code    22  motor_functions.o(i.left_wheel_forward)
    left_wheel_stop                          0x00001381   Thumb Code    20  motor_functions.o(i.left_wheel_stop)
    main                                     0x0000139d   Thumb Code    40  main.o(i.main)
    measure_distance                         0x000013c9   Thumb Code   102  usound_functions.o(i.measure_distance)
    print_base10                             0x00001439   Thumb Code    90  uart_functions.o(i.print_base10)
    right_wheel_backward                     0x00001499   Thumb Code    20  motor_functions.o(i.right_wheel_backward)
    right_wheel_forward                      0x000014b5   Thumb Code    22  motor_functions.o(i.right_wheel_forward)
    right_wheel_stop                         0x000014d1   Thumb Code    20  motor_functions.o(i.right_wheel_stop)
    scan_ADC                                 0x000014ed   Thumb Code   180  adc_functions.o(i.scan_ADC)
    stop                                     0x000015b5   Thumb Code    12  motor_functions.o(i.stop)
    toggle_RGB_LEDs                          0x000015c1   Thumb Code    40  leds.o(i.toggle_RGB_LEDs)
    turn_Left                                0x000015ed   Thumb Code    12  motor_functions.o(i.turn_Left)
    turn_Right                               0x000015f9   Thumb Code    12  motor_functions.o(i.turn_Right)
    Region$$Table$$Base                      0x00001604   Number         0  anon$$obj.o(Region$$Table)
    Region$$Table$$Limit                     0x00001614   Number         0  anon$$obj.o(Region$$Table)
    q                                        0x1ffff000   Data         268  uart_functions.o(.bss)
    __libspace_start                         0x1ffff10c   Data          96  libspace.o(.bss)
    __temporary_stack_top$libspace           0x1ffff16c   Data           0  libspace.o(.bss)



==============================================================================

Memory Map of the image

  Image Entry point : 0x00000149

  Load Region LR_1 (Base: 0x00000000, Size: 0x00001614, Max: 0xffffffff, ABSOLUTE)

    Execution Region ER_RO (Exec base: 0x00000000, Load base: 0x00000000, Size: 0x00001614, Max: 0xffffffff, ABSOLUTE)

    Exec Addr    Load Addr    Size         Type   Attr      Idx    E Section Name        Object

    0x00000000   0x00000000   0x000000c0   Data   RO          930    RESET               startup_mkl25z4.o
    0x000000c0   0x000000c0   0x00000008   Code   RO          982  * !!!main             c_p.l(__main.o)
    0x000000c8   0x000000c8   0x0000003c   Code   RO         1174    !!!scatter          c_p.l(__scatter.o)
    0x00000104   0x00000104   0x0000001c   Code   RO         1176    !!handler_zi        c_p.l(__scatter_zi.o)
    0x00000120   0x00000120   0x00000002   Code   RO         1037    .ARM.Collect$$libinit$$00000000  c_p.l(libinit.o)
    0x00000122   0x00000122   0x00000000   Code   RO         1055    .ARM.Collect$$libinit$$00000002  c_p.l(libinit2.o)
    0x00000122   0x00000122   0x00000000   Code   RO         1057    .ARM.Collect$$libinit$$00000004  c_p.l(libinit2.o)
    0x00000122   0x00000122   0x00000000   Code   RO         1060    .ARM.Collect$$libinit$$0000000A  c_p.l(libinit2.o)
    0x00000122   0x00000122   0x00000000   Code   RO         1062    .ARM.Collect$$libinit$$0000000C  c_p.l(libinit2.o)
    0x00000122   0x00000122   0x00000000   Code   RO         1064    .ARM.Collect$$libinit$$0000000E  c_p.l(libinit2.o)
    0x00000122   0x00000122   0x00000000   Code   RO         1067    .ARM.Collect$$libinit$$00000011  c_p.l(libinit2.o)
    0x00000122   0x00000122   0x00000000   Code   RO         1069    .ARM.Collect$$libinit$$00000013  c_p.l(libinit2.o)
    0x00000122   0x00000122   0x00000000   Code   RO         1071    .ARM.Collect$$libinit$$00000015  c_p.l(libinit2.o)
    0x00000122   0x00000122   0x00000000   Code   RO         1073    .ARM.Collect$$libinit$$00000017  c_p.l(libinit2.o)
    0x00000122   0x00000122   0x00000000   Code   RO         1075    .ARM.Collect$$libinit$$00000019  c_p.l(libinit2.o)
    0x00000122   0x00000122   0x00000000   Code   RO         1077    .ARM.Collect$$libinit$$0000001B  c_p.l(libinit2.o)
    0x00000122   0x00000122   0x00000000   Code   RO         1079    .ARM.Collect$$libinit$$0000001D  c_p.l(libinit2.o)
    0x00000122   0x00000122   0x00000000   Code   RO         1081    .ARM.Collect$$libinit$$0000001F  c_p.l(libinit2.o)
    0x00000122   0x00000122   0x00000000   Code   RO         1083    .ARM.Collect$$libinit$$00000021  c_p.l(libinit2.o)
    0x00000122   0x00000122   0x00000000   Code   RO         1085    .ARM.Collect$$libinit$$00000023  c_p.l(libinit2.o)
    0x00000122   0x00000122   0x00000000   Code   RO         1087    .ARM.Collect$$libinit$$00000025  c_p.l(libinit2.o)
    0x00000122   0x00000122   0x00000000   Code   RO         1091    .ARM.Collect$$libinit$$0000002C  c_p.l(libinit2.o)
    0x00000122   0x00000122   0x00000000   Code   RO         1093    .ARM.Collect$$libinit$$0000002E  c_p.l(libinit2.o)
    0x00000122   0x00000122   0x00000000   Code   RO         1095    .ARM.Collect$$libinit$$00000030  c_p.l(libinit2.o)
    0x00000122   0x00000122   0x00000000   Code   RO         1097    .ARM.Collect$$libinit$$00000032  c_p.l(libinit2.o)
    0x00000122   0x00000122   0x00000002   Code   RO         1098    .ARM.Collect$$libinit$$00000033  c_p.l(libinit2.o)
    0x00000124   0x00000124   0x00000002   Code   RO         1131    .ARM.Collect$$libshutdown$$00000000  c_p.l(libshutdown.o)
    0x00000126   0x00000126   0x00000000   Code   RO         1157    .ARM.Collect$$libshutdown$$00000002  c_p.l(libshutdown2.o)
    0x00000126   0x00000126   0x00000000   Code   RO         1159    .ARM.Collect$$libshutdown$$00000004  c_p.l(libshutdown2.o)
    0x00000126   0x00000126   0x00000000   Code   RO         1162    .ARM.Collect$$libshutdown$$00000007  c_p.l(libshutdown2.o)
    0x00000126   0x00000126   0x00000000   Code   RO         1165    .ARM.Collect$$libshutdown$$0000000A  c_p.l(libshutdown2.o)
    0x00000126   0x00000126   0x00000000   Code   RO         1167    .ARM.Collect$$libshutdown$$0000000C  c_p.l(libshutdown2.o)
    0x00000126   0x00000126   0x00000000   Code   RO         1170    .ARM.Collect$$libshutdown$$0000000F  c_p.l(libshutdown2.o)
    0x00000126   0x00000126   0x00000002   Code   RO         1171    .ARM.Collect$$libshutdown$$00000010  c_p.l(libshutdown2.o)
    0x00000128   0x00000128   0x00000000   Code   RO          994    .ARM.Collect$$rtentry$$00000000  c_p.l(__rtentry.o)
    0x00000128   0x00000128   0x00000000   Code   RO         1005    .ARM.Collect$$rtentry$$00000002  c_p.l(__rtentry2.o)
    0x00000128   0x00000128   0x00000006   Code   RO         1017    .ARM.Collect$$rtentry$$00000004  c_p.l(__rtentry4.o)
    0x0000012e   0x0000012e   0x00000000   Code   RO         1007    .ARM.Collect$$rtentry$$00000009  c_p.l(__rtentry2.o)
    0x0000012e   0x0000012e   0x00000004   Code   RO         1008    .ARM.Collect$$rtentry$$0000000A  c_p.l(__rtentry2.o)
    0x00000132   0x00000132   0x00000000   Code   RO         1010    .ARM.Collect$$rtentry$$0000000C  c_p.l(__rtentry2.o)
    0x00000132   0x00000132   0x00000008   Code   RO         1011    .ARM.Collect$$rtentry$$0000000D  c_p.l(__rtentry2.o)
    0x0000013a   0x0000013a   0x00000002   Code   RO         1046    .ARM.Collect$$rtexit$$00000000  c_p.l(rtexit.o)
    0x0000013c   0x0000013c   0x00000000   Code   RO         1104    .ARM.Collect$$rtexit$$00000002  c_p.l(rtexit2.o)
    0x0000013c   0x0000013c   0x00000004   Code   RO         1105    .ARM.Collect$$rtexit$$00000003  c_p.l(rtexit2.o)
    0x00000140   0x00000140   0x00000006   Code   RO         1106    .ARM.Collect$$rtexit$$00000004  c_p.l(rtexit2.o)
    0x00000146   0x00000146   0x00000002   PAD
    0x00000148   0x00000148   0x00000040   Code   RO          932  * .text               startup_mkl25z4.o
    0x00000188   0x00000188   0x0000015a   Code   RO          976    .text               c_p.l(aeabi_sdiv.o)
    0x000002e2   0x000002e2   0x00000006   Code   RO          980    .text               c_p.l(heapauxi.o)
    0x000002e8   0x000002e8   0x0000003e   Code   RO         1023    .text               c_p.l(sys_stackheap_outer.o)
    0x00000326   0x00000326   0x00000010   Code   RO         1026    .text               c_p.l(exit.o)
    0x00000336   0x00000336   0x00000002   PAD
    0x00000338   0x00000338   0x00000008   Code   RO         1042    .text               c_p.l(libspace.o)
    0x00000340   0x00000340   0x0000000c   Code   RO         1101    .text               c_p.l(sys_exit.o)
    0x0000034c   0x0000034c   0x00000002   Code   RO         1120    .text               c_p.l(use_no_semi.o)
    0x0000034e   0x0000034e   0x00000000   Code   RO         1122    .text               c_p.l(indicate_semi.o)
    0x0000034e   0x0000034e   0x00000002   PAD
    0x00000350   0x00000350   0x00000080   Code   RO          497    i.Init_PIT          pit_functions.o
    0x000003d0   0x000003d0   0x0000002c   Code   RO          498    i.PIT_IRQHandler    pit_functions.o
    0x000003fc   0x000003fc   0x00000004   PAD
    0x00000400   0x00000400   0x00000010   Code   RO          931    .ARM.__at_0x400     startup_mkl25z4.o
    0x00000410   0x00000410   0x000001c0   Code   RO            4    i.Init_ADC          adc_functions.o
    0x000005d0   0x000005d0   0x00000124   Code   RO          593    i.PORTA_IRQHandler  switches.o
    0x000006f4   0x000006f4   0x00000010   Code   RO          669    i.Print_Newline     uart_functions.o
    0x00000704   0x00000704   0x00000044   Code   RO          670    i.Print_String      uart_functions.o
    0x00000748   0x00000748   0x00000020   Code   RO          881    i.Q_Init            queue_functions.o
    0x00000768   0x00000768   0x00000024   Code   RO          555    i.SPIsend           spi_functions.o
    0x0000078c   0x0000078c   0x00000068   Code   RO          556    i.SPIsendRec        spi_functions.o
    0x000007f4   0x000007f4   0x00000138   Code   RO          941    i.SystemInit        system_mkl25z4.o
    0x0000092c   0x0000092c   0x0000000e   Code   RO          643    i.TPM0_IRQHandler   tpm_functions.o
    0x0000093a   0x0000093a   0x00000024   Code   RO          817    i.Test_ADC          test_functions.o
    0x0000095e   0x0000095e   0x00000002   PAD
    0x00000960   0x00000960   0x00000054   Code   RO          818    i.Test_Mag          test_functions.o
    0x000009b4   0x000009b4   0x00000032   Code   RO          819    i.Test_Motors       test_functions.o
    0x000009e6   0x000009e6   0x00000002   PAD
    0x000009e8   0x000009e8   0x00000028   Code   RO          820    i.Test_UART         test_functions.o
    0x00000a10   0x00000a10   0x00000010   Code   RO          821    i.Test_USound       test_functions.o
    0x00000a20   0x00000a20   0x0000001c   Code   RO          672    i.UART2_IRQHandler  uart_functions.o
    0x00000a3c   0x00000a3c   0x0000000c   Code   RO          673    i.UART2_Transmit    uart_functions.o
    0x00000a48   0x00000a48   0x0000001c   Code   RO           41    i.__ARM_common_switch8  adc_functions.o
    0x00000a64   0x00000a64   0x00000018   Code   RO            5    i.__NVIC_ClearPendingIRQ  adc_functions.o
    0x00000a7c   0x00000a7c   0x00000018   Code   RO          501    i.__NVIC_ClearPendingIRQ  pit_functions.o
    0x00000a94   0x00000a94   0x00000018   Code   RO          594    i.__NVIC_ClearPendingIRQ  switches.o
    0x00000aac   0x00000aac   0x00000078   Code   RO            6    i.__NVIC_SetPriority  adc_functions.o
    0x00000b24   0x00000b24   0x00000078   Code   RO          502    i.__NVIC_SetPriority  pit_functions.o
    0x00000b9c   0x00000b9c   0x00000078   Code   RO          595    i.__NVIC_SetPriority  switches.o
    0x00000c14   0x00000c14   0x0000004c   Code   RO          183    i.control_RGB_LEDs  leds.o
    0x00000c60   0x00000c60   0x000000d8   Code   RO          184    i.control_White_LEDs  leds.o
    0x00000d38   0x00000d38   0x0000001a   Code   RO          138    i.delayMs           lcd_lib_4bit_20b.o
    0x00000d52   0x00000d52   0x0000000c   Code   RO          404    i.go_Backward       motor_functions.o
    0x00000d5e   0x00000d5e   0x0000000c   Code   RO          405    i.go_Forward        motor_functions.o
    0x00000d6a   0x00000d6a   0x00000002   PAD
    0x00000d6c   0x00000d6c   0x000001b0   Code   RO          185    i.init_LEDs         leds.o
    0x00000f1c   0x00000f1c   0x000000e0   Code   RO          237    i.init_Mag          mag_functions.o
    0x00000ffc   0x00000ffc   0x000000b0   Code   RO          558    i.init_SPI1         spi_functions.o
    0x000010ac   0x000010ac   0x0000015c   Code   RO          644    i.init_TPM          tpm_functions.o
    0x00001208   0x00001208   0x00000070   Code   RO          674    i.init_UART2        uart_functions.o
    0x00001278   0x00001278   0x000000d0   Code   RO          596    i.init_switch       switches.o
    0x00001348   0x00001348   0x0000001c   Code   RO          406    i.left_wheel_backward  motor_functions.o
    0x00001364   0x00001364   0x0000001c   Code   RO          407    i.left_wheel_forward  motor_functions.o
    0x00001380   0x00001380   0x0000001c   Code   RO          408    i.left_wheel_stop   motor_functions.o
    0x0000139c   0x0000139c   0x0000002c   Code   RO          774    i.main              main.o
    0x000013c8   0x000013c8   0x00000070   Code   RO          741    i.measure_distance  usound_functions.o
    0x00001438   0x00001438   0x00000060   Code   RO          675    i.print_base10      uart_functions.o
    0x00001498   0x00001498   0x0000001c   Code   RO          409    i.right_wheel_backward  motor_functions.o
    0x000014b4   0x000014b4   0x0000001c   Code   RO          410    i.right_wheel_forward  motor_functions.o
    0x000014d0   0x000014d0   0x0000001c   Code   RO          411    i.right_wheel_stop  motor_functions.o
    0x000014ec   0x000014ec   0x000000c8   Code   RO            7    i.scan_ADC          adc_functions.o
    0x000015b4   0x000015b4   0x0000000c   Code   RO          412    i.stop              motor_functions.o
    0x000015c0   0x000015c0   0x0000002c   Code   RO          186    i.toggle_RGB_LEDs   leds.o
    0x000015ec   0x000015ec   0x0000000c   Code   RO          413    i.turn_Left         motor_functions.o
    0x000015f8   0x000015f8   0x0000000c   Code   RO          414    i.turn_Right        motor_functions.o
    0x00001604   0x00001604   0x00000010   Data   RO         1172    Region$$Table       anon$$obj.o


    Execution Region ER_RW (Exec base: 0x1ffff000, Load base: 0x00001614, Size: 0x00000000, Max: 0xffffffff, ABSOLUTE)

    **** No section assigned to this execution region ****


    Execution Region ER_ZI (Exec base: 0x1ffff000, Load base: 0x00001614, Size: 0x00000270, Max: 0xffffffff, ABSOLUTE)

    Exec Addr    Load Addr    Size         Type   Attr      Idx    E Section Name        Object

    0x1ffff000        -       0x0000010c   Zero   RW          676    .bss                uart_functions.o
    0x1ffff10c        -       0x00000060   Zero   RW         1043    .bss                c_p.l(libspace.o)
    0x1ffff16c   0x00001614   0x00000004   PAD
    0x1ffff170        -       0x00000000   Zero   RW          929    HEAP                startup_mkl25z4.o
    0x1ffff170        -       0x00000100   Zero   RW          928    STACK               startup_mkl25z4.o


==============================================================================

Image component sizes


      Code (inc. data)   RO Data    RW Data    ZI Data      Debug   Object Name

       820         74          0          0          0     227498   adc_functions.o
        26          0          0          0          0        562   lcd_lib_4bit_20b.o
       768         40          0          0          0     214102   leds.o
       224         18          0          0          0     212083   mag_functions.o
        44          4          0          0          0        511   main.o
         0          0          0          0          0       1192   main_functions.o
       228         44          0          0          0       5712   motor_functions.o
       316         36          0          0          0       2396   pit_functions.o
        32          0          0          0          0       1145   queue_functions.o
       316         20          0          0          0       1679   spi_functions.o
        80         44        192          0        256       1068   startup_mkl25z4.o
       644         46          0          0          0      10433   switches.o
       312         46          0          0          0        673   system_mkl25z4.o
       226         20          0          0          0       2834   test_functions.o
       362         34          0          0          0       1089   tpm_functions.o
       332         42          0          0        268      12624   uart_functions.o
       112         10          0          0          0        687   usound_functions.o

    ----------------------------------------------------------------------
      4852        482        208          0        524     696288   Object Totals
         0          0         16          0          0          0   (incl. Generated)
        10          4          0          0          0          0   (incl. Padding)

    ----------------------------------------------------------------------

      Code (inc. data)   RO Data    RW Data    ZI Data      Debug   Library Member Name

         8          0          0          0          0         68   __main.o
         0          0          0          0          0          0   __rtentry.o
        12          0          0          0          0          0   __rtentry2.o
         6          0          0          0          0          0   __rtentry4.o
        60          8          0          0          0          0   __scatter.o
        28          0          0          0          0          0   __scatter_zi.o
       346          0          0          0          0         92   aeabi_sdiv.o
        16          0          0          0          0         68   exit.o
         6          0          0          0          0        136   heapauxi.o
         0          0          0          0          0          0   indicate_semi.o
         2          0          0          0          0          0   libinit.o
         2          0          0          0          0          0   libinit2.o
         2          0          0          0          0          0   libshutdown.o
         2          0          0          0          0          0   libshutdown2.o
         8          4          0          0         96         68   libspace.o
         2          0          0          0          0          0   rtexit.o
        10          0          0          0          0          0   rtexit2.o
        12          4          0          0          0         60   sys_exit.o
        62          0          0          0          0         80   sys_stackheap_outer.o
         2          0          0          0          0         68   use_no_semi.o

    ----------------------------------------------------------------------
       592         16          0          0        100        640   Library Totals
         6          0          0          0          4          0   (incl. Padding)

    ----------------------------------------------------------------------

      Code (inc. data)   RO Data    RW Data    ZI Data      Debug   Library Name

       586         16          0          0         96        640   c_p.l

    ----------------------------------------------------------------------
       592         16          0          0        100        640   Library Totals

    ----------------------------------------------------------------------

==============================================================================


      Code (inc. data)   RO Data    RW Data    ZI Data      Debug   

      5444        498        208          0        624     694604   Grand Totals
      5444        498        208          0        624     694604   ELF Image Totals
      5444        498        208          0          0          0   ROM Totals

==============================================================================

    Total RO  Size (Code + RO Data)                 5652 (   5.52kB)
    Total RW  Size (RW Data + ZI Data)               624 (   0.61kB)
    Total ROM Size (Code + RO Data + RW Data)       5652 (   5.52kB)

==============================================================================

